[2026-09-18 08:18:22] [Pipeline] Starting | pid=3625 | scenario=cross_subject | workers=1
[2026-09-18 08:18:22] [Pipeline] Params | main/feature_grid/params/cross_subject/params_eegmmidb.py
[2026-09-18 08:18:22] [Preprocessing] Starting...
/Users/edsonodake/Library/Mobile Documents/com~apple~CloudDocs/Documents/Doutorado/Code/2026/Code Paper 2 Git/EEG-Experiments/eeg/dataset_handlers/eegmmidb.py:210: RuntimeWarning: Limited 1 annotation(s) that were expanding outside the data range.
  raw = mne.io.read_raw_edf(
/Users/edsonodake/Library/Mobile Documents/com~apple~CloudDocs/Documents/Doutorado/Code/2026/Code Paper 2 Git/EEG-Experiments/eeg/dataset_handlers/eegmmidb.py:210: RuntimeWarning: Limited 1 annotation(s) that were expanding outside the data range.
  raw = mne.io.read_raw_edf(
/Users/edsonodake/Library/Mobile Documents/com~apple~CloudDocs/Documents/Doutorado/Code/2026/Code Paper 2 Git/EEG-Experiments/eeg/dataset_handlers/eegmmidb.py:210: RuntimeWarning: Limited 1 annotation(s) that were expanding outside the data range.
  raw = mne.io.read_raw_edf(
/Users/edsonodake/Library/Mobile Documents/com~apple~CloudDocs/Documents/Doutorado/Code/2026/Code Paper 2 Git/EEG-Experiments/eeg/dataset_handlers/eegmmidb.py:210: RuntimeWarning: Limited 1 annotation(s) that were expanding outside the data range.
  raw = mne.io.read_raw_edf(
/Users/edsonodake/Library/Mobile Documents/com~apple~CloudDocs/Documents/Doutorado/Code/2026/Code Paper 2 Git/EEG-Experiments/eeg/dataset_handlers/eegmmidb.py:210: RuntimeWarning: Limited 1 annotation(s) that were expanding outside the data range.
  raw = mne.io.read_raw_edf(
/Users/edsonodake/Library/Mobile Documents/com~apple~CloudDocs/Documents/Doutorado/Code/2026/Code Paper 2 Git/EEG-Experiments/eeg/dataset_handlers/eegmmidb.py:210: RuntimeWarning: Limited 1 annotation(s) that were expanding outside the data range.
  raw = mne.io.read_raw_edf(
/Users/edsonodake/Library/Mobile Documents/com~apple~CloudDocs/Documents/Doutorado/Code/2026/Code Paper 2 Git/EEG-Experiments/eeg/dataset_handlers/eegmmidb.py:210: RuntimeWarning: Limited 1 annotation(s) that were expanding outside the data range.
  raw = mne.io.read_raw_edf(
/Users/edsonodake/Library/Mobile Documents/com~apple~CloudDocs/Documents/Doutorado/Code/2026/Code Paper 2 Git/EEG-Experiments/eeg/dataset_handlers/eegmmidb.py:210: RuntimeWarning: Limited 1 annotation(s) that were expanding outside the data range.
  raw = mne.io.read_raw_edf(
/Users/edsonodake/Library/Mobile Documents/com~apple~CloudDocs/Documents/Doutorado/Code/2026/Code Paper 2 Git/EEG-Experiments/eeg/dataset_handlers/eegmmidb.py:210: RuntimeWarning: Limited 1 annotation(s) that were expanding outside the data range.
  raw = mne.io.read_raw_edf(
/Users/edsonodake/Library/Mobile Documents/com~apple~CloudDocs/Documents/Doutorado/Code/2026/Code Paper 2 Git/EEG-Experiments/eeg/dataset_handlers/eegmmidb.py:210: RuntimeWarning: Limited 1 annotation(s) that were expanding outside the data range.
  raw = mne.io.read_raw_edf(
/Users/edsonodake/Library/Mobile Documents/com~apple~CloudDocs/Documents/Doutorado/Code/2026/Code Paper 2 Git/EEG-Experiments/eeg/dataset_handlers/eegmmidb.py:210: RuntimeWarning: Limited 1 annotation(s) that were expanding outside the data range.
  raw = mne.io.read_raw_edf(
/Users/edsonodake/Library/Mobile Documents/com~apple~CloudDocs/Documents/Doutorado/Code/2026/Code Paper 2 Git/EEG-Experiments/eeg/dataset_handlers/eegmmidb.py:210: RuntimeWarning: Limited 1 annotation(s) that were expanding outside the data range.
  raw = mne.io.read_raw_edf(
/Users/edsonodake/Library/Mobile Documents/com~apple~CloudDocs/Documents/Doutorado/Code/2026/Code Paper 2 Git/EEG-Experiments/eeg/dataset_handlers/eegmmidb.py:210: RuntimeWarning: Limited 1 annotation(s) that were expanding outside the data range.
  raw = mne.io.read_raw_edf(
/Users/edsonodake/Library/Mobile Documents/com~apple~CloudDocs/Documents/Doutorado/Code/2026/Code Paper 2 Git/EEG-Experiments/eeg/dataset_handlers/eegmmidb.py:210: RuntimeWarning: Limited 1 annotation(s) that were expanding outside the data range.
  raw = mne.io.read_raw_edf(
/Users/edsonodake/Library/Mobile Documents/com~apple~CloudDocs/Documents/Doutorado/Code/2026/Code Paper 2 Git/EEG-Experiments/eeg/dataset_handlers/eegmmidb.py:210: RuntimeWarning: Limited 1 annotation(s) that were expanding outside the data range.
  raw = mne.io.read_raw_edf(
/Users/edsonodake/Library/Mobile Documents/com~apple~CloudDocs/Documents/Doutorado/Code/2026/Code Paper 2 Git/EEG-Experiments/eeg/dataset_handlers/eegmmidb.py:210: RuntimeWarning: Limited 1 annotation(s) that were expanding outside the data range.
  raw = mne.io.read_raw_edf(
/Users/edsonodake/Library/Mobile Documents/com~apple~CloudDocs/Documents/Doutorado/Code/2026/Code Paper 2 Git/EEG-Experiments/eeg/dataset_handlers/eegmmidb.py:210: RuntimeWarning: Limited 1 annotation(s) that were expanding outside the data range.
  raw = mne.io.read_raw_edf(
/Users/edsonodake/Library/Mobile Documents/com~apple~CloudDocs/Documents/Doutorado/Code/2026/Code Paper 2 Git/EEG-Experiments/eeg/dataset_handlers/eegmmidb.py:210: RuntimeWarning: Limited 1 annotation(s) that were expanding outside the data range.
  raw = mne.io.read_raw_edf(
[2026-09-18 08:21:45] [Preprocessing] Done | elapsed=3.4m
[2026-09-18 08:21:45] [Scenarios] Starting...
[2026-09-18 08:21:46] [Scenarios] Done | elapsed=1s
[2026-09-18 08:21:46] [Representation] Starting...
[2026-09-18 08:21:46] [Representation] Tasks=1308 | workers=1
[2026-09-18 08:21:46] [Representation task] Starting | pid=3625 | split=cross_subject_b48f6d0797cd | group=eegmmidb_cross_subject_broad_1_38 | representation=statistical__all_standard
[2026-09-18 08:22:29] [Representation task] Done | pid=3625 | split=cross_subject_b48f6d0797cd | group=eegmmidb_cross_subject_broad_1_38 | representation=statistical__all_standard | elapsed=43s
[2026-09-18 08:22:29] [Representation] Progress 1/1308 | remaining=1307 | elapsed=43s | eta≈15.64h
[2026-09-18 08:22:29] [Representation task] Starting | pid=3625 | split=cross_subject_b48f6d0797cd | group=eegmmidb_cross_subject_broad_1_38 | representation=temporal__all_standard
[2026-09-18 08:22:47] [Representation task] Done | pid=3625 | split=cross_subject_b48f6d0797cd | group=eegmmidb_cross_subject_broad_1_38 | representation=temporal__all_standard | elapsed=18s
[2026-09-18 08:22:47] [Representation] Progress 2/1308 | remaining=1306 | elapsed=1.0m | eta≈11.04h
[2026-09-18 08:22:47] [Representation task] Starting | pid=3625 | split=cross_subject_b48f6d0797cd | group=eegmmidb_cross_subject_broad_1_38 | representation=csp_6__all_standard
[2026-09-18 08:23:10] [Representation task] Done | pid=3625 | split=cross_subject_b48f6d0797cd | group=eegmmidb_cross_subject_broad_1_38 | representation=csp_6__all_standard | elapsed=23s
[2026-09-18 08:23:10] [Representation] Progress 3/1308 | remaining=1305 | elapsed=1.4m | eta≈10.10h
[2026-09-18 08:23:10] [Representation task] Starting | pid=3625 | split=cross_subject_b48f6d0797cd | group=eegmmidb_cross_subject_broad_1_38 | representation=standardized_signal
[2026-09-18 08:23:22] [Representation task] Done | pid=3625 | split=cross_subject_b48f6d0797cd | group=eegmmidb_cross_subject_broad_1_38 | representation=standardized_signal | elapsed=12s
[2026-09-18 08:23:22] [Representation] Progress 4/1308 | remaining=1304 | elapsed=1.6m | eta≈8.64h
[2026-09-18 08:23:22] [Representation task] Starting | pid=3625 | split=cross_subject_1d73471a7790 | group=eegmmidb_cross_subject_broad_1_38 | representation=statistical__all_standard
[2026-09-18 08:23:49] [Representation task] Done | pid=3625 | split=cross_subject_1d73471a7790 | group=eegmmidb_cross_subject_broad_1_38 | representation=statistical__all_standard | elapsed=27s
[2026-09-18 08:23:49] [Representation] Progress 5/1308 | remaining=1303 | elapsed=2.0m | eta≈8.88h
[2026-09-18 08:23:49] [Representation task] Starting | pid=3625 | split=cross_subject_1d73471a7790 | group=eegmmidb_cross_subject_broad_1_38 | representation=temporal__all_standard
[2026-09-18 08:24:04] [Representation task] Done | pid=3625 | split=cross_subject_1d73471a7790 | group=eegmmidb_cross_subject_broad_1_38 | representation=temporal__all_standard | elapsed=15s
[2026-09-18 08:24:04] [Representation] Progress 6/1308 | remaining=1302 | elapsed=2.3m | eta≈8.29h
[2026-09-18 08:24:04] [Representation task] Starting | pid=3625 | split=cross_subject_1d73471a7790 | group=eegmmidb_cross_subject_broad_1_38 | representation=csp_6__all_standard
[2026-09-18 08:24:59] [Representation task] Done | pid=3625 | split=cross_subject_1d73471a7790 | group=eegmmidb_cross_subject_broad_1_38 | representation=csp_6__all_standard | elapsed=56s
[2026-09-18 08:24:59] [Representation] Progress 7/1308 | remaining=1301 | elapsed=3.2m | eta≈9.98h
[2026-09-18 08:24:59] [Representation task] Starting | pid=3625 | split=cross_subject_1d73471a7790 | group=eegmmidb_cross_subject_broad_1_38 | representation=standardized_signal
[2026-09-18 08:25:13] [Representation task] Done | pid=3625 | split=cross_subject_1d73471a7790 | group=eegmmidb_cross_subject_broad_1_38 | representation=standardized_signal | elapsed=13s
[2026-09-18 08:25:13] [Representation] Progress 8/1308 | remaining=1300 | elapsed=3.4m | eta≈9.32h
[2026-09-18 08:25:13] [Representation task] Starting | pid=3625 | split=cross_subject_1bd936e8f057 | group=eegmmidb_cross_subject_broad_1_38 | representation=statistical__all_standard
[2026-09-18 08:25:45] [Representation task] Done | pid=3625 | split=cross_subject_1bd936e8f057 | group=eegmmidb_cross_subject_broad_1_38 | representation=statistical__all_standard | elapsed=32s
[2026-09-18 08:25:45] [Representation] Progress 9/1308 | remaining=1299 | elapsed=4.0m | eta≈9.57h
[2026-09-18 08:25:45] [Representation task] Starting | pid=3625 | split=cross_subject_1bd936e8f057 | group=eegmmidb_cross_subject_broad_1_38 | representation=temporal__all_standard
[2026-09-18 08:25:58] [Representation task] Done | pid=3625 | split=cross_subject_1bd936e8f057 | group=eegmmidb_cross_subject_broad_1_38 | representation=temporal__all_standard | elapsed=13s
[2026-09-18 08:25:58] [Representation] Progress 10/1308 | remaining=1298 | elapsed=4.2m | eta≈9.08h
[2026-09-18 08:25:58] [Representation task] Starting | pid=3625 | split=cross_subject_1bd936e8f057 | group=eegmmidb_cross_subject_broad_1_38 | representation=csp_6__all_standard
[2026-09-18 08:26:21] [Representation task] Done | pid=3625 | split=cross_subject_1bd936e8f057 | group=eegmmidb_cross_subject_broad_1_38 | representation=csp_6__all_standard | elapsed=23s
[2026-09-18 08:26:21] [Representation] Progress 11/1308 | remaining=1297 | elapsed=4.6m | eta≈8.99h
[2026-09-18 08:26:21] [Representation task] Starting | pid=3625 | split=cross_subject_1bd936e8f057 | group=eegmmidb_cross_subject_broad_1_38 | representation=standardized_signal
[2026-09-18 08:26:33] [Representation task] Done | pid=3625 | split=cross_subject_1bd936e8f057 | group=eegmmidb_cross_subject_broad_1_38 | representation=standardized_signal | elapsed=12s
[2026-09-18 08:26:33] [Representation] Progress 12/1308 | remaining=1296 | elapsed=4.8m | eta≈8.59h
[2026-09-18 08:26:33] [Representation task] Starting | pid=3625 | split=cross_subject_90875065a4f6 | group=eegmmidb_cross_subject_broad_1_38 | representation=statistical__all_standard
[2026-09-18 08:26:58] [Representation task] Done | pid=3625 | split=cross_subject_90875065a4f6 | group=eegmmidb_cross_subject_broad_1_38 | representation=statistical__all_standard | elapsed=25s
[2026-09-18 08:26:58] [Representation] Progress 13/1308 | remaining=1295 | elapsed=5.2m | eta≈8.62h
[2026-09-18 08:26:58] [Representation task] Starting | pid=3625 | split=cross_subject_90875065a4f6 | group=eegmmidb_cross_subject_broad_1_38 | representation=temporal__all_standard
[2026-09-18 08:27:09] [Representation task] Done | pid=3625 | split=cross_subject_90875065a4f6 | group=eegmmidb_cross_subject_broad_1_38 | representation=temporal__all_standard | elapsed=12s
[2026-09-18 08:27:09] [Representation] Progress 14/1308 | remaining=1294 | elapsed=5.4m | eta≈8.29h
[2026-09-18 08:27:09] [Representation task] Starting | pid=3625 | split=cross_subject_90875065a4f6 | group=eegmmidb_cross_subject_broad_1_38 | representation=csp_6__all_standard
[2026-09-18 08:27:28] [Representation task] Done | pid=3625 | split=cross_subject_90875065a4f6 | group=eegmmidb_cross_subject_broad_1_38 | representation=csp_6__all_standard | elapsed=19s
[2026-09-18 08:27:28] [Representation] Progress 15/1308 | remaining=1293 | elapsed=5.7m | eta≈8.19h
[2026-09-18 08:27:28] [Representation task] Starting | pid=3625 | split=cross_subject_90875065a4f6 | group=eegmmidb_cross_subject_broad_1_38 | representation=standardized_signal
[2026-09-18 08:27:39] [Representation task] Done | pid=3625 | split=cross_subject_90875065a4f6 | group=eegmmidb_cross_subject_broad_1_38 | representation=standardized_signal | elapsed=10s
[2026-09-18 08:27:39] [Representation] Progress 16/1308 | remaining=1292 | elapsed=5.9m | eta≈7.91h
[2026-09-18 08:27:39] [Representation task] Starting | pid=3625 | split=cross_subject_dba037ed19db | group=eegmmidb_cross_subject_broad_1_38 | representation=statistical__all_standard
[2026-09-18 08:28:10] [Representation task] Done | pid=3625 | split=cross_subject_dba037ed19db | group=eegmmidb_cross_subject_broad_1_38 | representation=statistical__all_standard | elapsed=31s
[2026-09-18 08:28:10] [Representation] Progress 17/1308 | remaining=1291 | elapsed=6.4m | eta≈8.09h
[2026-09-18 08:28:10] [Representation task] Starting | pid=3625 | split=cross_subject_dba037ed19db | group=eegmmidb_cross_subject_broad_1_38 | representation=temporal__all_standard
[2026-09-18 08:28:24] [Representation task] Done | pid=3625 | split=cross_subject_dba037ed19db | group=eegmmidb_cross_subject_broad_1_38 | representation=temporal__all_standard | elapsed=14s
[2026-09-18 08:28:24] [Representation] Progress 18/1308 | remaining=1290 | elapsed=6.6m | eta≈7.91h
[2026-09-18 08:28:24] [Representation task] Starting | pid=3625 | split=cross_subject_dba037ed19db | group=eegmmidb_cross_subject_broad_1_38 | representation=csp_6__all_standard
[2026-09-18 08:28:51] [Representation task] Done | pid=3625 | split=cross_subject_dba037ed19db | group=eegmmidb_cross_subject_broad_1_38 | representation=csp_6__all_standard | elapsed=28s
[2026-09-18 08:28:51] [Representation] Progress 19/1308 | remaining=1289 | elapsed=7.1m | eta≈8.01h
[2026-09-18 08:28:51] [Representation task] Starting | pid=3625 | split=cross_subject_dba037ed19db | group=eegmmidb_cross_subject_broad_1_38 | representation=standardized_signal
[2026-09-18 08:29:03] [Representation task] Done | pid=3625 | split=cross_subject_dba037ed19db | group=eegmmidb_cross_subject_broad_1_38 | representation=standardized_signal | elapsed=11s
[2026-09-18 08:29:03] [Representation] Progress 20/1308 | remaining=1288 | elapsed=7.3m | eta≈7.81h
[2026-09-18 08:29:03] [Representation task] Starting | pid=3625 | split=cross_subject_b4b381f69f64 | group=eegmmidb_cross_subject_broad_1_38 | representation=statistical__all_standard
[2026-09-18 08:29:35] [Representation task] Done | pid=3625 | split=cross_subject_b4b381f69f64 | group=eegmmidb_cross_subject_broad_1_38 | representation=statistical__all_standard | elapsed=33s
[2026-09-18 08:29:35] [Representation] Progress 21/1308 | remaining=1287 | elapsed=7.8m | eta≈7.99h
[2026-09-18 08:29:35] [Representation task] Starting | pid=3625 | split=cross_subject_b4b381f69f64 | group=eegmmidb_cross_subject_broad_1_38 | representation=temporal__all_standard
[2026-09-18 08:29:49] [Representation task] Done | pid=3625 | split=cross_subject_b4b381f69f64 | group=eegmmidb_cross_subject_broad_1_38 | representation=temporal__all_standard | elapsed=14s
[2026-09-18 08:29:49] [Representation] Progress 22/1308 | remaining=1286 | elapsed=8.1m | eta≈7.85h
[2026-09-18 08:29:49] [Representation task] Starting | pid=3625 | split=cross_subject_b4b381f69f64 | group=eegmmidb_cross_subject_broad_1_38 | representation=csp_6__all_standard
[2026-09-18 08:30:45] [Representation task] Done | pid=3625 | split=cross_subject_b4b381f69f64 | group=eegmmidb_cross_subject_broad_1_38 | representation=csp_6__all_standard | elapsed=55s
[2026-09-18 08:30:45] [Representation] Progress 23/1308 | remaining=1285 | elapsed=9.0m | eta≈8.36h
[2026-09-18 08:30:45] [Representation task] Starting | pid=3625 | split=cross_subject_b4b381f69f64 | group=eegmmidb_cross_subject_broad_1_38 | representation=standardized_signal
[2026-09-18 08:30:55] [Representation task] Done | pid=3625 | split=cross_subject_b4b381f69f64 | group=eegmmidb_cross_subject_broad_1_38 | representation=standardized_signal | elapsed=10s
[2026-09-18 08:30:55] [Representation] Progress 24/1308 | remaining=1284 | elapsed=9.1m | eta≈8.15h
[2026-09-18 08:30:55] [Representation task] Starting | pid=3625 | split=cross_subject_937c41877f9b | group=eegmmidb_cross_subject_broad_1_38 | representation=statistical__all_standard
[2026-09-18 08:31:26] [Representation task] Done | pid=3625 | split=cross_subject_937c41877f9b | group=eegmmidb_cross_subject_broad_1_38 | representation=statistical__all_standard | elapsed=31s
[2026-09-18 08:31:26] [Representation] Progress 25/1308 | remaining=1283 | elapsed=9.7m | eta≈8.27h
[2026-09-18 08:31:26] [Representation task] Starting | pid=3625 | split=cross_subject_937c41877f9b | group=eegmmidb_cross_subject_broad_1_38 | representation=temporal__all_standard
[2026-09-18 08:31:38] [Representation task] Done | pid=3625 | split=cross_subject_937c41877f9b | group=eegmmidb_cross_subject_broad_1_38 | representation=temporal__all_standard | elapsed=12s
[2026-09-18 08:31:38] [Representation] Progress 26/1308 | remaining=1282 | elapsed=9.9m | eta≈8.10h
[2026-09-18 08:31:38] [Representation task] Starting | pid=3625 | split=cross_subject_937c41877f9b | group=eegmmidb_cross_subject_broad_1_38 | representation=csp_6__all_standard
[2026-09-18 08:32:06] [Representation task] Done | pid=3625 | split=cross_subject_937c41877f9b | group=eegmmidb_cross_subject_broad_1_38 | representation=csp_6__all_standard | elapsed=28s
[2026-09-18 08:32:06] [Representation] Progress 27/1308 | remaining=1281 | elapsed=10.3m | eta≈8.17h
[2026-09-18 08:32:06] [Representation task] Starting | pid=3625 | split=cross_subject_937c41877f9b | group=eegmmidb_cross_subject_broad_1_38 | representation=standardized_signal
[2026-09-18 08:32:18] [Representation task] Done | pid=3625 | split=cross_subject_937c41877f9b | group=eegmmidb_cross_subject_broad_1_38 | representation=standardized_signal | elapsed=12s
[2026-09-18 08:32:18] [Representation] Progress 28/1308 | remaining=1280 | elapsed=10.5m | eta≈8.02h
[2026-09-18 08:32:18] [Representation task] Starting | pid=3625 | split=cross_subject_2cc7a66f71df | group=eegmmidb_cross_subject_broad_1_38 | representation=statistical__all_standard
[2026-09-18 08:32:53] [Representation task] Done | pid=3625 | split=cross_subject_2cc7a66f71df | group=eegmmidb_cross_subject_broad_1_38 | representation=statistical__all_standard | elapsed=36s
[2026-09-18 08:32:53] [Representation] Progress 29/1308 | remaining=1279 | elapsed=11.1m | eta≈8.17h
[2026-09-18 08:32:53] [Representation task] Starting | pid=3625 | split=cross_subject_2cc7a66f71df | group=eegmmidb_cross_subject_broad_1_38 | representation=temporal__all_standard
[2026-09-18 08:33:03] [Representation task] Done | pid=3625 | split=cross_subject_2cc7a66f71df | group=eegmmidb_cross_subject_broad_1_38 | representation=temporal__all_standard | elapsed=9s
[2026-09-18 08:33:03] [Representation] Progress 30/1308 | remaining=1278 | elapsed=11.3m | eta≈8.00h
[2026-09-18 08:33:03] [Representation task] Starting | pid=3625 | split=cross_subject_2cc7a66f71df | group=eegmmidb_cross_subject_broad_1_38 | representation=csp_6__all_standard
[2026-09-18 08:33:26] [Representation task] Done | pid=3625 | split=cross_subject_2cc7a66f71df | group=eegmmidb_cross_subject_broad_1_38 | representation=csp_6__all_standard | elapsed=23s
[2026-09-18 08:33:26] [Representation] Progress 31/1308 | remaining=1277 | elapsed=11.7m | eta≈8.01h
[2026-09-18 08:33:26] [Representation task] Starting | pid=3625 | split=cross_subject_2cc7a66f71df | group=eegmmidb_cross_subject_broad_1_38 | representation=standardized_signal
[2026-09-18 08:33:38] [Representation task] Done | pid=3625 | split=cross_subject_2cc7a66f71df | group=eegmmidb_cross_subject_broad_1_38 | representation=standardized_signal | elapsed=12s
[2026-09-18 08:33:38] [Representation] Progress 32/1308 | remaining=1276 | elapsed=11.9m | eta≈7.88h
[2026-09-18 08:33:38] [Representation task] Starting | pid=3625 | split=cross_subject_4d6c517aa197 | group=eegmmidb_cross_subject_broad_1_38 | representation=statistical__all_standard
[2026-09-18 08:34:08] [Representation task] Done | pid=3625 | split=cross_subject_4d6c517aa197 | group=eegmmidb_cross_subject_broad_1_38 | representation=statistical__all_standard | elapsed=30s
[2026-09-18 08:34:08] [Representation] Progress 33/1308 | remaining=1275 | elapsed=12.4m | eta≈7.97h
[2026-09-18 08:34:08] [Representation task] Starting | pid=3625 | split=cross_subject_4d6c517aa197 | group=eegmmidb_cross_subject_broad_1_38 | representation=temporal__all_standard
[2026-09-18 08:34:20] [Representation task] Done | pid=3625 | split=cross_subject_4d6c517aa197 | group=eegmmidb_cross_subject_broad_1_38 | representation=temporal__all_standard | elapsed=11s
[2026-09-18 08:34:20] [Representation] Progress 34/1308 | remaining=1274 | elapsed=12.6m | eta≈7.84h
[2026-09-18 08:34:20] [Representation task] Starting | pid=3625 | split=cross_subject_4d6c517aa197 | group=eegmmidb_cross_subject_broad_1_38 | representation=csp_6__all_standard
[2026-09-18 08:34:43] [Representation task] Done | pid=3625 | split=cross_subject_4d6c517aa197 | group=eegmmidb_cross_subject_broad_1_38 | representation=csp_6__all_standard | elapsed=23s
[2026-09-18 08:34:43] [Representation] Progress 35/1308 | remaining=1273 | elapsed=12.9m | eta≈7.85h
[2026-09-18 08:34:43] [Representation task] Starting | pid=3625 | split=cross_subject_4d6c517aa197 | group=eegmmidb_cross_subject_broad_1_38 | representation=standardized_signal
[2026-09-18 08:34:56] [Representation task] Done | pid=3625 | split=cross_subject_4d6c517aa197 | group=eegmmidb_cross_subject_broad_1_38 | representation=standardized_signal | elapsed=13s
[2026-09-18 08:34:56] [Representation] Progress 36/1308 | remaining=1272 | elapsed=13.2m | eta≈7.75h
[2026-09-18 08:34:56] [Representation task] Starting | pid=3625 | split=cross_subject_69cb795b8336 | group=eegmmidb_cross_subject_broad_1_38 | representation=statistical__all_standard
[2026-09-18 08:35:25] [Representation task] Done | pid=3625 | split=cross_subject_69cb795b8336 | group=eegmmidb_cross_subject_broad_1_38 | representation=statistical__all_standard | elapsed=29s
[2026-09-18 08:35:25] [Representation] Progress 37/1308 | remaining=1271 | elapsed=13.6m | eta≈7.81h
[2026-09-18 08:35:25] [Representation task] Starting | pid=3625 | split=cross_subject_69cb795b8336 | group=eegmmidb_cross_subject_broad_1_38 | representation=temporal__all_standard
[2026-09-18 08:35:39] [Representation task] Done | pid=3625 | split=cross_subject_69cb795b8336 | group=eegmmidb_cross_subject_broad_1_38 | representation=temporal__all_standard | elapsed=14s
[2026-09-18 08:35:39] [Representation] Progress 38/1308 | remaining=1270 | elapsed=13.9m | eta≈7.73h
[2026-09-18 08:35:39] [Representation task] Starting | pid=3625 | split=cross_subject_69cb795b8336 | group=eegmmidb_cross_subject_broad_1_38 | representation=csp_6__all_standard
[2026-09-18 08:36:28] [Representation task] Done | pid=3625 | split=cross_subject_69cb795b8336 | group=eegmmidb_cross_subject_broad_1_38 | representation=csp_6__all_standard | elapsed=49s
[2026-09-18 08:36:28] [Representation] Progress 39/1308 | remaining=1269 | elapsed=14.7m | eta≈7.97h
[2026-09-18 08:36:28] [Representation task] Starting | pid=3625 | split=cross_subject_69cb795b8336 | group=eegmmidb_cross_subject_broad_1_38 | representation=standardized_signal
[2026-09-18 08:36:38] [Representation task] Done | pid=3625 | split=cross_subject_69cb795b8336 | group=eegmmidb_cross_subject_broad_1_38 | representation=standardized_signal | elapsed=10s
[2026-09-18 08:36:38] [Representation] Progress 40/1308 | remaining=1268 | elapsed=14.9m | eta≈7.85h
[2026-09-18 08:36:38] [Representation task] Starting | pid=3625 | split=cross_subject_f2d723c77722 | group=eegmmidb_cross_subject_broad_1_38 | representation=statistical__all_standard
[2026-09-18 08:37:06] [Representation task] Done | pid=3625 | split=cross_subject_f2d723c77722 | group=eegmmidb_cross_subject_broad_1_38 | representation=statistical__all_standard | elapsed=27s
[2026-09-18 08:37:06] [Representation] Progress 41/1308 | remaining=1267 | elapsed=15.3m | eta≈7.89h
[2026-09-18 08:37:06] [Representation task] Starting | pid=3625 | split=cross_subject_f2d723c77722 | group=eegmmidb_cross_subject_broad_1_38 | representation=temporal__all_standard
[2026-09-18 08:37:29] [Representation task] Done | pid=3625 | split=cross_subject_f2d723c77722 | group=eegmmidb_cross_subject_broad_1_38 | representation=temporal__all_standard | elapsed=23s
[2026-09-18 08:37:29] [Representation] Progress 42/1308 | remaining=1266 | elapsed=15.7m | eta≈7.89h
[2026-09-18 08:37:29] [Representation task] Starting | pid=3625 | split=cross_subject_f2d723c77722 | group=eegmmidb_cross_subject_broad_1_38 | representation=csp_6__all_standard
[2026-09-18 08:37:53] [Representation task] Done | pid=3625 | split=cross_subject_f2d723c77722 | group=eegmmidb_cross_subject_broad_1_38 | representation=csp_6__all_standard | elapsed=25s
[2026-09-18 08:37:53] [Representation] Progress 43/1308 | remaining=1265 | elapsed=16.1m | eta≈7.90h
[2026-09-18 08:37:53] [Representation task] Starting | pid=3625 | split=cross_subject_f2d723c77722 | group=eegmmidb_cross_subject_broad_1_38 | representation=standardized_signal
[2026-09-18 08:39:36] [Representation task] Done | pid=3625 | split=cross_subject_f2d723c77722 | group=eegmmidb_cross_subject_broad_1_38 | representation=standardized_signal | elapsed=1.7m
[2026-09-18 08:39:36] [Representation] Progress 44/1308 | remaining=1264 | elapsed=17.8m | eta≈8.54h
[2026-09-18 08:39:36] [Representation task] Starting | pid=3625 | split=cross_subject_d29d21584928 | group=eegmmidb_cross_subject_broad_1_38 | representation=statistical__all_standard
[2026-09-18 08:40:04] [Representation task] Done | pid=3625 | split=cross_subject_d29d21584928 | group=eegmmidb_cross_subject_broad_1_38 | representation=statistical__all_standard | elapsed=28s
[2026-09-18 08:40:04] [Representation] Progress 45/1308 | remaining=1263 | elapsed=18.3m | eta≈8.56h
[2026-09-18 08:40:04] [Representation task] Starting | pid=3625 | split=cross_subject_d29d21584928 | group=eegmmidb_cross_subject_broad_1_38 | representation=temporal__all_standard
[2026-09-18 08:40:18] [Representation task] Done | pid=3625 | split=cross_subject_d29d21584928 | group=eegmmidb_cross_subject_broad_1_38 | representation=temporal__all_standard | elapsed=14s
[2026-09-18 08:40:18] [Representation] Progress 46/1308 | remaining=1262 | elapsed=18.5m | eta≈8.48h
[2026-09-18 08:40:18] [Representation task] Starting | pid=3625 | split=cross_subject_d29d21584928 | group=eegmmidb_cross_subject_broad_1_38 | representation=csp_6__all_standard
[2026-09-18 08:40:47] [Representation task] Done | pid=3625 | split=cross_subject_d29d21584928 | group=eegmmidb_cross_subject_broad_1_38 | representation=csp_6__all_standard | elapsed=29s
[2026-09-18 08:40:47] [Representation] Progress 47/1308 | remaining=1261 | elapsed=19.0m | eta≈8.50h
[2026-09-18 08:40:47] [Representation task] Starting | pid=3625 | split=cross_subject_d29d21584928 | group=eegmmidb_cross_subject_broad_1_38 | representation=standardized_signal
[2026-09-18 08:41:00] [Representation task] Done | pid=3625 | split=cross_subject_d29d21584928 | group=eegmmidb_cross_subject_broad_1_38 | representation=standardized_signal | elapsed=13s
[2026-09-18 08:41:00] [Representation] Progress 48/1308 | remaining=1260 | elapsed=19.2m | eta≈8.42h
[2026-09-18 08:41:00] [Representation task] Starting | pid=3625 | split=cross_subject_8a9fb99a4b82 | group=eegmmidb_cross_subject_broad_1_38 | representation=statistical__all_standard
[2026-09-18 08:41:33] [Representation task] Done | pid=3625 | split=cross_subject_8a9fb99a4b82 | group=eegmmidb_cross_subject_broad_1_38 | representation=statistical__all_standard | elapsed=32s
[2026-09-18 08:41:33] [Representation] Progress 49/1308 | remaining=1259 | elapsed=19.8m | eta≈8.47h
[2026-09-18 08:41:33] [Representation task] Starting | pid=3625 | split=cross_subject_8a9fb99a4b82 | group=eegmmidb_cross_subject_broad_1_38 | representation=temporal__all_standard
[2026-09-18 08:41:44] [Representation task] Done | pid=3625 | split=cross_subject_8a9fb99a4b82 | group=eegmmidb_cross_subject_broad_1_38 | representation=temporal__all_standard | elapsed=11s
[2026-09-18 08:41:44] [Representation] Progress 50/1308 | remaining=1258 | elapsed=20.0m | eta≈8.37h
[2026-09-18 08:41:44] [Representation task] Starting | pid=3625 | split=cross_subject_8a9fb99a4b82 | group=eegmmidb_cross_subject_broad_1_38 | representation=csp_6__all_standard
[2026-09-18 08:42:09] [Representation task] Done | pid=3625 | split=cross_subject_8a9fb99a4b82 | group=eegmmidb_cross_subject_broad_1_38 | representation=csp_6__all_standard | elapsed=25s
[2026-09-18 08:42:09] [Representation] Progress 51/1308 | remaining=1257 | elapsed=20.4m | eta≈8.37h
[2026-09-18 08:42:09] [Representation task] Starting | pid=3625 | split=cross_subject_8a9fb99a4b82 | group=eegmmidb_cross_subject_broad_1_38 | representation=standardized_signal
[2026-09-18 08:42:23] [Representation task] Done | pid=3625 | split=cross_subject_8a9fb99a4b82 | group=eegmmidb_cross_subject_broad_1_38 | representation=standardized_signal | elapsed=14s
[2026-09-18 08:42:23] [Representation] Progress 52/1308 | remaining=1256 | elapsed=20.6m | eta≈8.30h
[2026-09-18 08:42:23] [Representation task] Starting | pid=3625 | split=cross_subject_39bc6c7c678f | group=eegmmidb_cross_subject_broad_1_38 | representation=statistical__all_standard
[2026-09-18 08:42:57] [Representation task] Done | pid=3625 | split=cross_subject_39bc6c7c678f | group=eegmmidb_cross_subject_broad_1_38 | representation=statistical__all_standard | elapsed=34s
[2026-09-18 08:42:57] [Representation] Progress 53/1308 | remaining=1255 | elapsed=21.2m | eta≈8.36h
[2026-09-18 08:42:57] [Representation task] Starting | pid=3625 | split=cross_subject_39bc6c7c678f | group=eegmmidb_cross_subject_broad_1_38 | representation=temporal__all_standard
[2026-09-18 08:43:05] [Representation task] Done | pid=3625 | split=cross_subject_39bc6c7c678f | group=eegmmidb_cross_subject_broad_1_38 | representation=temporal__all_standard | elapsed=9s
[2026-09-18 08:43:05] [Representation] Progress 54/1308 | remaining=1254 | elapsed=21.3m | eta≈8.25h
[2026-09-18 08:43:05] [Representation task] Starting | pid=3625 | split=cross_subject_39bc6c7c678f | group=eegmmidb_cross_subject_broad_1_38 | representation=csp_6__all_standard
[2026-09-18 08:43:29] [Representation task] Done | pid=3625 | split=cross_subject_39bc6c7c678f | group=eegmmidb_cross_subject_broad_1_38 | representation=csp_6__all_standard | elapsed=24s
[2026-09-18 08:43:29] [Representation] Progress 55/1308 | remaining=1253 | elapsed=21.7m | eta≈8.25h
[2026-09-18 08:43:29] [Representation task] Starting | pid=3625 | split=cross_subject_39bc6c7c678f | group=eegmmidb_cross_subject_broad_1_38 | representation=standardized_signal
[2026-09-18 08:43:40] [Representation task] Done | pid=3625 | split=cross_subject_39bc6c7c678f | group=eegmmidb_cross_subject_broad_1_38 | representation=standardized_signal | elapsed=11s
[2026-09-18 08:43:40] [Representation] Progress 56/1308 | remaining=1252 | elapsed=21.9m | eta≈8.16h
[2026-09-18 08:43:40] [Representation task] Starting | pid=3625 | split=cross_subject_7982b4acb4d7 | group=eegmmidb_cross_subject_broad_1_38 | representation=statistical__all_standard
[2026-09-18 08:44:09] [Representation task] Done | pid=3625 | split=cross_subject_7982b4acb4d7 | group=eegmmidb_cross_subject_broad_1_38 | representation=statistical__all_standard | elapsed=29s
[2026-09-18 08:44:09] [Representation] Progress 57/1308 | remaining=1251 | elapsed=22.4m | eta≈8.19h
[2026-09-18 08:44:09] [Representation task] Starting | pid=3625 | split=cross_subject_7982b4acb4d7 | group=eegmmidb_cross_subject_broad_1_38 | representation=temporal__all_standard
[2026-09-18 08:44:22] [Representation task] Done | pid=3625 | split=cross_subject_7982b4acb4d7 | group=eegmmidb_cross_subject_broad_1_38 | representation=temporal__all_standard | elapsed=13s
[2026-09-18 08:44:22] [Representation] Progress 58/1308 | remaining=1250 | elapsed=22.6m | eta≈8.11h
[2026-09-18 08:44:22] [Representation task] Starting | pid=3625 | split=cross_subject_7982b4acb4d7 | group=eegmmidb_cross_subject_broad_1_38 | representation=csp_6__all_standard
[2026-09-18 08:44:46] [Representation task] Done | pid=3625 | split=cross_subject_7982b4acb4d7 | group=eegmmidb_cross_subject_broad_1_38 | representation=csp_6__all_standard | elapsed=25s
[2026-09-18 08:44:46] [Representation] Progress 59/1308 | remaining=1249 | elapsed=23.0m | eta≈8.12h
[2026-09-18 08:44:46] [Representation task] Starting | pid=3625 | split=cross_subject_7982b4acb4d7 | group=eegmmidb_cross_subject_broad_1_38 | representation=standardized_signal
[2026-09-18 08:44:57] [Representation task] Done | pid=3625 | split=cross_subject_7982b4acb4d7 | group=eegmmidb_cross_subject_broad_1_38 | representation=standardized_signal | elapsed=11s
[2026-09-18 08:44:57] [Representation] Progress 60/1308 | remaining=1248 | elapsed=23.2m | eta≈8.04h
[2026-09-18 08:44:57] [Representation task] Starting | pid=3625 | split=cross_subject_30646eb32cbc | group=eegmmidb_cross_subject_broad_1_38 | representation=statistical__all_standard
[2026-09-18 08:45:28] [Representation task] Done | pid=3625 | split=cross_subject_30646eb32cbc | group=eegmmidb_cross_subject_broad_1_38 | representation=statistical__all_standard | elapsed=31s
[2026-09-18 08:45:28] [Representation] Progress 61/1308 | remaining=1247 | elapsed=23.7m | eta≈8.08h
[2026-09-18 08:45:28] [Representation task] Starting | pid=3625 | split=cross_subject_30646eb32cbc | group=eegmmidb_cross_subject_broad_1_38 | representation=temporal__all_standard
[2026-09-18 08:45:41] [Representation task] Done | pid=3625 | split=cross_subject_30646eb32cbc | group=eegmmidb_cross_subject_broad_1_38 | representation=temporal__all_standard | elapsed=13s
[2026-09-18 08:45:41] [Representation] Progress 62/1308 | remaining=1246 | elapsed=23.9m | eta≈8.01h
[2026-09-18 08:45:41] [Representation task] Starting | pid=3625 | split=cross_subject_30646eb32cbc | group=eegmmidb_cross_subject_broad_1_38 | representation=csp_6__all_standard
[2026-09-18 08:46:06] [Representation task] Done | pid=3625 | split=cross_subject_30646eb32cbc | group=eegmmidb_cross_subject_broad_1_38 | representation=csp_6__all_standard | elapsed=25s
[2026-09-18 08:46:06] [Representation] Progress 63/1308 | remaining=1245 | elapsed=24.3m | eta≈8.02h
[2026-09-18 08:46:06] [Representation task] Starting | pid=3625 | split=cross_subject_30646eb32cbc | group=eegmmidb_cross_subject_broad_1_38 | representation=standardized_signal
[2026-09-18 08:46:17] [Representation task] Done | pid=3625 | split=cross_subject_30646eb32cbc | group=eegmmidb_cross_subject_broad_1_38 | representation=standardized_signal | elapsed=10s
[2026-09-18 08:46:17] [Representation] Progress 64/1308 | remaining=1244 | elapsed=24.5m | eta≈7.94h
[2026-09-18 08:46:17] [Representation task] Starting | pid=3625 | split=cross_subject_e45f9af2ae19 | group=eegmmidb_cross_subject_broad_1_38 | representation=statistical__all_standard
[2026-09-18 08:46:46] [Representation task] Done | pid=3625 | split=cross_subject_e45f9af2ae19 | group=eegmmidb_cross_subject_broad_1_38 | representation=statistical__all_standard | elapsed=29s
[2026-09-18 08:46:46] [Representation] Progress 65/1308 | remaining=1243 | elapsed=25.0m | eta≈7.97h
[2026-09-18 08:46:46] [Representation task] Starting | pid=3625 | split=cross_subject_e45f9af2ae19 | group=eegmmidb_cross_subject_broad_1_38 | representation=temporal__all_standard
[2026-09-18 08:46:55] [Representation task] Done | pid=3625 | split=cross_subject_e45f9af2ae19 | group=eegmmidb_cross_subject_broad_1_38 | representation=temporal__all_standard | elapsed=9s
[2026-09-18 08:46:55] [Representation] Progress 66/1308 | remaining=1242 | elapsed=25.1m | eta≈7.88h
[2026-09-18 08:46:55] [Representation task] Starting | pid=3625 | split=cross_subject_e45f9af2ae19 | group=eegmmidb_cross_subject_broad_1_38 | representation=csp_6__all_standard
[2026-09-18 08:47:19] [Representation task] Done | pid=3625 | split=cross_subject_e45f9af2ae19 | group=eegmmidb_cross_subject_broad_1_38 | representation=csp_6__all_standard | elapsed=25s
[2026-09-18 08:47:19] [Representation] Progress 67/1308 | remaining=1241 | elapsed=25.6m | eta≈7.89h
[2026-09-18 08:47:19] [Representation task] Starting | pid=3625 | split=cross_subject_e45f9af2ae19 | group=eegmmidb_cross_subject_broad_1_38 | representation=standardized_signal
[2026-09-18 08:47:32] [Representation task] Done | pid=3625 | split=cross_subject_e45f9af2ae19 | group=eegmmidb_cross_subject_broad_1_38 | representation=standardized_signal | elapsed=12s
[2026-09-18 08:47:32] [Representation] Progress 68/1308 | remaining=1240 | elapsed=25.8m | eta≈7.83h
[2026-09-18 08:47:32] [Representation task] Starting | pid=3625 | split=cross_subject_b79d87cd4ad6 | group=eegmmidb_cross_subject_broad_1_38 | representation=statistical__all_standard
[2026-09-18 08:48:00] [Representation task] Done | pid=3625 | split=cross_subject_b79d87cd4ad6 | group=eegmmidb_cross_subject_broad_1_38 | representation=statistical__all_standard | elapsed=28s
[2026-09-18 08:48:00] [Representation] Progress 69/1308 | remaining=1239 | elapsed=26.2m | eta≈7.85h
[2026-09-18 08:48:00] [Representation task] Starting | pid=3625 | split=cross_subject_b79d87cd4ad6 | group=eegmmidb_cross_subject_broad_1_38 | representation=temporal__all_standard
[2026-09-18 08:48:09] [Representation task] Done | pid=3625 | split=cross_subject_b79d87cd4ad6 | group=eegmmidb_cross_subject_broad_1_38 | representation=temporal__all_standard | elapsed=9s
[2026-09-18 08:48:09] [Representation] Progress 70/1308 | remaining=1238 | elapsed=26.4m | eta≈7.78h
[2026-09-18 08:48:09] [Representation task] Starting | pid=3625 | split=cross_subject_b79d87cd4ad6 | group=eegmmidb_cross_subject_broad_1_38 | representation=csp_6__all_standard
[2026-09-18 08:48:34] [Representation task] Done | pid=3625 | split=cross_subject_b79d87cd4ad6 | group=eegmmidb_cross_subject_broad_1_38 | representation=csp_6__all_standard | elapsed=25s
[2026-09-18 08:48:34] [Representation] Progress 71/1308 | remaining=1237 | elapsed=26.8m | eta≈7.78h
[2026-09-18 08:48:34] [Representation task] Starting | pid=3625 | split=cross_subject_b79d87cd4ad6 | group=eegmmidb_cross_subject_broad_1_38 | representation=standardized_signal
[2026-09-18 08:48:44] [Representation task] Done | pid=3625 | split=cross_subject_b79d87cd4ad6 | group=eegmmidb_cross_subject_broad_1_38 | representation=standardized_signal | elapsed=11s
[2026-09-18 08:48:44] [Representation] Progress 72/1308 | remaining=1236 | elapsed=27.0m | eta≈7.72h
[2026-09-18 08:48:44] [Representation task] Starting | pid=3625 | split=cross_subject_c02367eb9ac2 | group=eegmmidb_cross_subject_broad_1_38 | representation=statistical__all_standard
[2026-09-18 08:49:18] [Representation task] Done | pid=3625 | split=cross_subject_c02367eb9ac2 | group=eegmmidb_cross_subject_broad_1_38 | representation=statistical__all_standard | elapsed=34s
[2026-09-18 08:49:18] [Representation] Progress 73/1308 | remaining=1235 | elapsed=27.5m | eta≈7.76h
[2026-09-18 08:49:18] [Representation task] Starting | pid=3625 | split=cross_subject_c02367eb9ac2 | group=eegmmidb_cross_subject_broad_1_38 | representation=temporal__all_standard
[2026-09-18 08:49:29] [Representation task] Done | pid=3625 | split=cross_subject_c02367eb9ac2 | group=eegmmidb_cross_subject_broad_1_38 | representation=temporal__all_standard | elapsed=11s
[2026-09-18 08:49:29] [Representation] Progress 74/1308 | remaining=1234 | elapsed=27.7m | eta≈7.70h
[2026-09-18 08:49:29] [Representation task] Starting | pid=3625 | split=cross_subject_c02367eb9ac2 | group=eegmmidb_cross_subject_broad_1_38 | representation=csp_6__all_standard
[2026-09-18 08:49:54] [Representation task] Done | pid=3625 | split=cross_subject_c02367eb9ac2 | group=eegmmidb_cross_subject_broad_1_38 | representation=csp_6__all_standard | elapsed=25s
[2026-09-18 08:49:54] [Representation] Progress 75/1308 | remaining=1233 | elapsed=28.1m | eta≈7.71h
[2026-09-18 08:49:54] [Representation task] Starting | pid=3625 | split=cross_subject_c02367eb9ac2 | group=eegmmidb_cross_subject_broad_1_38 | representation=standardized_signal
[2026-09-18 08:50:03] [Representation task] Done | pid=3625 | split=cross_subject_c02367eb9ac2 | group=eegmmidb_cross_subject_broad_1_38 | representation=standardized_signal | elapsed=10s
[2026-09-18 08:50:03] [Representation] Progress 76/1308 | remaining=1232 | elapsed=28.3m | eta≈7.64h
[2026-09-18 08:50:03] [Representation task] Starting | pid=3625 | split=cross_subject_76bfc5bef85b | group=eegmmidb_cross_subject_broad_1_38 | representation=statistical__all_standard
[2026-09-18 08:50:32] [Representation task] Done | pid=3625 | split=cross_subject_76bfc5bef85b | group=eegmmidb_cross_subject_broad_1_38 | representation=statistical__all_standard | elapsed=29s
[2026-09-18 08:50:32] [Representation] Progress 77/1308 | remaining=1231 | elapsed=28.8m | eta≈7.67h
[2026-09-18 08:50:32] [Representation task] Starting | pid=3625 | split=cross_subject_76bfc5bef85b | group=eegmmidb_cross_subject_broad_1_38 | representation=temporal__all_standard
[2026-09-18 08:50:41] [Representation task] Done | pid=3625 | split=cross_subject_76bfc5bef85b | group=eegmmidb_cross_subject_broad_1_38 | representation=temporal__all_standard | elapsed=9s
[2026-09-18 08:50:41] [Representation] Progress 78/1308 | remaining=1230 | elapsed=28.9m | eta≈7.60h
[2026-09-18 08:50:41] [Representation task] Starting | pid=3625 | split=cross_subject_76bfc5bef85b | group=eegmmidb_cross_subject_broad_1_38 | representation=csp_6__all_standard
[2026-09-18 08:51:04] [Representation task] Done | pid=3625 | split=cross_subject_76bfc5bef85b | group=eegmmidb_cross_subject_broad_1_38 | representation=csp_6__all_standard | elapsed=23s
[2026-09-18 08:51:04] [Representation] Progress 79/1308 | remaining=1229 | elapsed=29.3m | eta≈7.60h
[2026-09-18 08:51:04] [Representation task] Starting | pid=3625 | split=cross_subject_76bfc5bef85b | group=eegmmidb_cross_subject_broad_1_38 | representation=standardized_signal
[2026-09-18 08:51:15] [Representation task] Done | pid=3625 | split=cross_subject_76bfc5bef85b | group=eegmmidb_cross_subject_broad_1_38 | representation=standardized_signal | elapsed=11s
[2026-09-18 08:51:15] [Representation] Progress 80/1308 | remaining=1228 | elapsed=29.5m | eta≈7.54h
[2026-09-18 08:51:15] [Representation task] Starting | pid=3625 | split=cross_subject_1d93ac8eec49 | group=eegmmidb_cross_subject_broad_1_38 | representation=statistical__all_standard
[2026-09-18 08:51:51] [Representation task] Done | pid=3625 | split=cross_subject_1d93ac8eec49 | group=eegmmidb_cross_subject_broad_1_38 | representation=statistical__all_standard | elapsed=36s
[2026-09-18 08:51:51] [Representation] Progress 81/1308 | remaining=1227 | elapsed=30.1m | eta≈7.59h
[2026-09-18 08:51:51] [Representation task] Starting | pid=3625 | split=cross_subject_1d93ac8eec49 | group=eegmmidb_cross_subject_broad_1_38 | representation=temporal__all_standard
[2026-09-18 08:52:00] [Representation task] Done | pid=3625 | split=cross_subject_1d93ac8eec49 | group=eegmmidb_cross_subject_broad_1_38 | representation=temporal__all_standard | elapsed=9s
[2026-09-18 08:52:00] [Representation] Progress 82/1308 | remaining=1226 | elapsed=30.2m | eta≈7.53h
[2026-09-18 08:52:00] [Representation task] Starting | pid=3625 | split=cross_subject_1d93ac8eec49 | group=eegmmidb_cross_subject_broad_1_38 | representation=csp_6__all_standard
[2026-09-18 08:52:24] [Representation task] Done | pid=3625 | split=cross_subject_1d93ac8eec49 | group=eegmmidb_cross_subject_broad_1_38 | representation=csp_6__all_standard | elapsed=25s
[2026-09-18 08:52:24] [Representation] Progress 83/1308 | remaining=1225 | elapsed=30.6m | eta≈7.54h
[2026-09-18 08:52:24] [Representation task] Starting | pid=3625 | split=cross_subject_1d93ac8eec49 | group=eegmmidb_cross_subject_broad_1_38 | representation=standardized_signal
[2026-09-18 08:52:37] [Representation task] Done | pid=3625 | split=cross_subject_1d93ac8eec49 | group=eegmmidb_cross_subject_broad_1_38 | representation=standardized_signal | elapsed=12s
[2026-09-18 08:52:37] [Representation] Progress 84/1308 | remaining=1224 | elapsed=30.8m | eta≈7.49h
[2026-09-18 08:52:37] [Representation task] Starting | pid=3625 | split=cross_subject_feb5929ebbaf | group=eegmmidb_cross_subject_broad_1_38 | representation=statistical__all_standard
[2026-09-18 08:53:02] [Representation task] Done | pid=3625 | split=cross_subject_feb5929ebbaf | group=eegmmidb_cross_subject_broad_1_38 | representation=statistical__all_standard | elapsed=25s
[2026-09-18 08:53:02] [Representation] Progress 85/1308 | remaining=1223 | elapsed=31.3m | eta≈7.50h
[2026-09-18 08:53:02] [Representation task] Starting | pid=3625 | split=cross_subject_feb5929ebbaf | group=eegmmidb_cross_subject_broad_1_38 | representation=temporal__all_standard
[2026-09-18 08:53:16] [Representation task] Done | pid=3625 | split=cross_subject_feb5929ebbaf | group=eegmmidb_cross_subject_broad_1_38 | representation=temporal__all_standard | elapsed=14s
[2026-09-18 08:53:16] [Representation] Progress 86/1308 | remaining=1222 | elapsed=31.5m | eta≈7.46h
[2026-09-18 08:53:16] [Representation task] Starting | pid=3625 | split=cross_subject_feb5929ebbaf | group=eegmmidb_cross_subject_broad_1_38 | representation=csp_6__all_standard
[2026-09-18 08:53:45] [Representation task] Done | pid=3625 | split=cross_subject_feb5929ebbaf | group=eegmmidb_cross_subject_broad_1_38 | representation=csp_6__all_standard | elapsed=29s
[2026-09-18 08:53:45] [Representation] Progress 87/1308 | remaining=1221 | elapsed=32.0m | eta≈7.48h
[2026-09-18 08:53:45] [Representation task] Starting | pid=3625 | split=cross_subject_feb5929ebbaf | group=eegmmidb_cross_subject_broad_1_38 | representation=standardized_signal
[2026-09-18 08:53:56] [Representation task] Done | pid=3625 | split=cross_subject_feb5929ebbaf | group=eegmmidb_cross_subject_broad_1_38 | representation=standardized_signal | elapsed=11s
[2026-09-18 08:53:56] [Representation] Progress 88/1308 | remaining=1220 | elapsed=32.2m | eta≈7.43h
[2026-09-18 08:53:56] [Representation task] Starting | pid=3625 | split=cross_subject_e57b85bd57f4 | group=eegmmidb_cross_subject_broad_1_38 | representation=statistical__all_standard
[2026-09-18 08:54:29] [Representation task] Done | pid=3625 | split=cross_subject_e57b85bd57f4 | group=eegmmidb_cross_subject_broad_1_38 | representation=statistical__all_standard | elapsed=32s
[2026-09-18 08:54:29] [Representation] Progress 89/1308 | remaining=1219 | elapsed=32.7m | eta≈7.47h
[2026-09-18 08:54:29] [Representation task] Starting | pid=3625 | split=cross_subject_e57b85bd57f4 | group=eegmmidb_cross_subject_broad_1_38 | representation=temporal__all_standard
[2026-09-18 08:54:42] [Representation task] Done | pid=3625 | split=cross_subject_e57b85bd57f4 | group=eegmmidb_cross_subject_broad_1_38 | representation=temporal__all_standard | elapsed=13s
[2026-09-18 08:54:42] [Representation] Progress 90/1308 | remaining=1218 | elapsed=32.9m | eta≈7.43h
[2026-09-18 08:54:42] [Representation task] Starting | pid=3625 | split=cross_subject_e57b85bd57f4 | group=eegmmidb_cross_subject_broad_1_38 | representation=csp_6__all_standard
[2026-09-18 08:55:06] [Representation task] Done | pid=3625 | split=cross_subject_e57b85bd57f4 | group=eegmmidb_cross_subject_broad_1_38 | representation=csp_6__all_standard | elapsed=25s
[2026-09-18 08:55:06] [Representation] Progress 91/1308 | remaining=1217 | elapsed=33.3m | eta≈7.43h
[2026-09-18 08:55:06] [Representation task] Starting | pid=3625 | split=cross_subject_e57b85bd57f4 | group=eegmmidb_cross_subject_broad_1_38 | representation=standardized_signal
[2026-09-18 08:56:29] [Representation task] Done | pid=3625 | split=cross_subject_e57b85bd57f4 | group=eegmmidb_cross_subject_broad_1_38 | representation=standardized_signal | elapsed=1.4m
[2026-09-18 08:56:29] [Representation] Progress 92/1308 | remaining=1216 | elapsed=34.7m | eta≈7.65h
[2026-09-18 08:56:29] [Representation task] Starting | pid=3625 | split=cross_subject_5082801300a1 | group=eegmmidb_cross_subject_broad_1_38 | representation=statistical__all_standard
[2026-09-18 08:56:58] [Representation task] Done | pid=3625 | split=cross_subject_5082801300a1 | group=eegmmidb_cross_subject_broad_1_38 | representation=statistical__all_standard | elapsed=29s
[2026-09-18 08:56:58] [Representation] Progress 93/1308 | remaining=1215 | elapsed=35.2m | eta≈7.66h
[2026-09-18 08:56:58] [Representation task] Starting | pid=3625 | split=cross_subject_5082801300a1 | group=eegmmidb_cross_subject_broad_1_38 | representation=temporal__all_standard
[2026-09-18 08:57:11] [Representation task] Done | pid=3625 | split=cross_subject_5082801300a1 | group=eegmmidb_cross_subject_broad_1_38 | representation=temporal__all_standard | elapsed=12s
[2026-09-18 08:57:11] [Representation] Progress 94/1308 | remaining=1214 | elapsed=35.4m | eta≈7.62h
[2026-09-18 08:57:11] [Representation task] Starting | pid=3625 | split=cross_subject_5082801300a1 | group=eegmmidb_cross_subject_broad_1_38 | representation=csp_6__all_standard
[2026-09-18 08:57:38] [Representation task] Done | pid=3625 | split=cross_subject_5082801300a1 | group=eegmmidb_cross_subject_broad_1_38 | representation=csp_6__all_standard | elapsed=27s
[2026-09-18 08:57:38] [Representation] Progress 95/1308 | remaining=1213 | elapsed=35.9m | eta≈7.63h
[2026-09-18 08:57:38] [Representation task] Starting | pid=3625 | split=cross_subject_5082801300a1 | group=eegmmidb_cross_subject_broad_1_38 | representation=standardized_signal
[2026-09-18 08:57:49] [Representation task] Done | pid=3625 | split=cross_subject_5082801300a1 | group=eegmmidb_cross_subject_broad_1_38 | representation=standardized_signal | elapsed=12s
[2026-09-18 08:57:49] [Representation] Progress 96/1308 | remaining=1212 | elapsed=36.1m | eta≈7.59h
[2026-09-18 08:57:49] [Representation task] Starting | pid=3625 | split=cross_subject_3a4061c9dc02 | group=eegmmidb_cross_subject_broad_1_38 | representation=statistical__all_standard
[2026-09-18 08:58:19] [Representation task] Done | pid=3625 | split=cross_subject_3a4061c9dc02 | group=eegmmidb_cross_subject_broad_1_38 | representation=statistical__all_standard | elapsed=30s
[2026-09-18 08:58:19] [Representation] Progress 97/1308 | remaining=1211 | elapsed=36.6m | eta≈7.61h
[2026-09-18 08:58:19] [Representation task] Starting | pid=3625 | split=cross_subject_3a4061c9dc02 | group=eegmmidb_cross_subject_broad_1_38 | representation=temporal__all_standard
[2026-09-18 08:58:33] [Representation task] Done | pid=3625 | split=cross_subject_3a4061c9dc02 | group=eegmmidb_cross_subject_broad_1_38 | representation=temporal__all_standard | elapsed=13s
[2026-09-18 08:58:33] [Representation] Progress 98/1308 | remaining=1210 | elapsed=36.8m | eta≈7.57h
[2026-09-18 08:58:33] [Representation task] Starting | pid=3625 | split=cross_subject_3a4061c9dc02 | group=eegmmidb_cross_subject_broad_1_38 | representation=csp_6__all_standard
[2026-09-18 08:59:01] [Representation task] Done | pid=3625 | split=cross_subject_3a4061c9dc02 | group=eegmmidb_cross_subject_broad_1_38 | representation=csp_6__all_standard | elapsed=28s
[2026-09-18 08:59:01] [Representation] Progress 99/1308 | remaining=1209 | elapsed=37.2m | eta≈7.58h
[2026-09-18 08:59:01] [Representation task] Starting | pid=3625 | split=cross_subject_3a4061c9dc02 | group=eegmmidb_cross_subject_broad_1_38 | representation=standardized_signal
[2026-09-18 08:59:12] [Representation task] Done | pid=3625 | split=cross_subject_3a4061c9dc02 | group=eegmmidb_cross_subject_broad_1_38 | representation=standardized_signal | elapsed=11s
[2026-09-18 08:59:12] [Representation] Progress 100/1308 | remaining=1208 | elapsed=37.4m | eta≈7.53h
[2026-09-18 08:59:12] [Representation task] Starting | pid=3625 | split=cross_subject_f27d93f2ef39 | group=eegmmidb_cross_subject_broad_1_38 | representation=statistical__all_standard
[2026-09-18 08:59:42] [Representation task] Done | pid=3625 | split=cross_subject_f27d93f2ef39 | group=eegmmidb_cross_subject_broad_1_38 | representation=statistical__all_standard | elapsed=31s
[2026-09-18 08:59:42] [Representation] Progress 101/1308 | remaining=1207 | elapsed=37.9m | eta≈7.56h
[2026-09-18 08:59:42] [Representation task] Starting | pid=3625 | split=cross_subject_f27d93f2ef39 | group=eegmmidb_cross_subject_broad_1_38 | representation=temporal__all_standard
[2026-09-18 08:59:55] [Representation task] Done | pid=3625 | split=cross_subject_f27d93f2ef39 | group=eegmmidb_cross_subject_broad_1_38 | representation=temporal__all_standard | elapsed=13s
[2026-09-18 08:59:55] [Representation] Progress 102/1308 | remaining=1206 | elapsed=38.2m | eta≈7.52h
[2026-09-18 08:59:55] [Representation task] Starting | pid=3625 | split=cross_subject_f27d93f2ef39 | group=eegmmidb_cross_subject_broad_1_38 | representation=csp_6__all_standard
[2026-09-18 09:01:18] [Representation task] Done | pid=3625 | split=cross_subject_f27d93f2ef39 | group=eegmmidb_cross_subject_broad_1_38 | representation=csp_6__all_standard | elapsed=1.4m
[2026-09-18 09:01:18] [Representation] Progress 103/1308 | remaining=1205 | elapsed=39.5m | eta≈7.71h
[2026-09-18 09:01:18] [Representation task] Starting | pid=3625 | split=cross_subject_f27d93f2ef39 | group=eegmmidb_cross_subject_broad_1_38 | representation=standardized_signal
[2026-09-18 09:01:28] [Representation task] Done | pid=3625 | split=cross_subject_f27d93f2ef39 | group=eegmmidb_cross_subject_broad_1_38 | representation=standardized_signal | elapsed=10s
[2026-09-18 09:01:28] [Representation] Progress 104/1308 | remaining=1204 | elapsed=39.7m | eta≈7.66h
[2026-09-18 09:01:28] [Representation task] Starting | pid=3625 | split=cross_subject_4f4bd23ae03b | group=eegmmidb_cross_subject_broad_1_38 | representation=statistical__all_standard
[2026-09-18 09:01:54] [Representation task] Done | pid=3625 | split=cross_subject_4f4bd23ae03b | group=eegmmidb_cross_subject_broad_1_38 | representation=statistical__all_standard | elapsed=26s
[2026-09-18 09:01:54] [Representation] Progress 105/1308 | remaining=1203 | elapsed=40.1m | eta≈7.66h
[2026-09-18 09:01:54] [Representation task] Starting | pid=3625 | split=cross_subject_4f4bd23ae03b | group=eegmmidb_cross_subject_broad_1_38 | representation=temporal__all_standard
[2026-09-18 09:02:07] [Representation task] Done | pid=3625 | split=cross_subject_4f4bd23ae03b | group=eegmmidb_cross_subject_broad_1_38 | representation=temporal__all_standard | elapsed=13s
[2026-09-18 09:02:07] [Representation] Progress 106/1308 | remaining=1202 | elapsed=40.3m | eta≈7.63h
[2026-09-18 09:02:07] [Representation task] Starting | pid=3625 | split=cross_subject_4f4bd23ae03b | group=eegmmidb_cross_subject_broad_1_38 | representation=csp_6__all_standard
[2026-09-18 09:02:35] [Representation task] Done | pid=3625 | split=cross_subject_4f4bd23ae03b | group=eegmmidb_cross_subject_broad_1_38 | representation=csp_6__all_standard | elapsed=28s
[2026-09-18 09:02:35] [Representation] Progress 107/1308 | remaining=1201 | elapsed=40.8m | eta≈7.63h
[2026-09-18 09:02:35] [Representation task] Starting | pid=3625 | split=cross_subject_4f4bd23ae03b | group=eegmmidb_cross_subject_broad_1_38 | representation=standardized_signal
[2026-09-18 09:02:46] [Representation task] Done | pid=3625 | split=cross_subject_4f4bd23ae03b | group=eegmmidb_cross_subject_broad_1_38 | representation=standardized_signal | elapsed=11s
[2026-09-18 09:02:46] [Representation] Progress 108/1308 | remaining=1200 | elapsed=41.0m | eta≈7.59h
[2026-09-18 09:02:46] [Representation task] Starting | pid=3625 | split=cross_subject_3e1a118aeb4f | group=eegmmidb_cross_subject_broad_1_38 | representation=statistical__all_standard
[2026-09-18 09:03:12] [Representation task] Done | pid=3625 | split=cross_subject_3e1a118aeb4f | group=eegmmidb_cross_subject_broad_1_38 | representation=statistical__all_standard | elapsed=26s
[2026-09-18 09:03:12] [Representation] Progress 109/1308 | remaining=1199 | elapsed=41.4m | eta≈7.59h
[2026-09-18 09:03:12] [Representation task] Starting | pid=3625 | split=cross_subject_3e1a118aeb4f | group=eegmmidb_cross_subject_broad_1_38 | representation=temporal__all_standard
[2026-09-18 09:03:26] [Representation task] Done | pid=3625 | split=cross_subject_3e1a118aeb4f | group=eegmmidb_cross_subject_broad_1_38 | representation=temporal__all_standard | elapsed=14s
[2026-09-18 09:03:26] [Representation] Progress 110/1308 | remaining=1198 | elapsed=41.7m | eta≈7.56h
[2026-09-18 09:03:26] [Representation task] Starting | pid=3625 | split=cross_subject_3e1a118aeb4f | group=eegmmidb_cross_subject_broad_1_38 | representation=csp_6__all_standard
[2026-09-18 09:03:49] [Representation task] Done | pid=3625 | split=cross_subject_3e1a118aeb4f | group=eegmmidb_cross_subject_broad_1_38 | representation=csp_6__all_standard | elapsed=24s
[2026-09-18 09:03:49] [Representation] Progress 111/1308 | remaining=1197 | elapsed=42.0m | eta≈7.56h
[2026-09-18 09:03:49] [Representation task] Starting | pid=3625 | split=cross_subject_3e1a118aeb4f | group=eegmmidb_cross_subject_broad_1_38 | representation=standardized_signal
[2026-09-18 09:04:00] [Representation task] Done | pid=3625 | split=cross_subject_3e1a118aeb4f | group=eegmmidb_cross_subject_broad_1_38 | representation=standardized_signal | elapsed=11s
[2026-09-18 09:04:00] [Representation] Progress 112/1308 | remaining=1196 | elapsed=42.2m | eta≈7.52h
[2026-09-18 09:04:00] [Representation task] Starting | pid=3625 | split=cross_subject_c210b87d3163 | group=eegmmidb_cross_subject_broad_1_38 | representation=statistical__all_standard
[2026-09-18 09:04:30] [Representation task] Done | pid=3625 | split=cross_subject_c210b87d3163 | group=eegmmidb_cross_subject_broad_1_38 | representation=statistical__all_standard | elapsed=30s
[2026-09-18 09:04:30] [Representation] Progress 113/1308 | remaining=1195 | elapsed=42.7m | eta≈7.53h
[2026-09-18 09:04:30] [Representation task] Starting | pid=3625 | split=cross_subject_c210b87d3163 | group=eegmmidb_cross_subject_broad_1_38 | representation=temporal__all_standard
[2026-09-18 09:04:43] [Representation task] Done | pid=3625 | split=cross_subject_c210b87d3163 | group=eegmmidb_cross_subject_broad_1_38 | representation=temporal__all_standard | elapsed=13s
[2026-09-18 09:04:43] [Representation] Progress 114/1308 | remaining=1194 | elapsed=42.9m | eta≈7.50h
[2026-09-18 09:04:43] [Representation task] Starting | pid=3625 | split=cross_subject_c210b87d3163 | group=eegmmidb_cross_subject_broad_1_38 | representation=csp_6__all_standard
[2026-09-18 09:05:11] [Representation task] Done | pid=3625 | split=cross_subject_c210b87d3163 | group=eegmmidb_cross_subject_broad_1_38 | representation=csp_6__all_standard | elapsed=28s
[2026-09-18 09:05:11] [Representation] Progress 115/1308 | remaining=1193 | elapsed=43.4m | eta≈7.50h
[2026-09-18 09:05:11] [Representation task] Starting | pid=3625 | split=cross_subject_c210b87d3163 | group=eegmmidb_cross_subject_broad_1_38 | representation=standardized_signal
[2026-09-18 09:05:24] [Representation task] Done | pid=3625 | split=cross_subject_c210b87d3163 | group=eegmmidb_cross_subject_broad_1_38 | representation=standardized_signal | elapsed=14s
[2026-09-18 09:05:24] [Representation] Progress 116/1308 | remaining=1192 | elapsed=43.6m | eta≈7.47h
[2026-09-18 09:05:24] [Representation task] Starting | pid=3625 | split=cross_subject_c404d55cae04 | group=eegmmidb_cross_subject_broad_1_38 | representation=statistical__all_standard
[2026-09-18 09:05:54] [Representation task] Done | pid=3625 | split=cross_subject_c404d55cae04 | group=eegmmidb_cross_subject_broad_1_38 | representation=statistical__all_standard | elapsed=29s
[2026-09-18 09:05:54] [Representation] Progress 117/1308 | remaining=1191 | elapsed=44.1m | eta≈7.49h
[2026-09-18 09:05:54] [Representation task] Starting | pid=3625 | split=cross_subject_c404d55cae04 | group=eegmmidb_cross_subject_broad_1_38 | representation=temporal__all_standard
[2026-09-18 09:06:05] [Representation task] Done | pid=3625 | split=cross_subject_c404d55cae04 | group=eegmmidb_cross_subject_broad_1_38 | representation=temporal__all_standard | elapsed=11s
[2026-09-18 09:06:05] [Representation] Progress 118/1308 | remaining=1190 | elapsed=44.3m | eta≈7.45h
[2026-09-18 09:06:05] [Representation task] Starting | pid=3625 | split=cross_subject_c404d55cae04 | group=eegmmidb_cross_subject_broad_1_38 | representation=csp_6__all_standard
[2026-09-18 09:06:32] [Representation task] Done | pid=3625 | split=cross_subject_c404d55cae04 | group=eegmmidb_cross_subject_broad_1_38 | representation=csp_6__all_standard | elapsed=27s
[2026-09-18 09:06:32] [Representation] Progress 119/1308 | remaining=1189 | elapsed=44.8m | eta≈7.45h
[2026-09-18 09:06:32] [Representation task] Starting | pid=3625 | split=cross_subject_c404d55cae04 | group=eegmmidb_cross_subject_broad_1_38 | representation=standardized_signal
[2026-09-18 09:06:46] [Representation task] Done | pid=3625 | split=cross_subject_c404d55cae04 | group=eegmmidb_cross_subject_broad_1_38 | representation=standardized_signal | elapsed=13s
[2026-09-18 09:06:46] [Representation] Progress 120/1308 | remaining=1188 | elapsed=45.0m | eta≈7.42h
[2026-09-18 09:06:46] [Representation task] Starting | pid=3625 | split=cross_subject_a9a5f2ca27b0 | group=eegmmidb_cross_subject_broad_1_38 | representation=statistical__all_standard
[2026-09-18 09:07:13] [Representation task] Done | pid=3625 | split=cross_subject_a9a5f2ca27b0 | group=eegmmidb_cross_subject_broad_1_38 | representation=statistical__all_standard | elapsed=28s
[2026-09-18 09:07:13] [Representation] Progress 121/1308 | remaining=1187 | elapsed=45.5m | eta≈7.43h
[2026-09-18 09:07:13] [Representation task] Starting | pid=3625 | split=cross_subject_a9a5f2ca27b0 | group=eegmmidb_cross_subject_broad_1_38 | representation=temporal__all_standard
[2026-09-18 09:07:28] [Representation task] Done | pid=3625 | split=cross_subject_a9a5f2ca27b0 | group=eegmmidb_cross_subject_broad_1_38 | representation=temporal__all_standard | elapsed=14s
[2026-09-18 09:07:28] [Representation] Progress 122/1308 | remaining=1186 | elapsed=45.7m | eta≈7.40h
[2026-09-18 09:07:28] [Representation task] Starting | pid=3625 | split=cross_subject_a9a5f2ca27b0 | group=eegmmidb_cross_subject_broad_1_38 | representation=csp_6__all_standard
[2026-09-18 09:07:54] [Representation task] Done | pid=3625 | split=cross_subject_a9a5f2ca27b0 | group=eegmmidb_cross_subject_broad_1_38 | representation=csp_6__all_standard | elapsed=26s
[2026-09-18 09:07:54] [Representation] Progress 123/1308 | remaining=1185 | elapsed=46.1m | eta≈7.41h
[2026-09-18 09:07:54] [Representation task] Starting | pid=3625 | split=cross_subject_a9a5f2ca27b0 | group=eegmmidb_cross_subject_broad_1_38 | representation=standardized_signal
[2026-09-18 09:08:05] [Representation task] Done | pid=3625 | split=cross_subject_a9a5f2ca27b0 | group=eegmmidb_cross_subject_broad_1_38 | representation=standardized_signal | elapsed=11s
[2026-09-18 09:08:05] [Representation] Progress 124/1308 | remaining=1184 | elapsed=46.3m | eta≈7.37h
[2026-09-18 09:08:05] [Representation task] Starting | pid=3625 | split=cross_subject_7585b155d952 | group=eegmmidb_cross_subject_broad_1_38 | representation=statistical__all_standard
[2026-09-18 09:08:35] [Representation task] Done | pid=3625 | split=cross_subject_7585b155d952 | group=eegmmidb_cross_subject_broad_1_38 | representation=statistical__all_standard | elapsed=30s
[2026-09-18 09:08:35] [Representation] Progress 125/1308 | remaining=1183 | elapsed=46.8m | eta≈7.38h
[2026-09-18 09:08:35] [Representation task] Starting | pid=3625 | split=cross_subject_7585b155d952 | group=eegmmidb_cross_subject_broad_1_38 | representation=temporal__all_standard
[2026-09-18 09:08:49] [Representation task] Done | pid=3625 | split=cross_subject_7585b155d952 | group=eegmmidb_cross_subject_broad_1_38 | representation=temporal__all_standard | elapsed=14s
[2026-09-18 09:08:49] [Representation] Progress 126/1308 | remaining=1182 | elapsed=47.0m | eta≈7.36h
[2026-09-18 09:08:49] [Representation task] Starting | pid=3625 | split=cross_subject_7585b155d952 | group=eegmmidb_cross_subject_broad_1_38 | representation=csp_6__all_standard
[2026-09-18 09:09:15] [Representation task] Done | pid=3625 | split=cross_subject_7585b155d952 | group=eegmmidb_cross_subject_broad_1_38 | representation=csp_6__all_standard | elapsed=26s
[2026-09-18 09:09:15] [Representation] Progress 127/1308 | remaining=1181 | elapsed=47.5m | eta≈7.36h
[2026-09-18 09:09:15] [Representation task] Starting | pid=3625 | split=cross_subject_7585b155d952 | group=eegmmidb_cross_subject_broad_1_38 | representation=standardized_signal
[2026-09-18 09:09:23] [Representation task] Done | pid=3625 | split=cross_subject_7585b155d952 | group=eegmmidb_cross_subject_broad_1_38 | representation=standardized_signal | elapsed=9s
[2026-09-18 09:09:23] [Representation] Progress 128/1308 | remaining=1180 | elapsed=47.6m | eta≈7.32h
[2026-09-18 09:09:23] [Representation task] Starting | pid=3625 | split=cross_subject_c7921a83f718 | group=eegmmidb_cross_subject_broad_1_38 | representation=statistical__all_standard
[2026-09-18 09:09:54] [Representation task] Done | pid=3625 | split=cross_subject_c7921a83f718 | group=eegmmidb_cross_subject_broad_1_38 | representation=statistical__all_standard | elapsed=31s
[2026-09-18 09:09:54] [Representation] Progress 129/1308 | remaining=1179 | elapsed=48.1m | eta≈7.33h
[2026-09-18 09:09:54] [Representation task] Starting | pid=3625 | split=cross_subject_c7921a83f718 | group=eegmmidb_cross_subject_broad_1_38 | representation=temporal__all_standard
[2026-09-18 09:10:06] [Representation task] Done | pid=3625 | split=cross_subject_c7921a83f718 | group=eegmmidb_cross_subject_broad_1_38 | representation=temporal__all_standard | elapsed=12s
[2026-09-18 09:10:06] [Representation] Progress 130/1308 | remaining=1178 | elapsed=48.3m | eta≈7.30h
[2026-09-18 09:10:06] [Representation task] Starting | pid=3625 | split=cross_subject_c7921a83f718 | group=eegmmidb_cross_subject_broad_1_38 | representation=csp_6__all_standard
[2026-09-18 09:10:32] [Representation task] Done | pid=3625 | split=cross_subject_c7921a83f718 | group=eegmmidb_cross_subject_broad_1_38 | representation=csp_6__all_standard | elapsed=26s
[2026-09-18 09:10:32] [Representation] Progress 131/1308 | remaining=1177 | elapsed=48.8m | eta≈7.30h
[2026-09-18 09:10:32] [Representation task] Starting | pid=3625 | split=cross_subject_c7921a83f718 | group=eegmmidb_cross_subject_broad_1_38 | representation=standardized_signal
[2026-09-18 09:10:45] [Representation task] Done | pid=3625 | split=cross_subject_c7921a83f718 | group=eegmmidb_cross_subject_broad_1_38 | representation=standardized_signal | elapsed=13s
[2026-09-18 09:10:45] [Representation] Progress 132/1308 | remaining=1176 | elapsed=49.0m | eta≈7.27h
[2026-09-18 09:10:45] [Representation task] Starting | pid=3625 | split=cross_subject_d6ee8486d38b | group=eegmmidb_cross_subject_broad_1_38 | representation=statistical__all_standard
[2026-09-18 09:11:18] [Representation task] Done | pid=3625 | split=cross_subject_d6ee8486d38b | group=eegmmidb_cross_subject_broad_1_38 | representation=statistical__all_standard | elapsed=33s
[2026-09-18 09:11:18] [Representation] Progress 133/1308 | remaining=1175 | elapsed=49.5m | eta≈7.29h
[2026-09-18 09:11:18] [Representation task] Starting | pid=3625 | split=cross_subject_d6ee8486d38b | group=eegmmidb_cross_subject_broad_1_38 | representation=temporal__all_standard
[2026-09-18 09:11:31] [Representation task] Done | pid=3625 | split=cross_subject_d6ee8486d38b | group=eegmmidb_cross_subject_broad_1_38 | representation=temporal__all_standard | elapsed=13s
[2026-09-18 09:11:31] [Representation] Progress 134/1308 | remaining=1174 | elapsed=49.7m | eta≈7.26h
[2026-09-18 09:11:31] [Representation task] Starting | pid=3625 | split=cross_subject_d6ee8486d38b | group=eegmmidb_cross_subject_broad_1_38 | representation=csp_6__all_standard
[2026-09-18 09:12:37] [Representation task] Done | pid=3625 | split=cross_subject_d6ee8486d38b | group=eegmmidb_cross_subject_broad_1_38 | representation=csp_6__all_standard | elapsed=1.1m
[2026-09-18 09:12:37] [Representation] Progress 135/1308 | remaining=1173 | elapsed=50.8m | eta≈7.36h
[2026-09-18 09:12:37] [Representation task] Starting | pid=3625 | split=cross_subject_d6ee8486d38b | group=eegmmidb_cross_subject_broad_1_38 | representation=standardized_signal
[2026-09-18 09:12:46] [Representation task] Done | pid=3625 | split=cross_subject_d6ee8486d38b | group=eegmmidb_cross_subject_broad_1_38 | representation=standardized_signal | elapsed=9s
[2026-09-18 09:12:46] [Representation] Progress 136/1308 | remaining=1172 | elapsed=51.0m | eta≈7.32h
[2026-09-18 09:12:46] [Representation task] Starting | pid=3625 | split=cross_subject_ae90607dc64e | group=eegmmidb_cross_subject_broad_1_38 | representation=statistical__all_standard
[2026-09-18 09:13:14] [Representation task] Done | pid=3625 | split=cross_subject_ae90607dc64e | group=eegmmidb_cross_subject_broad_1_38 | representation=statistical__all_standard | elapsed=29s
[2026-09-18 09:13:14] [Representation] Progress 137/1308 | remaining=1171 | elapsed=51.5m | eta≈7.33h
[2026-09-18 09:13:14] [Representation task] Starting | pid=3625 | split=cross_subject_ae90607dc64e | group=eegmmidb_cross_subject_broad_1_38 | representation=temporal__all_standard
[2026-09-18 09:13:27] [Representation task] Done | pid=3625 | split=cross_subject_ae90607dc64e | group=eegmmidb_cross_subject_broad_1_38 | representation=temporal__all_standard | elapsed=12s
[2026-09-18 09:13:27] [Representation] Progress 138/1308 | remaining=1170 | elapsed=51.7m | eta≈7.30h
[2026-09-18 09:13:27] [Representation task] Starting | pid=3625 | split=cross_subject_ae90607dc64e | group=eegmmidb_cross_subject_broad_1_38 | representation=csp_6__all_standard
[2026-09-18 09:13:50] [Representation task] Done | pid=3625 | split=cross_subject_ae90607dc64e | group=eegmmidb_cross_subject_broad_1_38 | representation=csp_6__all_standard | elapsed=24s
[2026-09-18 09:13:50] [Representation] Progress 139/1308 | remaining=1169 | elapsed=52.1m | eta≈7.30h
[2026-09-18 09:13:50] [Representation task] Starting | pid=3625 | split=cross_subject_ae90607dc64e | group=eegmmidb_cross_subject_broad_1_38 | representation=standardized_signal
[2026-09-18 09:14:00] [Representation task] Done | pid=3625 | split=cross_subject_ae90607dc64e | group=eegmmidb_cross_subject_broad_1_38 | representation=standardized_signal | elapsed=10s
[2026-09-18 09:14:00] [Representation] Progress 140/1308 | remaining=1168 | elapsed=52.2m | eta≈7.26h
[2026-09-18 09:14:00] [Representation task] Starting | pid=3625 | split=cross_subject_481ec9f006b7 | group=eegmmidb_cross_subject_broad_1_38 | representation=statistical__all_standard
[2026-09-18 09:14:30] [Representation task] Done | pid=3625 | split=cross_subject_481ec9f006b7 | group=eegmmidb_cross_subject_broad_1_38 | representation=statistical__all_standard | elapsed=29s
[2026-09-18 09:14:30] [Representation] Progress 141/1308 | remaining=1167 | elapsed=52.7m | eta≈7.27h
[2026-09-18 09:14:30] [Representation task] Starting | pid=3625 | split=cross_subject_481ec9f006b7 | group=eegmmidb_cross_subject_broad_1_38 | representation=temporal__all_standard
[2026-09-18 09:14:40] [Representation task] Done | pid=3625 | split=cross_subject_481ec9f006b7 | group=eegmmidb_cross_subject_broad_1_38 | representation=temporal__all_standard | elapsed=10s
[2026-09-18 09:14:40] [Representation] Progress 142/1308 | remaining=1166 | elapsed=52.9m | eta≈7.24h
[2026-09-18 09:14:40] [Representation task] Starting | pid=3625 | split=cross_subject_481ec9f006b7 | group=eegmmidb_cross_subject_broad_1_38 | representation=csp_6__all_standard
[2026-09-18 09:15:39] [Representation task] Done | pid=3625 | split=cross_subject_481ec9f006b7 | group=eegmmidb_cross_subject_broad_1_38 | representation=csp_6__all_standard | elapsed=59s
[2026-09-18 09:15:39] [Representation] Progress 143/1308 | remaining=1165 | elapsed=53.9m | eta≈7.32h
[2026-09-18 09:15:39] [Representation task] Starting | pid=3625 | split=cross_subject_481ec9f006b7 | group=eegmmidb_cross_subject_broad_1_38 | representation=standardized_signal
[2026-09-18 09:15:48] [Representation task] Done | pid=3625 | split=cross_subject_481ec9f006b7 | group=eegmmidb_cross_subject_broad_1_38 | representation=standardized_signal | elapsed=9s
[2026-09-18 09:15:48] [Representation] Progress 144/1308 | remaining=1164 | elapsed=54.0m | eta≈7.28h
[2026-09-18 09:15:48] [Representation task] Starting | pid=3625 | split=cross_subject_abfb22b4e45b | group=eegmmidb_cross_subject_broad_1_38 | representation=statistical__all_standard
[2026-09-18 09:16:16] [Representation task] Done | pid=3625 | split=cross_subject_abfb22b4e45b | group=eegmmidb_cross_subject_broad_1_38 | representation=statistical__all_standard | elapsed=29s
[2026-09-18 09:16:16] [Representation] Progress 145/1308 | remaining=1163 | elapsed=54.5m | eta≈7.29h
[2026-09-18 09:16:16] [Representation task] Starting | pid=3625 | split=cross_subject_abfb22b4e45b | group=eegmmidb_cross_subject_broad_1_38 | representation=temporal__all_standard
[2026-09-18 09:16:28] [Representation task] Done | pid=3625 | split=cross_subject_abfb22b4e45b | group=eegmmidb_cross_subject_broad_1_38 | representation=temporal__all_standard | elapsed=12s
[2026-09-18 09:16:28] [Representation] Progress 146/1308 | remaining=1162 | elapsed=54.7m | eta≈7.26h
[2026-09-18 09:16:28] [Representation task] Starting | pid=3625 | split=cross_subject_abfb22b4e45b | group=eegmmidb_cross_subject_broad_1_38 | representation=csp_6__all_standard
[2026-09-18 09:16:54] [Representation task] Done | pid=3625 | split=cross_subject_abfb22b4e45b | group=eegmmidb_cross_subject_broad_1_38 | representation=csp_6__all_standard | elapsed=25s
[2026-09-18 09:16:54] [Representation] Progress 147/1308 | remaining=1161 | elapsed=55.1m | eta≈7.26h
[2026-09-18 09:16:54] [Representation task] Starting | pid=3625 | split=cross_subject_abfb22b4e45b | group=eegmmidb_cross_subject_broad_1_38 | representation=standardized_signal
[2026-09-18 09:17:04] [Representation task] Done | pid=3625 | split=cross_subject_abfb22b4e45b | group=eegmmidb_cross_subject_broad_1_38 | representation=standardized_signal | elapsed=11s
[2026-09-18 09:17:04] [Representation] Progress 148/1308 | remaining=1160 | elapsed=55.3m | eta≈7.22h
[2026-09-18 09:17:04] [Representation task] Starting | pid=3625 | split=cross_subject_8e1be3060e49 | group=eegmmidb_cross_subject_broad_1_38 | representation=statistical__all_standard
[2026-09-18 09:17:36] [Representation task] Done | pid=3625 | split=cross_subject_8e1be3060e49 | group=eegmmidb_cross_subject_broad_1_38 | representation=statistical__all_standard | elapsed=32s
[2026-09-18 09:17:36] [Representation] Progress 149/1308 | remaining=1159 | elapsed=55.8m | eta≈7.24h
[2026-09-18 09:17:36] [Representation task] Starting | pid=3625 | split=cross_subject_8e1be3060e49 | group=eegmmidb_cross_subject_broad_1_38 | representation=temporal__all_standard
[2026-09-18 09:17:50] [Representation task] Done | pid=3625 | split=cross_subject_8e1be3060e49 | group=eegmmidb_cross_subject_broad_1_38 | representation=temporal__all_standard | elapsed=14s
[2026-09-18 09:17:50] [Representation] Progress 150/1308 | remaining=1158 | elapsed=56.1m | eta≈7.21h
[2026-09-18 09:17:50] [Representation task] Starting | pid=3625 | split=cross_subject_8e1be3060e49 | group=eegmmidb_cross_subject_broad_1_38 | representation=csp_6__all_standard
[2026-09-18 09:18:14] [Representation task] Done | pid=3625 | split=cross_subject_8e1be3060e49 | group=eegmmidb_cross_subject_broad_1_38 | representation=csp_6__all_standard | elapsed=24s
[2026-09-18 09:18:14] [Representation] Progress 151/1308 | remaining=1157 | elapsed=56.5m | eta≈7.21h
[2026-09-18 09:18:14] [Representation task] Starting | pid=3625 | split=cross_subject_8e1be3060e49 | group=eegmmidb_cross_subject_broad_1_38 | representation=standardized_signal
[2026-09-18 09:18:25] [Representation task] Done | pid=3625 | split=cross_subject_8e1be3060e49 | group=eegmmidb_cross_subject_broad_1_38 | representation=standardized_signal | elapsed=11s
[2026-09-18 09:18:25] [Representation] Progress 152/1308 | remaining=1156 | elapsed=56.6m | eta≈7.18h
[2026-09-18 09:18:25] [Representation task] Starting | pid=3625 | split=cross_subject_6604642fcd97 | group=eegmmidb_cross_subject_broad_1_38 | representation=statistical__all_standard
[2026-09-18 09:18:58] [Representation task] Done | pid=3625 | split=cross_subject_6604642fcd97 | group=eegmmidb_cross_subject_broad_1_38 | representation=statistical__all_standard | elapsed=33s
[2026-09-18 09:18:58] [Representation] Progress 153/1308 | remaining=1155 | elapsed=57.2m | eta≈7.20h
[2026-09-18 09:18:58] [Representation task] Starting | pid=3625 | split=cross_subject_6604642fcd97 | group=eegmmidb_cross_subject_broad_1_38 | representation=temporal__all_standard
[2026-09-18 09:19:07] [Representation task] Done | pid=3625 | split=cross_subject_6604642fcd97 | group=eegmmidb_cross_subject_broad_1_38 | representation=temporal__all_standard | elapsed=9s
[2026-09-18 09:19:07] [Representation] Progress 154/1308 | remaining=1154 | elapsed=57.3m | eta≈7.16h
[2026-09-18 09:19:07] [Representation task] Starting | pid=3625 | split=cross_subject_6604642fcd97 | group=eegmmidb_cross_subject_broad_1_38 | representation=csp_6__all_standard
[2026-09-18 09:19:33] [Representation task] Done | pid=3625 | split=cross_subject_6604642fcd97 | group=eegmmidb_cross_subject_broad_1_38 | representation=csp_6__all_standard | elapsed=26s
[2026-09-18 09:19:33] [Representation] Progress 155/1308 | remaining=1153 | elapsed=57.8m | eta≈7.16h
[2026-09-18 09:19:33] [Representation task] Starting | pid=3625 | split=cross_subject_6604642fcd97 | group=eegmmidb_cross_subject_broad_1_38 | representation=standardized_signal
[2026-09-18 09:19:45] [Representation task] Done | pid=3625 | split=cross_subject_6604642fcd97 | group=eegmmidb_cross_subject_broad_1_38 | representation=standardized_signal | elapsed=12s
[2026-09-18 09:19:45] [Representation] Progress 156/1308 | remaining=1152 | elapsed=58.0m | eta≈7.14h
[2026-09-18 09:19:45] [Representation task] Starting | pid=3625 | split=cross_subject_e2b3a355c0f8 | group=eegmmidb_cross_subject_broad_1_38 | representation=statistical__all_standard
[2026-09-18 09:20:20] [Representation task] Done | pid=3625 | split=cross_subject_e2b3a355c0f8 | group=eegmmidb_cross_subject_broad_1_38 | representation=statistical__all_standard | elapsed=35s
[2026-09-18 09:20:20] [Representation] Progress 157/1308 | remaining=1151 | elapsed=58.6m | eta≈7.16h
[2026-09-18 09:20:20] [Representation task] Starting | pid=3625 | split=cross_subject_e2b3a355c0f8 | group=eegmmidb_cross_subject_broad_1_38 | representation=temporal__all_standard
[2026-09-18 09:20:29] [Representation task] Done | pid=3625 | split=cross_subject_e2b3a355c0f8 | group=eegmmidb_cross_subject_broad_1_38 | representation=temporal__all_standard | elapsed=9s
[2026-09-18 09:20:29] [Representation] Progress 158/1308 | remaining=1150 | elapsed=58.7m | eta≈7.12h
[2026-09-18 09:20:29] [Representation task] Starting | pid=3625 | split=cross_subject_e2b3a355c0f8 | group=eegmmidb_cross_subject_broad_1_38 | representation=csp_6__all_standard
[2026-09-18 09:20:55] [Representation task] Done | pid=3625 | split=cross_subject_e2b3a355c0f8 | group=eegmmidb_cross_subject_broad_1_38 | representation=csp_6__all_standard | elapsed=26s
[2026-09-18 09:20:55] [Representation] Progress 159/1308 | remaining=1149 | elapsed=59.1m | eta≈7.12h
[2026-09-18 09:20:55] [Representation task] Starting | pid=3625 | split=cross_subject_e2b3a355c0f8 | group=eegmmidb_cross_subject_broad_1_38 | representation=standardized_signal
[2026-09-18 09:21:08] [Representation task] Done | pid=3625 | split=cross_subject_e2b3a355c0f8 | group=eegmmidb_cross_subject_broad_1_38 | representation=standardized_signal | elapsed=13s
[2026-09-18 09:21:08] [Representation] Progress 160/1308 | remaining=1148 | elapsed=59.4m | eta≈7.10h
[2026-09-18 09:21:08] [Representation task] Starting | pid=3625 | split=cross_subject_559534fbe7af | group=eegmmidb_cross_subject_broad_1_38 | representation=statistical__all_standard
[2026-09-18 09:21:39] [Representation task] Done | pid=3625 | split=cross_subject_559534fbe7af | group=eegmmidb_cross_subject_broad_1_38 | representation=statistical__all_standard | elapsed=30s
[2026-09-18 09:21:39] [Representation] Progress 161/1308 | remaining=1147 | elapsed=59.9m | eta≈7.11h
[2026-09-18 09:21:39] [Representation task] Starting | pid=3625 | split=cross_subject_559534fbe7af | group=eegmmidb_cross_subject_broad_1_38 | representation=temporal__all_standard
[2026-09-18 09:21:50] [Representation task] Done | pid=3625 | split=cross_subject_559534fbe7af | group=eegmmidb_cross_subject_broad_1_38 | representation=temporal__all_standard | elapsed=12s
[2026-09-18 09:21:50] [Representation] Progress 162/1308 | remaining=1146 | elapsed=1.00h | eta≈7.08h
[2026-09-18 09:21:50] [Representation task] Starting | pid=3625 | split=cross_subject_559534fbe7af | group=eegmmidb_cross_subject_broad_1_38 | representation=csp_6__all_standard
[2026-09-18 09:23:16] [Representation task] Done | pid=3625 | split=cross_subject_559534fbe7af | group=eegmmidb_cross_subject_broad_1_38 | representation=csp_6__all_standard | elapsed=1.4m
[2026-09-18 09:23:16] [Representation] Progress 163/1308 | remaining=1145 | elapsed=1.02h | eta≈7.20h
[2026-09-18 09:23:16] [Representation task] Starting | pid=3625 | split=cross_subject_559534fbe7af | group=eegmmidb_cross_subject_broad_1_38 | representation=standardized_signal
[2026-09-18 09:23:25] [Representation task] Done | pid=3625 | split=cross_subject_559534fbe7af | group=eegmmidb_cross_subject_broad_1_38 | representation=standardized_signal | elapsed=9s
[2026-09-18 09:23:25] [Representation] Progress 164/1308 | remaining=1144 | elapsed=1.03h | eta≈7.17h
[2026-09-18 09:23:25] [Representation task] Starting | pid=3625 | split=cross_subject_5cec402c0d7b | group=eegmmidb_cross_subject_broad_1_38 | representation=statistical__all_standard
[2026-09-18 09:23:54] [Representation task] Done | pid=3625 | split=cross_subject_5cec402c0d7b | group=eegmmidb_cross_subject_broad_1_38 | representation=statistical__all_standard | elapsed=29s
[2026-09-18 09:23:54] [Representation] Progress 165/1308 | remaining=1143 | elapsed=1.04h | eta≈7.17h
[2026-09-18 09:23:54] [Representation task] Starting | pid=3625 | split=cross_subject_5cec402c0d7b | group=eegmmidb_cross_subject_broad_1_38 | representation=temporal__all_standard
[2026-09-18 09:24:06] [Representation task] Done | pid=3625 | split=cross_subject_5cec402c0d7b | group=eegmmidb_cross_subject_broad_1_38 | representation=temporal__all_standard | elapsed=12s
[2026-09-18 09:24:06] [Representation] Progress 166/1308 | remaining=1142 | elapsed=1.04h | eta≈7.15h
[2026-09-18 09:24:06] [Representation task] Starting | pid=3625 | split=cross_subject_5cec402c0d7b | group=eegmmidb_cross_subject_broad_1_38 | representation=csp_6__all_standard
[2026-09-18 09:26:10] [Representation task] Done | pid=3625 | split=cross_subject_5cec402c0d7b | group=eegmmidb_cross_subject_broad_1_38 | representation=csp_6__all_standard | elapsed=2.1m
[2026-09-18 09:26:10] [Representation] Progress 167/1308 | remaining=1141 | elapsed=1.07h | eta≈7.33h
[2026-09-18 09:26:10] [Representation task] Starting | pid=3625 | split=cross_subject_5cec402c0d7b | group=eegmmidb_cross_subject_broad_1_38 | representation=standardized_signal
[2026-09-18 09:26:20] [Representation task] Done | pid=3625 | split=cross_subject_5cec402c0d7b | group=eegmmidb_cross_subject_broad_1_38 | representation=standardized_signal | elapsed=10s
[2026-09-18 09:26:20] [Representation] Progress 168/1308 | remaining=1140 | elapsed=1.08h | eta≈7.30h
[2026-09-18 09:26:20] [Representation task] Starting | pid=3625 | split=cross_subject_ff1525d91dc9 | group=eegmmidb_cross_subject_broad_1_38 | representation=statistical__all_standard
[2026-09-18 09:26:49] [Representation task] Done | pid=3625 | split=cross_subject_ff1525d91dc9 | group=eegmmidb_cross_subject_broad_1_38 | representation=statistical__all_standard | elapsed=28s
[2026-09-18 09:26:49] [Representation] Progress 169/1308 | remaining=1139 | elapsed=1.08h | eta≈7.31h
[2026-09-18 09:26:49] [Representation task] Starting | pid=3625 | split=cross_subject_ff1525d91dc9 | group=eegmmidb_cross_subject_broad_1_38 | representation=temporal__all_standard
[2026-09-18 09:27:00] [Representation task] Done | pid=3625 | split=cross_subject_ff1525d91dc9 | group=eegmmidb_cross_subject_broad_1_38 | representation=temporal__all_standard | elapsed=11s
[2026-09-18 09:27:00] [Representation] Progress 170/1308 | remaining=1138 | elapsed=1.09h | eta≈7.28h
[2026-09-18 09:27:00] [Representation task] Starting | pid=3625 | split=cross_subject_ff1525d91dc9 | group=eegmmidb_cross_subject_broad_1_38 | representation=csp_6__all_standard
[2026-09-18 09:27:29] [Representation task] Done | pid=3625 | split=cross_subject_ff1525d91dc9 | group=eegmmidb_cross_subject_broad_1_38 | representation=csp_6__all_standard | elapsed=29s
[2026-09-18 09:27:29] [Representation] Progress 171/1308 | remaining=1137 | elapsed=1.10h | eta≈7.28h
[2026-09-18 09:27:29] [Representation task] Starting | pid=3625 | split=cross_subject_ff1525d91dc9 | group=eegmmidb_cross_subject_broad_1_38 | representation=standardized_signal
[2026-09-18 09:27:43] [Representation task] Done | pid=3625 | split=cross_subject_ff1525d91dc9 | group=eegmmidb_cross_subject_broad_1_38 | representation=standardized_signal | elapsed=14s
[2026-09-18 09:27:43] [Representation] Progress 172/1308 | remaining=1136 | elapsed=1.10h | eta≈7.26h
[2026-09-18 09:27:43] [Representation task] Starting | pid=3625 | split=cross_subject_1809a74c483b | group=eegmmidb_cross_subject_broad_1_38 | representation=statistical__all_standard
