[2026-09-17 20:57:35] [Pipeline] Starting | pid=89162 | scenario=intra_subject | workers=1
[2026-09-17 20:57:35] [Pipeline] Params | main/feature_grid/params/intra_subject/params_bci2a.py
[2026-09-17 20:57:35] [Preprocessing] Starting...
[2026-09-17 20:57:35] [Preprocessing] Done | elapsed=0s
[2026-09-17 20:57:35] [Scenarios] Starting...
[2026-09-17 20:57:35] [Scenarios] Done | elapsed=0s
[2026-09-17 20:57:35] [Representation] Starting...
[2026-09-17 20:57:35] [Representation] Tasks=108 | workers=1
[2026-09-17 20:57:35] [Representation task] Starting | pid=89162 | split=intra_subject_c957bc40c91f | group=bci2a_intra_broad_1_38 | representation=statistical__all_standard
[2026-09-17 20:57:35] [Representation task] Done | pid=89162 | split=intra_subject_c957bc40c91f | group=bci2a_intra_broad_1_38 | representation=statistical__all_standard | elapsed=0s
[2026-09-17 20:57:35] [Representation] Progress 1/108 | remaining=107 | elapsed=0s | eta≈0s
[2026-09-17 20:57:35] [Representation task] Starting | pid=89162 | split=intra_subject_c957bc40c91f | group=bci2a_intra_broad_1_38 | representation=temporal__all_standard
[2026-09-17 20:57:35] [Representation task] Done | pid=89162 | split=intra_subject_c957bc40c91f | group=bci2a_intra_broad_1_38 | representation=temporal__all_standard | elapsed=0s
[2026-09-17 20:57:35] [Representation] Progress 2/108 | remaining=106 | elapsed=0s | eta≈0s
[2026-09-17 20:57:35] [Representation task] Starting | pid=89162 | split=intra_subject_c957bc40c91f | group=bci2a_intra_broad_1_38 | representation=csp_6__all_standard
[2026-09-17 20:57:35] [Representation task] Done | pid=89162 | split=intra_subject_c957bc40c91f | group=bci2a_intra_broad_1_38 | representation=csp_6__all_standard | elapsed=0s
[2026-09-17 20:57:35] [Representation] Progress 3/108 | remaining=105 | elapsed=0s | eta≈0s
[2026-09-17 20:57:35] [Representation task] Starting | pid=89162 | split=intra_subject_c957bc40c91f | group=bci2a_intra_broad_1_38 | representation=standardized_signal
[2026-09-17 20:57:35] [Representation task] Done | pid=89162 | split=intra_subject_c957bc40c91f | group=bci2a_intra_broad_1_38 | representation=standardized_signal | elapsed=0s
[2026-09-17 20:57:35] [Representation] Progress 4/108 | remaining=104 | elapsed=0s | eta≈0s
[2026-09-17 20:57:35] [Representation task] Starting | pid=89162 | split=intra_subject_144d1fd38c02 | group=bci2a_intra_broad_1_38 | representation=statistical__all_standard
[2026-09-17 20:57:35] [Representation task] Done | pid=89162 | split=intra_subject_144d1fd38c02 | group=bci2a_intra_broad_1_38 | representation=statistical__all_standard | elapsed=0s
[2026-09-17 20:57:35] [Representation] Progress 5/108 | remaining=103 | elapsed=0s | eta≈0s
[2026-09-17 20:57:35] [Representation task] Starting | pid=89162 | split=intra_subject_144d1fd38c02 | group=bci2a_intra_broad_1_38 | representation=temporal__all_standard
[2026-09-17 20:57:35] [Representation task] Done | pid=89162 | split=intra_subject_144d1fd38c02 | group=bci2a_intra_broad_1_38 | representation=temporal__all_standard | elapsed=0s
[2026-09-17 20:57:35] [Representation] Progress 6/108 | remaining=102 | elapsed=0s | eta≈0s
[2026-09-17 20:57:35] [Representation task] Starting | pid=89162 | split=intra_subject_144d1fd38c02 | group=bci2a_intra_broad_1_38 | representation=csp_6__all_standard
[2026-09-17 20:57:35] [Representation task] Done | pid=89162 | split=intra_subject_144d1fd38c02 | group=bci2a_intra_broad_1_38 | representation=csp_6__all_standard | elapsed=0s
[2026-09-17 20:57:35] [Representation] Progress 7/108 | remaining=101 | elapsed=0s | eta≈0s
[2026-09-17 20:57:35] [Representation task] Starting | pid=89162 | split=intra_subject_144d1fd38c02 | group=bci2a_intra_broad_1_38 | representation=standardized_signal
[2026-09-17 20:57:35] [Representation task] Done | pid=89162 | split=intra_subject_144d1fd38c02 | group=bci2a_intra_broad_1_38 | representation=standardized_signal | elapsed=0s
[2026-09-17 20:57:35] [Representation] Progress 8/108 | remaining=100 | elapsed=0s | eta≈0s
[2026-09-17 20:57:35] [Representation task] Starting | pid=89162 | split=intra_subject_7deae5356a6a | group=bci2a_intra_broad_1_38 | representation=statistical__all_standard
[2026-09-17 20:57:35] [Representation task] Done | pid=89162 | split=intra_subject_7deae5356a6a | group=bci2a_intra_broad_1_38 | representation=statistical__all_standard | elapsed=0s
[2026-09-17 20:57:35] [Representation] Progress 9/108 | remaining=99 | elapsed=0s | eta≈0s
[2026-09-17 20:57:35] [Representation task] Starting | pid=89162 | split=intra_subject_7deae5356a6a | group=bci2a_intra_broad_1_38 | representation=temporal__all_standard
[2026-09-17 20:57:35] [Representation task] Done | pid=89162 | split=intra_subject_7deae5356a6a | group=bci2a_intra_broad_1_38 | representation=temporal__all_standard | elapsed=0s
[2026-09-17 20:57:35] [Representation] Progress 10/108 | remaining=98 | elapsed=0s | eta≈0s
[2026-09-17 20:57:35] [Representation task] Starting | pid=89162 | split=intra_subject_7deae5356a6a | group=bci2a_intra_broad_1_38 | representation=csp_6__all_standard
[2026-09-17 20:57:35] [Representation task] Done | pid=89162 | split=intra_subject_7deae5356a6a | group=bci2a_intra_broad_1_38 | representation=csp_6__all_standard | elapsed=0s
[2026-09-17 20:57:35] [Representation] Progress 11/108 | remaining=97 | elapsed=0s | eta≈0s
[2026-09-17 20:57:35] [Representation task] Starting | pid=89162 | split=intra_subject_7deae5356a6a | group=bci2a_intra_broad_1_38 | representation=standardized_signal
[2026-09-17 20:57:35] [Representation task] Done | pid=89162 | split=intra_subject_7deae5356a6a | group=bci2a_intra_broad_1_38 | representation=standardized_signal | elapsed=0s
[2026-09-17 20:57:35] [Representation] Progress 12/108 | remaining=96 | elapsed=0s | eta≈0s
[2026-09-17 20:57:35] [Representation task] Starting | pid=89162 | split=intra_subject_892abeea82e5 | group=bci2a_intra_broad_1_38 | representation=statistical__all_standard
[2026-09-17 20:57:35] [Representation task] Done | pid=89162 | split=intra_subject_892abeea82e5 | group=bci2a_intra_broad_1_38 | representation=statistical__all_standard | elapsed=0s
[2026-09-17 20:57:35] [Representation] Progress 13/108 | remaining=95 | elapsed=0s | eta≈0s
[2026-09-17 20:57:35] [Representation task] Starting | pid=89162 | split=intra_subject_892abeea82e5 | group=bci2a_intra_broad_1_38 | representation=temporal__all_standard
[2026-09-17 20:57:35] [Representation task] Done | pid=89162 | split=intra_subject_892abeea82e5 | group=bci2a_intra_broad_1_38 | representation=temporal__all_standard | elapsed=0s
[2026-09-17 20:57:35] [Representation] Progress 14/108 | remaining=94 | elapsed=0s | eta≈0s
[2026-09-17 20:57:35] [Representation task] Starting | pid=89162 | split=intra_subject_892abeea82e5 | group=bci2a_intra_broad_1_38 | representation=csp_6__all_standard
[2026-09-17 20:57:35] [Representation task] Done | pid=89162 | split=intra_subject_892abeea82e5 | group=bci2a_intra_broad_1_38 | representation=csp_6__all_standard | elapsed=0s
[2026-09-17 20:57:35] [Representation] Progress 15/108 | remaining=93 | elapsed=0s | eta≈0s
[2026-09-17 20:57:35] [Representation task] Starting | pid=89162 | split=intra_subject_892abeea82e5 | group=bci2a_intra_broad_1_38 | representation=standardized_signal
[2026-09-17 20:57:35] [Representation task] Done | pid=89162 | split=intra_subject_892abeea82e5 | group=bci2a_intra_broad_1_38 | representation=standardized_signal | elapsed=0s
[2026-09-17 20:57:35] [Representation] Progress 16/108 | remaining=92 | elapsed=0s | eta≈0s
[2026-09-17 20:57:35] [Representation task] Starting | pid=89162 | split=intra_subject_3702a100e6d1 | group=bci2a_intra_broad_1_38 | representation=statistical__all_standard
[2026-09-17 20:57:35] [Representation task] Done | pid=89162 | split=intra_subject_3702a100e6d1 | group=bci2a_intra_broad_1_38 | representation=statistical__all_standard | elapsed=0s
[2026-09-17 20:57:35] [Representation] Progress 17/108 | remaining=91 | elapsed=0s | eta≈0s
[2026-09-17 20:57:35] [Representation task] Starting | pid=89162 | split=intra_subject_3702a100e6d1 | group=bci2a_intra_broad_1_38 | representation=temporal__all_standard
[2026-09-17 20:57:35] [Representation task] Done | pid=89162 | split=intra_subject_3702a100e6d1 | group=bci2a_intra_broad_1_38 | representation=temporal__all_standard | elapsed=0s
[2026-09-17 20:57:35] [Representation] Progress 18/108 | remaining=90 | elapsed=0s | eta≈0s
[2026-09-17 20:57:35] [Representation task] Starting | pid=89162 | split=intra_subject_3702a100e6d1 | group=bci2a_intra_broad_1_38 | representation=csp_6__all_standard
[2026-09-17 20:57:35] [Representation task] Done | pid=89162 | split=intra_subject_3702a100e6d1 | group=bci2a_intra_broad_1_38 | representation=csp_6__all_standard | elapsed=0s
[2026-09-17 20:57:35] [Representation] Progress 19/108 | remaining=89 | elapsed=0s | eta≈0s
[2026-09-17 20:57:35] [Representation task] Starting | pid=89162 | split=intra_subject_3702a100e6d1 | group=bci2a_intra_broad_1_38 | representation=standardized_signal
[2026-09-17 20:57:35] [Representation task] Done | pid=89162 | split=intra_subject_3702a100e6d1 | group=bci2a_intra_broad_1_38 | representation=standardized_signal | elapsed=0s
[2026-09-17 20:57:35] [Representation] Progress 20/108 | remaining=88 | elapsed=0s | eta≈0s
[2026-09-17 20:57:35] [Representation task] Starting | pid=89162 | split=intra_subject_d3ec8f8134fa | group=bci2a_intra_broad_1_38 | representation=statistical__all_standard
[2026-09-17 20:57:35] [Representation task] Done | pid=89162 | split=intra_subject_d3ec8f8134fa | group=bci2a_intra_broad_1_38 | representation=statistical__all_standard | elapsed=0s
[2026-09-17 20:57:35] [Representation] Progress 21/108 | remaining=87 | elapsed=0s | eta≈0s
[2026-09-17 20:57:35] [Representation task] Starting | pid=89162 | split=intra_subject_d3ec8f8134fa | group=bci2a_intra_broad_1_38 | representation=temporal__all_standard
[2026-09-17 20:57:35] [Representation task] Done | pid=89162 | split=intra_subject_d3ec8f8134fa | group=bci2a_intra_broad_1_38 | representation=temporal__all_standard | elapsed=0s
[2026-09-17 20:57:35] [Representation] Progress 22/108 | remaining=86 | elapsed=0s | eta≈0s
[2026-09-17 20:57:35] [Representation task] Starting | pid=89162 | split=intra_subject_d3ec8f8134fa | group=bci2a_intra_broad_1_38 | representation=csp_6__all_standard
[2026-09-17 20:57:35] [Representation task] Done | pid=89162 | split=intra_subject_d3ec8f8134fa | group=bci2a_intra_broad_1_38 | representation=csp_6__all_standard | elapsed=0s
[2026-09-17 20:57:35] [Representation] Progress 23/108 | remaining=85 | elapsed=0s | eta≈0s
[2026-09-17 20:57:35] [Representation task] Starting | pid=89162 | split=intra_subject_d3ec8f8134fa | group=bci2a_intra_broad_1_38 | representation=standardized_signal
[2026-09-17 20:57:35] [Representation task] Done | pid=89162 | split=intra_subject_d3ec8f8134fa | group=bci2a_intra_broad_1_38 | representation=standardized_signal | elapsed=0s
[2026-09-17 20:57:35] [Representation] Progress 24/108 | remaining=84 | elapsed=0s | eta≈0s
[2026-09-17 20:57:35] [Representation task] Starting | pid=89162 | split=intra_subject_4331055f55c1 | group=bci2a_intra_broad_1_38 | representation=statistical__all_standard
[2026-09-17 20:57:35] [Representation task] Done | pid=89162 | split=intra_subject_4331055f55c1 | group=bci2a_intra_broad_1_38 | representation=statistical__all_standard | elapsed=0s
[2026-09-17 20:57:35] [Representation] Progress 25/108 | remaining=83 | elapsed=0s | eta≈0s
[2026-09-17 20:57:35] [Representation task] Starting | pid=89162 | split=intra_subject_4331055f55c1 | group=bci2a_intra_broad_1_38 | representation=temporal__all_standard
[2026-09-17 20:57:35] [Representation task] Done | pid=89162 | split=intra_subject_4331055f55c1 | group=bci2a_intra_broad_1_38 | representation=temporal__all_standard | elapsed=0s
[2026-09-17 20:57:35] [Representation] Progress 26/108 | remaining=82 | elapsed=0s | eta≈0s
[2026-09-17 20:57:35] [Representation task] Starting | pid=89162 | split=intra_subject_4331055f55c1 | group=bci2a_intra_broad_1_38 | representation=csp_6__all_standard
[2026-09-17 20:57:35] [Representation task] Done | pid=89162 | split=intra_subject_4331055f55c1 | group=bci2a_intra_broad_1_38 | representation=csp_6__all_standard | elapsed=0s
[2026-09-17 20:57:35] [Representation] Progress 27/108 | remaining=81 | elapsed=0s | eta≈0s
[2026-09-17 20:57:35] [Representation task] Starting | pid=89162 | split=intra_subject_4331055f55c1 | group=bci2a_intra_broad_1_38 | representation=standardized_signal
[2026-09-17 20:57:35] [Representation task] Done | pid=89162 | split=intra_subject_4331055f55c1 | group=bci2a_intra_broad_1_38 | representation=standardized_signal | elapsed=0s
[2026-09-17 20:57:35] [Representation] Progress 28/108 | remaining=80 | elapsed=0s | eta≈0s
[2026-09-17 20:57:35] [Representation task] Starting | pid=89162 | split=intra_subject_5202b207c83d | group=bci2a_intra_broad_1_38 | representation=statistical__all_standard
[2026-09-17 20:57:35] [Representation task] Done | pid=89162 | split=intra_subject_5202b207c83d | group=bci2a_intra_broad_1_38 | representation=statistical__all_standard | elapsed=0s
[2026-09-17 20:57:35] [Representation] Progress 29/108 | remaining=79 | elapsed=0s | eta≈0s
[2026-09-17 20:57:35] [Representation task] Starting | pid=89162 | split=intra_subject_5202b207c83d | group=bci2a_intra_broad_1_38 | representation=temporal__all_standard
[2026-09-17 20:57:35] [Representation task] Done | pid=89162 | split=intra_subject_5202b207c83d | group=bci2a_intra_broad_1_38 | representation=temporal__all_standard | elapsed=0s
[2026-09-17 20:57:35] [Representation] Progress 30/108 | remaining=78 | elapsed=0s | eta≈0s
[2026-09-17 20:57:35] [Representation task] Starting | pid=89162 | split=intra_subject_5202b207c83d | group=bci2a_intra_broad_1_38 | representation=csp_6__all_standard
[2026-09-17 20:57:35] [Representation task] Done | pid=89162 | split=intra_subject_5202b207c83d | group=bci2a_intra_broad_1_38 | representation=csp_6__all_standard | elapsed=0s
[2026-09-17 20:57:35] [Representation] Progress 31/108 | remaining=77 | elapsed=0s | eta≈0s
[2026-09-17 20:57:35] [Representation task] Starting | pid=89162 | split=intra_subject_5202b207c83d | group=bci2a_intra_broad_1_38 | representation=standardized_signal
[2026-09-17 20:57:35] [Representation task] Done | pid=89162 | split=intra_subject_5202b207c83d | group=bci2a_intra_broad_1_38 | representation=standardized_signal | elapsed=0s
[2026-09-17 20:57:35] [Representation] Progress 32/108 | remaining=76 | elapsed=0s | eta≈0s
[2026-09-17 20:57:35] [Representation task] Starting | pid=89162 | split=intra_subject_2a071fee955d | group=bci2a_intra_broad_1_38 | representation=statistical__all_standard
[2026-09-17 20:57:35] [Representation task] Done | pid=89162 | split=intra_subject_2a071fee955d | group=bci2a_intra_broad_1_38 | representation=statistical__all_standard | elapsed=0s
[2026-09-17 20:57:35] [Representation] Progress 33/108 | remaining=75 | elapsed=0s | eta≈0s
[2026-09-17 20:57:35] [Representation task] Starting | pid=89162 | split=intra_subject_2a071fee955d | group=bci2a_intra_broad_1_38 | representation=temporal__all_standard
[2026-09-17 20:57:35] [Representation task] Done | pid=89162 | split=intra_subject_2a071fee955d | group=bci2a_intra_broad_1_38 | representation=temporal__all_standard | elapsed=0s
[2026-09-17 20:57:35] [Representation] Progress 34/108 | remaining=74 | elapsed=0s | eta≈0s
[2026-09-17 20:57:35] [Representation task] Starting | pid=89162 | split=intra_subject_2a071fee955d | group=bci2a_intra_broad_1_38 | representation=csp_6__all_standard
[2026-09-17 20:57:35] [Representation task] Done | pid=89162 | split=intra_subject_2a071fee955d | group=bci2a_intra_broad_1_38 | representation=csp_6__all_standard | elapsed=0s
[2026-09-17 20:57:35] [Representation] Progress 35/108 | remaining=73 | elapsed=0s | eta≈0s
[2026-09-17 20:57:35] [Representation task] Starting | pid=89162 | split=intra_subject_2a071fee955d | group=bci2a_intra_broad_1_38 | representation=standardized_signal
[2026-09-17 20:57:35] [Representation task] Done | pid=89162 | split=intra_subject_2a071fee955d | group=bci2a_intra_broad_1_38 | representation=standardized_signal | elapsed=0s
[2026-09-17 20:57:35] [Representation] Progress 36/108 | remaining=72 | elapsed=0s | eta≈0s
[2026-09-17 20:57:35] [Representation task] Starting | pid=89162 | split=intra_subject_c957bc40c91f | group=bci2a_intra_delta_1_4 | representation=statistical__all_standard
[2026-09-17 20:57:35] [Representation task] Done | pid=89162 | split=intra_subject_c957bc40c91f | group=bci2a_intra_delta_1_4 | representation=statistical__all_standard | elapsed=0s
[2026-09-17 20:57:35] [Representation] Progress 37/108 | remaining=71 | elapsed=0s | eta≈0s
[2026-09-17 20:57:35] [Representation task] Starting | pid=89162 | split=intra_subject_c957bc40c91f | group=bci2a_intra_delta_1_4 | representation=temporal__all_standard
[2026-09-17 20:57:35] [Representation task] Done | pid=89162 | split=intra_subject_c957bc40c91f | group=bci2a_intra_delta_1_4 | representation=temporal__all_standard | elapsed=0s
[2026-09-17 20:57:35] [Representation] Progress 38/108 | remaining=70 | elapsed=0s | eta≈0s
[2026-09-17 20:57:35] [Representation task] Starting | pid=89162 | split=intra_subject_c957bc40c91f | group=bci2a_intra_delta_1_4 | representation=csp_6__all_standard
[2026-09-17 20:57:35] [Representation task] Done | pid=89162 | split=intra_subject_c957bc40c91f | group=bci2a_intra_delta_1_4 | representation=csp_6__all_standard | elapsed=0s
[2026-09-17 20:57:35] [Representation] Progress 39/108 | remaining=69 | elapsed=0s | eta≈0s
[2026-09-17 20:57:35] [Representation task] Starting | pid=89162 | split=intra_subject_c957bc40c91f | group=bci2a_intra_delta_1_4 | representation=standardized_signal
[2026-09-17 20:57:35] [Representation task] Done | pid=89162 | split=intra_subject_c957bc40c91f | group=bci2a_intra_delta_1_4 | representation=standardized_signal | elapsed=0s
[2026-09-17 20:57:35] [Representation] Progress 40/108 | remaining=68 | elapsed=0s | eta≈0s
[2026-09-17 20:57:35] [Representation task] Starting | pid=89162 | split=intra_subject_144d1fd38c02 | group=bci2a_intra_delta_1_4 | representation=statistical__all_standard
[2026-09-17 20:57:35] [Representation task] Done | pid=89162 | split=intra_subject_144d1fd38c02 | group=bci2a_intra_delta_1_4 | representation=statistical__all_standard | elapsed=0s
[2026-09-17 20:57:35] [Representation] Progress 41/108 | remaining=67 | elapsed=0s | eta≈0s
[2026-09-17 20:57:35] [Representation task] Starting | pid=89162 | split=intra_subject_144d1fd38c02 | group=bci2a_intra_delta_1_4 | representation=temporal__all_standard
[2026-09-17 20:57:35] [Representation task] Done | pid=89162 | split=intra_subject_144d1fd38c02 | group=bci2a_intra_delta_1_4 | representation=temporal__all_standard | elapsed=0s
[2026-09-17 20:57:35] [Representation] Progress 42/108 | remaining=66 | elapsed=0s | eta≈0s
[2026-09-17 20:57:35] [Representation task] Starting | pid=89162 | split=intra_subject_144d1fd38c02 | group=bci2a_intra_delta_1_4 | representation=csp_6__all_standard
[2026-09-17 20:57:35] [Representation task] Done | pid=89162 | split=intra_subject_144d1fd38c02 | group=bci2a_intra_delta_1_4 | representation=csp_6__all_standard | elapsed=0s
[2026-09-17 20:57:35] [Representation] Progress 43/108 | remaining=65 | elapsed=0s | eta≈0s
[2026-09-17 20:57:35] [Representation task] Starting | pid=89162 | split=intra_subject_144d1fd38c02 | group=bci2a_intra_delta_1_4 | representation=standardized_signal
[2026-09-17 20:57:35] [Representation task] Done | pid=89162 | split=intra_subject_144d1fd38c02 | group=bci2a_intra_delta_1_4 | representation=standardized_signal | elapsed=0s
[2026-09-17 20:57:35] [Representation] Progress 44/108 | remaining=64 | elapsed=0s | eta≈0s
[2026-09-17 20:57:35] [Representation task] Starting | pid=89162 | split=intra_subject_7deae5356a6a | group=bci2a_intra_delta_1_4 | representation=statistical__all_standard
[2026-09-17 20:57:35] [Representation task] Done | pid=89162 | split=intra_subject_7deae5356a6a | group=bci2a_intra_delta_1_4 | representation=statistical__all_standard | elapsed=0s
[2026-09-17 20:57:35] [Representation] Progress 45/108 | remaining=63 | elapsed=0s | eta≈0s
[2026-09-17 20:57:35] [Representation task] Starting | pid=89162 | split=intra_subject_7deae5356a6a | group=bci2a_intra_delta_1_4 | representation=temporal__all_standard
[2026-09-17 20:57:35] [Representation task] Done | pid=89162 | split=intra_subject_7deae5356a6a | group=bci2a_intra_delta_1_4 | representation=temporal__all_standard | elapsed=0s
[2026-09-17 20:57:35] [Representation] Progress 46/108 | remaining=62 | elapsed=0s | eta≈0s
[2026-09-17 20:57:35] [Representation task] Starting | pid=89162 | split=intra_subject_7deae5356a6a | group=bci2a_intra_delta_1_4 | representation=csp_6__all_standard
[2026-09-17 20:57:35] [Representation task] Done | pid=89162 | split=intra_subject_7deae5356a6a | group=bci2a_intra_delta_1_4 | representation=csp_6__all_standard | elapsed=0s
[2026-09-17 20:57:35] [Representation] Progress 47/108 | remaining=61 | elapsed=0s | eta≈0s
[2026-09-17 20:57:35] [Representation task] Starting | pid=89162 | split=intra_subject_7deae5356a6a | group=bci2a_intra_delta_1_4 | representation=standardized_signal
[2026-09-17 20:57:35] [Representation task] Done | pid=89162 | split=intra_subject_7deae5356a6a | group=bci2a_intra_delta_1_4 | representation=standardized_signal | elapsed=0s
[2026-09-17 20:57:35] [Representation] Progress 48/108 | remaining=60 | elapsed=0s | eta≈0s
[2026-09-17 20:57:35] [Representation task] Starting | pid=89162 | split=intra_subject_892abeea82e5 | group=bci2a_intra_delta_1_4 | representation=statistical__all_standard
[2026-09-17 20:57:35] [Representation task] Done | pid=89162 | split=intra_subject_892abeea82e5 | group=bci2a_intra_delta_1_4 | representation=statistical__all_standard | elapsed=0s
[2026-09-17 20:57:35] [Representation] Progress 49/108 | remaining=59 | elapsed=0s | eta≈0s
[2026-09-17 20:57:35] [Representation task] Starting | pid=89162 | split=intra_subject_892abeea82e5 | group=bci2a_intra_delta_1_4 | representation=temporal__all_standard
[2026-09-17 20:57:35] [Representation task] Done | pid=89162 | split=intra_subject_892abeea82e5 | group=bci2a_intra_delta_1_4 | representation=temporal__all_standard | elapsed=0s
[2026-09-17 20:57:35] [Representation] Progress 50/108 | remaining=58 | elapsed=0s | eta≈0s
[2026-09-17 20:57:35] [Representation task] Starting | pid=89162 | split=intra_subject_892abeea82e5 | group=bci2a_intra_delta_1_4 | representation=csp_6__all_standard
[2026-09-17 20:57:35] [Representation task] Done | pid=89162 | split=intra_subject_892abeea82e5 | group=bci2a_intra_delta_1_4 | representation=csp_6__all_standard | elapsed=0s
[2026-09-17 20:57:35] [Representation] Progress 51/108 | remaining=57 | elapsed=0s | eta≈0s
[2026-09-17 20:57:35] [Representation task] Starting | pid=89162 | split=intra_subject_892abeea82e5 | group=bci2a_intra_delta_1_4 | representation=standardized_signal
[2026-09-17 20:57:35] [Representation task] Done | pid=89162 | split=intra_subject_892abeea82e5 | group=bci2a_intra_delta_1_4 | representation=standardized_signal | elapsed=0s
[2026-09-17 20:57:35] [Representation] Progress 52/108 | remaining=56 | elapsed=0s | eta≈0s
[2026-09-17 20:57:35] [Representation task] Starting | pid=89162 | split=intra_subject_3702a100e6d1 | group=bci2a_intra_delta_1_4 | representation=statistical__all_standard
[2026-09-17 20:57:35] [Representation task] Done | pid=89162 | split=intra_subject_3702a100e6d1 | group=bci2a_intra_delta_1_4 | representation=statistical__all_standard | elapsed=0s
[2026-09-17 20:57:35] [Representation] Progress 53/108 | remaining=55 | elapsed=0s | eta≈0s
[2026-09-17 20:57:35] [Representation task] Starting | pid=89162 | split=intra_subject_3702a100e6d1 | group=bci2a_intra_delta_1_4 | representation=temporal__all_standard
[2026-09-17 20:57:35] [Representation task] Done | pid=89162 | split=intra_subject_3702a100e6d1 | group=bci2a_intra_delta_1_4 | representation=temporal__all_standard | elapsed=0s
[2026-09-17 20:57:35] [Representation] Progress 54/108 | remaining=54 | elapsed=0s | eta≈0s
[2026-09-17 20:57:35] [Representation task] Starting | pid=89162 | split=intra_subject_3702a100e6d1 | group=bci2a_intra_delta_1_4 | representation=csp_6__all_standard
[2026-09-17 20:57:35] [Representation task] Done | pid=89162 | split=intra_subject_3702a100e6d1 | group=bci2a_intra_delta_1_4 | representation=csp_6__all_standard | elapsed=0s
[2026-09-17 20:57:35] [Representation] Progress 55/108 | remaining=53 | elapsed=0s | eta≈0s
[2026-09-17 20:57:35] [Representation task] Starting | pid=89162 | split=intra_subject_3702a100e6d1 | group=bci2a_intra_delta_1_4 | representation=standardized_signal
[2026-09-17 20:57:35] [Representation task] Done | pid=89162 | split=intra_subject_3702a100e6d1 | group=bci2a_intra_delta_1_4 | representation=standardized_signal | elapsed=0s
[2026-09-17 20:57:35] [Representation] Progress 56/108 | remaining=52 | elapsed=0s | eta≈0s
[2026-09-17 20:57:35] [Representation task] Starting | pid=89162 | split=intra_subject_d3ec8f8134fa | group=bci2a_intra_delta_1_4 | representation=statistical__all_standard
[2026-09-17 20:57:35] [Representation task] Done | pid=89162 | split=intra_subject_d3ec8f8134fa | group=bci2a_intra_delta_1_4 | representation=statistical__all_standard | elapsed=0s
[2026-09-17 20:57:35] [Representation] Progress 57/108 | remaining=51 | elapsed=0s | eta≈0s
[2026-09-17 20:57:35] [Representation task] Starting | pid=89162 | split=intra_subject_d3ec8f8134fa | group=bci2a_intra_delta_1_4 | representation=temporal__all_standard
[2026-09-17 20:57:35] [Representation task] Done | pid=89162 | split=intra_subject_d3ec8f8134fa | group=bci2a_intra_delta_1_4 | representation=temporal__all_standard | elapsed=0s
[2026-09-17 20:57:35] [Representation] Progress 58/108 | remaining=50 | elapsed=0s | eta≈0s
[2026-09-17 20:57:35] [Representation task] Starting | pid=89162 | split=intra_subject_d3ec8f8134fa | group=bci2a_intra_delta_1_4 | representation=csp_6__all_standard
[2026-09-17 20:57:35] [Representation task] Done | pid=89162 | split=intra_subject_d3ec8f8134fa | group=bci2a_intra_delta_1_4 | representation=csp_6__all_standard | elapsed=0s
[2026-09-17 20:57:35] [Representation] Progress 59/108 | remaining=49 | elapsed=0s | eta≈0s
[2026-09-17 20:57:35] [Representation task] Starting | pid=89162 | split=intra_subject_d3ec8f8134fa | group=bci2a_intra_delta_1_4 | representation=standardized_signal
[2026-09-17 20:57:35] [Representation task] Done | pid=89162 | split=intra_subject_d3ec8f8134fa | group=bci2a_intra_delta_1_4 | representation=standardized_signal | elapsed=0s
[2026-09-17 20:57:35] [Representation] Progress 60/108 | remaining=48 | elapsed=0s | eta≈0s
[2026-09-17 20:57:35] [Representation task] Starting | pid=89162 | split=intra_subject_4331055f55c1 | group=bci2a_intra_delta_1_4 | representation=statistical__all_standard
[2026-09-17 20:57:35] [Representation task] Done | pid=89162 | split=intra_subject_4331055f55c1 | group=bci2a_intra_delta_1_4 | representation=statistical__all_standard | elapsed=0s
[2026-09-17 20:57:35] [Representation] Progress 61/108 | remaining=47 | elapsed=0s | eta≈0s
[2026-09-17 20:57:35] [Representation task] Starting | pid=89162 | split=intra_subject_4331055f55c1 | group=bci2a_intra_delta_1_4 | representation=temporal__all_standard
[2026-09-17 20:57:35] [Representation task] Done | pid=89162 | split=intra_subject_4331055f55c1 | group=bci2a_intra_delta_1_4 | representation=temporal__all_standard | elapsed=0s
[2026-09-17 20:57:35] [Representation] Progress 62/108 | remaining=46 | elapsed=0s | eta≈0s
[2026-09-17 20:57:35] [Representation task] Starting | pid=89162 | split=intra_subject_4331055f55c1 | group=bci2a_intra_delta_1_4 | representation=csp_6__all_standard
[2026-09-17 20:57:35] [Representation task] Done | pid=89162 | split=intra_subject_4331055f55c1 | group=bci2a_intra_delta_1_4 | representation=csp_6__all_standard | elapsed=0s
[2026-09-17 20:57:35] [Representation] Progress 63/108 | remaining=45 | elapsed=0s | eta≈0s
[2026-09-17 20:57:35] [Representation task] Starting | pid=89162 | split=intra_subject_4331055f55c1 | group=bci2a_intra_delta_1_4 | representation=standardized_signal
[2026-09-17 20:57:35] [Representation task] Done | pid=89162 | split=intra_subject_4331055f55c1 | group=bci2a_intra_delta_1_4 | representation=standardized_signal | elapsed=0s
[2026-09-17 20:57:35] [Representation] Progress 64/108 | remaining=44 | elapsed=0s | eta≈0s
[2026-09-17 20:57:35] [Representation task] Starting | pid=89162 | split=intra_subject_5202b207c83d | group=bci2a_intra_delta_1_4 | representation=statistical__all_standard
[2026-09-17 20:57:35] [Representation task] Done | pid=89162 | split=intra_subject_5202b207c83d | group=bci2a_intra_delta_1_4 | representation=statistical__all_standard | elapsed=0s
[2026-09-17 20:57:35] [Representation] Progress 65/108 | remaining=43 | elapsed=0s | eta≈0s
[2026-09-17 20:57:35] [Representation task] Starting | pid=89162 | split=intra_subject_5202b207c83d | group=bci2a_intra_delta_1_4 | representation=temporal__all_standard
[2026-09-17 20:57:35] [Representation task] Done | pid=89162 | split=intra_subject_5202b207c83d | group=bci2a_intra_delta_1_4 | representation=temporal__all_standard | elapsed=0s
[2026-09-17 20:57:35] [Representation] Progress 66/108 | remaining=42 | elapsed=0s | eta≈0s
[2026-09-17 20:57:35] [Representation task] Starting | pid=89162 | split=intra_subject_5202b207c83d | group=bci2a_intra_delta_1_4 | representation=csp_6__all_standard
[2026-09-17 20:57:35] [Representation task] Done | pid=89162 | split=intra_subject_5202b207c83d | group=bci2a_intra_delta_1_4 | representation=csp_6__all_standard | elapsed=0s
[2026-09-17 20:57:35] [Representation] Progress 67/108 | remaining=41 | elapsed=0s | eta≈0s
[2026-09-17 20:57:35] [Representation task] Starting | pid=89162 | split=intra_subject_5202b207c83d | group=bci2a_intra_delta_1_4 | representation=standardized_signal
[2026-09-17 20:57:35] [Representation task] Done | pid=89162 | split=intra_subject_5202b207c83d | group=bci2a_intra_delta_1_4 | representation=standardized_signal | elapsed=0s
[2026-09-17 20:57:35] [Representation] Progress 68/108 | remaining=40 | elapsed=0s | eta≈0s
[2026-09-17 20:57:35] [Representation task] Starting | pid=89162 | split=intra_subject_2a071fee955d | group=bci2a_intra_delta_1_4 | representation=statistical__all_standard
[2026-09-17 20:57:35] [Representation task] Done | pid=89162 | split=intra_subject_2a071fee955d | group=bci2a_intra_delta_1_4 | representation=statistical__all_standard | elapsed=0s
[2026-09-17 20:57:35] [Representation] Progress 69/108 | remaining=39 | elapsed=0s | eta≈0s
[2026-09-17 20:57:35] [Representation task] Starting | pid=89162 | split=intra_subject_2a071fee955d | group=bci2a_intra_delta_1_4 | representation=temporal__all_standard
[2026-09-17 20:57:35] [Representation task] Done | pid=89162 | split=intra_subject_2a071fee955d | group=bci2a_intra_delta_1_4 | representation=temporal__all_standard | elapsed=0s
[2026-09-17 20:57:35] [Representation] Progress 70/108 | remaining=38 | elapsed=0s | eta≈0s
[2026-09-17 20:57:35] [Representation task] Starting | pid=89162 | split=intra_subject_2a071fee955d | group=bci2a_intra_delta_1_4 | representation=csp_6__all_standard
[2026-09-17 20:57:35] [Representation task] Done | pid=89162 | split=intra_subject_2a071fee955d | group=bci2a_intra_delta_1_4 | representation=csp_6__all_standard | elapsed=0s
[2026-09-17 20:57:35] [Representation] Progress 71/108 | remaining=37 | elapsed=0s | eta≈0s
[2026-09-17 20:57:35] [Representation task] Starting | pid=89162 | split=intra_subject_2a071fee955d | group=bci2a_intra_delta_1_4 | representation=standardized_signal
[2026-09-17 20:57:35] [Representation task] Done | pid=89162 | split=intra_subject_2a071fee955d | group=bci2a_intra_delta_1_4 | representation=standardized_signal | elapsed=0s
[2026-09-17 20:57:35] [Representation] Progress 72/108 | remaining=36 | elapsed=0s | eta≈0s
[2026-09-17 20:57:35] [Representation task] Starting | pid=89162 | split=intra_subject_c957bc40c91f | group=bci2a_intra_theta_4_8 | representation=statistical__all_standard
[2026-09-17 20:57:35] [Representation task] Done | pid=89162 | split=intra_subject_c957bc40c91f | group=bci2a_intra_theta_4_8 | representation=statistical__all_standard | elapsed=0s
[2026-09-17 20:57:35] [Representation] Progress 73/108 | remaining=35 | elapsed=0s | eta≈0s
[2026-09-17 20:57:35] [Representation task] Starting | pid=89162 | split=intra_subject_c957bc40c91f | group=bci2a_intra_theta_4_8 | representation=temporal__all_standard
[2026-09-17 20:57:35] [Representation task] Done | pid=89162 | split=intra_subject_c957bc40c91f | group=bci2a_intra_theta_4_8 | representation=temporal__all_standard | elapsed=0s
[2026-09-17 20:57:35] [Representation] Progress 74/108 | remaining=34 | elapsed=0s | eta≈0s
[2026-09-17 20:57:35] [Representation task] Starting | pid=89162 | split=intra_subject_c957bc40c91f | group=bci2a_intra_theta_4_8 | representation=csp_6__all_standard
[2026-09-17 20:57:35] [Representation task] Done | pid=89162 | split=intra_subject_c957bc40c91f | group=bci2a_intra_theta_4_8 | representation=csp_6__all_standard | elapsed=0s
[2026-09-17 20:57:35] [Representation] Progress 75/108 | remaining=33 | elapsed=0s | eta≈0s
[2026-09-17 20:57:35] [Representation task] Starting | pid=89162 | split=intra_subject_c957bc40c91f | group=bci2a_intra_theta_4_8 | representation=standardized_signal
[2026-09-17 20:57:35] [Representation task] Done | pid=89162 | split=intra_subject_c957bc40c91f | group=bci2a_intra_theta_4_8 | representation=standardized_signal | elapsed=0s
[2026-09-17 20:57:35] [Representation] Progress 76/108 | remaining=32 | elapsed=0s | eta≈0s
[2026-09-17 20:57:35] [Representation task] Starting | pid=89162 | split=intra_subject_144d1fd38c02 | group=bci2a_intra_theta_4_8 | representation=statistical__all_standard
[2026-09-17 20:57:35] [Representation task] Done | pid=89162 | split=intra_subject_144d1fd38c02 | group=bci2a_intra_theta_4_8 | representation=statistical__all_standard | elapsed=0s
[2026-09-17 20:57:35] [Representation] Progress 77/108 | remaining=31 | elapsed=0s | eta≈0s
[2026-09-17 20:57:35] [Representation task] Starting | pid=89162 | split=intra_subject_144d1fd38c02 | group=bci2a_intra_theta_4_8 | representation=temporal__all_standard
[2026-09-17 20:57:35] [Representation task] Done | pid=89162 | split=intra_subject_144d1fd38c02 | group=bci2a_intra_theta_4_8 | representation=temporal__all_standard | elapsed=0s
[2026-09-17 20:57:35] [Representation] Progress 78/108 | remaining=30 | elapsed=0s | eta≈0s
[2026-09-17 20:57:35] [Representation task] Starting | pid=89162 | split=intra_subject_144d1fd38c02 | group=bci2a_intra_theta_4_8 | representation=csp_6__all_standard
[2026-09-17 20:57:35] [Representation task] Done | pid=89162 | split=intra_subject_144d1fd38c02 | group=bci2a_intra_theta_4_8 | representation=csp_6__all_standard | elapsed=0s
[2026-09-17 20:57:35] [Representation] Progress 79/108 | remaining=29 | elapsed=0s | eta≈0s
[2026-09-17 20:57:35] [Representation task] Starting | pid=89162 | split=intra_subject_144d1fd38c02 | group=bci2a_intra_theta_4_8 | representation=standardized_signal
[2026-09-17 20:57:35] [Representation task] Done | pid=89162 | split=intra_subject_144d1fd38c02 | group=bci2a_intra_theta_4_8 | representation=standardized_signal | elapsed=0s
[2026-09-17 20:57:35] [Representation] Progress 80/108 | remaining=28 | elapsed=0s | eta≈0s
[2026-09-17 20:57:35] [Representation task] Starting | pid=89162 | split=intra_subject_7deae5356a6a | group=bci2a_intra_theta_4_8 | representation=statistical__all_standard
[2026-09-17 20:57:35] [Representation task] Done | pid=89162 | split=intra_subject_7deae5356a6a | group=bci2a_intra_theta_4_8 | representation=statistical__all_standard | elapsed=0s
[2026-09-17 20:57:35] [Representation] Progress 81/108 | remaining=27 | elapsed=0s | eta≈0s
[2026-09-17 20:57:35] [Representation task] Starting | pid=89162 | split=intra_subject_7deae5356a6a | group=bci2a_intra_theta_4_8 | representation=temporal__all_standard
[2026-09-17 20:57:35] [Representation task] Done | pid=89162 | split=intra_subject_7deae5356a6a | group=bci2a_intra_theta_4_8 | representation=temporal__all_standard | elapsed=0s
[2026-09-17 20:57:35] [Representation] Progress 82/108 | remaining=26 | elapsed=0s | eta≈0s
[2026-09-17 20:57:35] [Representation task] Starting | pid=89162 | split=intra_subject_7deae5356a6a | group=bci2a_intra_theta_4_8 | representation=csp_6__all_standard
[2026-09-17 20:57:35] [Representation task] Done | pid=89162 | split=intra_subject_7deae5356a6a | group=bci2a_intra_theta_4_8 | representation=csp_6__all_standard | elapsed=0s
[2026-09-17 20:57:35] [Representation] Progress 83/108 | remaining=25 | elapsed=0s | eta≈0s
[2026-09-17 20:57:35] [Representation task] Starting | pid=89162 | split=intra_subject_7deae5356a6a | group=bci2a_intra_theta_4_8 | representation=standardized_signal
[2026-09-17 20:57:35] [Representation task] Done | pid=89162 | split=intra_subject_7deae5356a6a | group=bci2a_intra_theta_4_8 | representation=standardized_signal | elapsed=0s
[2026-09-17 20:57:35] [Representation] Progress 84/108 | remaining=24 | elapsed=0s | eta≈0s
[2026-09-17 20:57:35] [Representation task] Starting | pid=89162 | split=intra_subject_892abeea82e5 | group=bci2a_intra_theta_4_8 | representation=statistical__all_standard
[2026-09-17 20:57:35] [Representation task] Done | pid=89162 | split=intra_subject_892abeea82e5 | group=bci2a_intra_theta_4_8 | representation=statistical__all_standard | elapsed=0s
[2026-09-17 20:57:35] [Representation] Progress 85/108 | remaining=23 | elapsed=0s | eta≈0s
[2026-09-17 20:57:35] [Representation task] Starting | pid=89162 | split=intra_subject_892abeea82e5 | group=bci2a_intra_theta_4_8 | representation=temporal__all_standard
[2026-09-17 20:57:35] [Representation task] Done | pid=89162 | split=intra_subject_892abeea82e5 | group=bci2a_intra_theta_4_8 | representation=temporal__all_standard | elapsed=0s
[2026-09-17 20:57:35] [Representation] Progress 86/108 | remaining=22 | elapsed=0s | eta≈0s
[2026-09-17 20:57:35] [Representation task] Starting | pid=89162 | split=intra_subject_892abeea82e5 | group=bci2a_intra_theta_4_8 | representation=csp_6__all_standard
[2026-09-17 20:57:35] [Representation task] Done | pid=89162 | split=intra_subject_892abeea82e5 | group=bci2a_intra_theta_4_8 | representation=csp_6__all_standard | elapsed=0s
[2026-09-17 20:57:35] [Representation] Progress 87/108 | remaining=21 | elapsed=0s | eta≈0s
[2026-09-17 20:57:35] [Representation task] Starting | pid=89162 | split=intra_subject_892abeea82e5 | group=bci2a_intra_theta_4_8 | representation=standardized_signal
[2026-09-17 20:57:35] [Representation task] Done | pid=89162 | split=intra_subject_892abeea82e5 | group=bci2a_intra_theta_4_8 | representation=standardized_signal | elapsed=0s
[2026-09-17 20:57:35] [Representation] Progress 88/108 | remaining=20 | elapsed=0s | eta≈0s
[2026-09-17 20:57:35] [Representation task] Starting | pid=89162 | split=intra_subject_3702a100e6d1 | group=bci2a_intra_theta_4_8 | representation=statistical__all_standard
[2026-09-17 20:57:35] [Representation task] Done | pid=89162 | split=intra_subject_3702a100e6d1 | group=bci2a_intra_theta_4_8 | representation=statistical__all_standard | elapsed=0s
[2026-09-17 20:57:35] [Representation] Progress 89/108 | remaining=19 | elapsed=0s | eta≈0s
[2026-09-17 20:57:35] [Representation task] Starting | pid=89162 | split=intra_subject_3702a100e6d1 | group=bci2a_intra_theta_4_8 | representation=temporal__all_standard
[2026-09-17 20:57:35] [Representation task] Done | pid=89162 | split=intra_subject_3702a100e6d1 | group=bci2a_intra_theta_4_8 | representation=temporal__all_standard | elapsed=0s
[2026-09-17 20:57:35] [Representation] Progress 90/108 | remaining=18 | elapsed=0s | eta≈0s
[2026-09-17 20:57:35] [Representation task] Starting | pid=89162 | split=intra_subject_3702a100e6d1 | group=bci2a_intra_theta_4_8 | representation=csp_6__all_standard
[2026-09-17 20:57:35] [Representation task] Done | pid=89162 | split=intra_subject_3702a100e6d1 | group=bci2a_intra_theta_4_8 | representation=csp_6__all_standard | elapsed=0s
[2026-09-17 20:57:35] [Representation] Progress 91/108 | remaining=17 | elapsed=0s | eta≈0s
[2026-09-17 20:57:35] [Representation task] Starting | pid=89162 | split=intra_subject_3702a100e6d1 | group=bci2a_intra_theta_4_8 | representation=standardized_signal
[2026-09-17 20:57:35] [Representation task] Done | pid=89162 | split=intra_subject_3702a100e6d1 | group=bci2a_intra_theta_4_8 | representation=standardized_signal | elapsed=0s
[2026-09-17 20:57:35] [Representation] Progress 92/108 | remaining=16 | elapsed=0s | eta≈0s
[2026-09-17 20:57:35] [Representation task] Starting | pid=89162 | split=intra_subject_d3ec8f8134fa | group=bci2a_intra_theta_4_8 | representation=statistical__all_standard
[2026-09-17 20:57:35] [Representation task] Done | pid=89162 | split=intra_subject_d3ec8f8134fa | group=bci2a_intra_theta_4_8 | representation=statistical__all_standard | elapsed=0s
[2026-09-17 20:57:35] [Representation] Progress 93/108 | remaining=15 | elapsed=0s | eta≈0s
[2026-09-17 20:57:35] [Representation task] Starting | pid=89162 | split=intra_subject_d3ec8f8134fa | group=bci2a_intra_theta_4_8 | representation=temporal__all_standard
[2026-09-17 20:57:35] [Representation task] Done | pid=89162 | split=intra_subject_d3ec8f8134fa | group=bci2a_intra_theta_4_8 | representation=temporal__all_standard | elapsed=0s
[2026-09-17 20:57:35] [Representation] Progress 94/108 | remaining=14 | elapsed=0s | eta≈0s
[2026-09-17 20:57:35] [Representation task] Starting | pid=89162 | split=intra_subject_d3ec8f8134fa | group=bci2a_intra_theta_4_8 | representation=csp_6__all_standard
[2026-09-17 20:57:35] [Representation task] Done | pid=89162 | split=intra_subject_d3ec8f8134fa | group=bci2a_intra_theta_4_8 | representation=csp_6__all_standard | elapsed=0s
[2026-09-17 20:57:35] [Representation] Progress 95/108 | remaining=13 | elapsed=0s | eta≈0s
[2026-09-17 20:57:35] [Representation task] Starting | pid=89162 | split=intra_subject_d3ec8f8134fa | group=bci2a_intra_theta_4_8 | representation=standardized_signal
[2026-09-17 20:57:35] [Representation task] Done | pid=89162 | split=intra_subject_d3ec8f8134fa | group=bci2a_intra_theta_4_8 | representation=standardized_signal | elapsed=0s
[2026-09-17 20:57:35] [Representation] Progress 96/108 | remaining=12 | elapsed=0s | eta≈0s
[2026-09-17 20:57:35] [Representation task] Starting | pid=89162 | split=intra_subject_4331055f55c1 | group=bci2a_intra_theta_4_8 | representation=statistical__all_standard
[2026-09-17 20:57:35] [Representation task] Done | pid=89162 | split=intra_subject_4331055f55c1 | group=bci2a_intra_theta_4_8 | representation=statistical__all_standard | elapsed=0s
[2026-09-17 20:57:35] [Representation] Progress 97/108 | remaining=11 | elapsed=0s | eta≈0s
[2026-09-17 20:57:35] [Representation task] Starting | pid=89162 | split=intra_subject_4331055f55c1 | group=bci2a_intra_theta_4_8 | representation=temporal__all_standard
[2026-09-17 20:57:35] [Representation task] Done | pid=89162 | split=intra_subject_4331055f55c1 | group=bci2a_intra_theta_4_8 | representation=temporal__all_standard | elapsed=0s
[2026-09-17 20:57:35] [Representation] Progress 98/108 | remaining=10 | elapsed=0s | eta≈0s
[2026-09-17 20:57:35] [Representation task] Starting | pid=89162 | split=intra_subject_4331055f55c1 | group=bci2a_intra_theta_4_8 | representation=csp_6__all_standard
[2026-09-17 20:57:35] [Representation task] Done | pid=89162 | split=intra_subject_4331055f55c1 | group=bci2a_intra_theta_4_8 | representation=csp_6__all_standard | elapsed=0s
[2026-09-17 20:57:35] [Representation] Progress 99/108 | remaining=9 | elapsed=0s | eta≈0s
[2026-09-17 20:57:35] [Representation task] Starting | pid=89162 | split=intra_subject_4331055f55c1 | group=bci2a_intra_theta_4_8 | representation=standardized_signal
[2026-09-17 20:57:35] [Representation task] Done | pid=89162 | split=intra_subject_4331055f55c1 | group=bci2a_intra_theta_4_8 | representation=standardized_signal | elapsed=0s
[2026-09-17 20:57:35] [Representation] Progress 100/108 | remaining=8 | elapsed=0s | eta≈0s
[2026-09-17 20:57:35] [Representation task] Starting | pid=89162 | split=intra_subject_5202b207c83d | group=bci2a_intra_theta_4_8 | representation=statistical__all_standard
[2026-09-17 20:57:35] [Representation task] Done | pid=89162 | split=intra_subject_5202b207c83d | group=bci2a_intra_theta_4_8 | representation=statistical__all_standard | elapsed=0s
[2026-09-17 20:57:35] [Representation] Progress 101/108 | remaining=7 | elapsed=0s | eta≈0s
[2026-09-17 20:57:35] [Representation task] Starting | pid=89162 | split=intra_subject_5202b207c83d | group=bci2a_intra_theta_4_8 | representation=temporal__all_standard
[2026-09-17 20:57:35] [Representation task] Done | pid=89162 | split=intra_subject_5202b207c83d | group=bci2a_intra_theta_4_8 | representation=temporal__all_standard | elapsed=0s
[2026-09-17 20:57:35] [Representation] Progress 102/108 | remaining=6 | elapsed=0s | eta≈0s
[2026-09-17 20:57:35] [Representation task] Starting | pid=89162 | split=intra_subject_5202b207c83d | group=bci2a_intra_theta_4_8 | representation=csp_6__all_standard
[2026-09-17 20:57:35] [Representation task] Done | pid=89162 | split=intra_subject_5202b207c83d | group=bci2a_intra_theta_4_8 | representation=csp_6__all_standard | elapsed=0s
[2026-09-17 20:57:35] [Representation] Progress 103/108 | remaining=5 | elapsed=0s | eta≈0s
[2026-09-17 20:57:35] [Representation task] Starting | pid=89162 | split=intra_subject_5202b207c83d | group=bci2a_intra_theta_4_8 | representation=standardized_signal
[2026-09-17 20:57:35] [Representation task] Done | pid=89162 | split=intra_subject_5202b207c83d | group=bci2a_intra_theta_4_8 | representation=standardized_signal | elapsed=0s
[2026-09-17 20:57:35] [Representation] Progress 104/108 | remaining=4 | elapsed=0s | eta≈0s
[2026-09-17 20:57:35] [Representation task] Starting | pid=89162 | split=intra_subject_2a071fee955d | group=bci2a_intra_theta_4_8 | representation=statistical__all_standard
[2026-09-17 20:57:35] [Representation task] Done | pid=89162 | split=intra_subject_2a071fee955d | group=bci2a_intra_theta_4_8 | representation=statistical__all_standard | elapsed=0s
[2026-09-17 20:57:35] [Representation] Progress 105/108 | remaining=3 | elapsed=0s | eta≈0s
[2026-09-17 20:57:35] [Representation task] Starting | pid=89162 | split=intra_subject_2a071fee955d | group=bci2a_intra_theta_4_8 | representation=temporal__all_standard
[2026-09-17 20:57:35] [Representation task] Done | pid=89162 | split=intra_subject_2a071fee955d | group=bci2a_intra_theta_4_8 | representation=temporal__all_standard | elapsed=0s
[2026-09-17 20:57:35] [Representation] Progress 106/108 | remaining=2 | elapsed=0s | eta≈0s
[2026-09-17 20:57:35] [Representation task] Starting | pid=89162 | split=intra_subject_2a071fee955d | group=bci2a_intra_theta_4_8 | representation=csp_6__all_standard
[2026-09-17 20:57:35] [Representation task] Done | pid=89162 | split=intra_subject_2a071fee955d | group=bci2a_intra_theta_4_8 | representation=csp_6__all_standard | elapsed=0s
[2026-09-17 20:57:35] [Representation] Progress 107/108 | remaining=1 | elapsed=0s | eta≈0s
[2026-09-17 20:57:35] [Representation task] Starting | pid=89162 | split=intra_subject_2a071fee955d | group=bci2a_intra_theta_4_8 | representation=standardized_signal
[2026-09-17 20:57:35] [Representation task] Done | pid=89162 | split=intra_subject_2a071fee955d | group=bci2a_intra_theta_4_8 | representation=standardized_signal | elapsed=0s
[2026-09-17 20:57:35] [Representation] Progress 108/108 | remaining=0 | elapsed=0s | eta≈0s
[2026-09-17 20:57:35] [Representation] Done | elapsed=0s
[2026-09-17 20:57:35] [Training] Starting...
[2026-09-17 20:57:35] [Training] Tasks=108 | workers=1
[2026-09-17 20:57:35] [Training task] Starting | pid=89162 | item=1 | split=intra_subject_c957bc40c91f | representation=statistical__all_standard | model=logistic_regression
[2026-09-17 20:57:35] [Training task] Done | pid=89162 | item=1 | split=intra_subject_c957bc40c91f | representation=statistical__all_standard | model=logistic_regression | elapsed=0s
[2026-09-17 20:57:35] [Training] Progress 1/108 | remaining=107 | elapsed=0s | eta≈0s
[2026-09-17 20:57:35] [Training task] Starting | pid=89162 | item=2 | split=intra_subject_c957bc40c91f | representation=temporal__all_standard | model=logistic_regression
[2026-09-17 20:57:35] [Training task] Done | pid=89162 | item=2 | split=intra_subject_c957bc40c91f | representation=temporal__all_standard | model=logistic_regression | elapsed=0s
[2026-09-17 20:57:35] [Training] Progress 2/108 | remaining=106 | elapsed=0s | eta≈0s
[2026-09-17 20:57:35] [Training task] Starting | pid=89162 | item=3 | split=intra_subject_c957bc40c91f | representation=csp_6__all_standard | model=logistic_regression
[2026-09-17 20:57:35] [Training task] Done | pid=89162 | item=3 | split=intra_subject_c957bc40c91f | representation=csp_6__all_standard | model=logistic_regression | elapsed=0s
[2026-09-17 20:57:35] [Training] Progress 3/108 | remaining=105 | elapsed=0s | eta≈0s
[2026-09-17 20:57:35] [Training task] Starting | pid=89162 | item=4 | split=intra_subject_c957bc40c91f | representation=standardized_signal | model=eegnet
[2026-09-17 20:57:35] [Training task] Done | pid=89162 | item=4 | split=intra_subject_c957bc40c91f | representation=standardized_signal | model=eegnet | elapsed=0s
[2026-09-17 20:57:35] [Training] Progress 4/108 | remaining=104 | elapsed=0s | eta≈0s
[2026-09-17 20:57:35] [Training task] Starting | pid=89162 | item=5 | split=intra_subject_144d1fd38c02 | representation=statistical__all_standard | model=logistic_regression
[2026-09-17 20:57:35] [Training task] Done | pid=89162 | item=5 | split=intra_subject_144d1fd38c02 | representation=statistical__all_standard | model=logistic_regression | elapsed=0s
[2026-09-17 20:57:35] [Training] Progress 5/108 | remaining=103 | elapsed=0s | eta≈0s
[2026-09-17 20:57:35] [Training task] Starting | pid=89162 | item=6 | split=intra_subject_144d1fd38c02 | representation=temporal__all_standard | model=logistic_regression
[2026-09-17 20:57:35] [Training task] Done | pid=89162 | item=6 | split=intra_subject_144d1fd38c02 | representation=temporal__all_standard | model=logistic_regression | elapsed=0s
[2026-09-17 20:57:35] [Training] Progress 6/108 | remaining=102 | elapsed=0s | eta≈0s
[2026-09-17 20:57:35] [Training task] Starting | pid=89162 | item=7 | split=intra_subject_144d1fd38c02 | representation=csp_6__all_standard | model=logistic_regression
[2026-09-17 20:57:35] [Training task] Done | pid=89162 | item=7 | split=intra_subject_144d1fd38c02 | representation=csp_6__all_standard | model=logistic_regression | elapsed=0s
[2026-09-17 20:57:35] [Training] Progress 7/108 | remaining=101 | elapsed=0s | eta≈0s
[2026-09-17 20:57:35] [Training task] Starting | pid=89162 | item=8 | split=intra_subject_144d1fd38c02 | representation=standardized_signal | model=eegnet
[2026-09-17 20:57:35] [Training task] Done | pid=89162 | item=8 | split=intra_subject_144d1fd38c02 | representation=standardized_signal | model=eegnet | elapsed=0s
[2026-09-17 20:57:35] [Training] Progress 8/108 | remaining=100 | elapsed=0s | eta≈0s
[2026-09-17 20:57:35] [Training task] Starting | pid=89162 | item=9 | split=intra_subject_7deae5356a6a | representation=statistical__all_standard | model=logistic_regression
[2026-09-17 20:57:35] [Training task] Done | pid=89162 | item=9 | split=intra_subject_7deae5356a6a | representation=statistical__all_standard | model=logistic_regression | elapsed=0s
[2026-09-17 20:57:35] [Training] Progress 9/108 | remaining=99 | elapsed=0s | eta≈0s
[2026-09-17 20:57:35] [Training task] Starting | pid=89162 | item=10 | split=intra_subject_7deae5356a6a | representation=temporal__all_standard | model=logistic_regression
[2026-09-17 20:57:35] [Training task] Done | pid=89162 | item=10 | split=intra_subject_7deae5356a6a | representation=temporal__all_standard | model=logistic_regression | elapsed=0s
[2026-09-17 20:57:35] [Training] Progress 10/108 | remaining=98 | elapsed=0s | eta≈0s
[2026-09-17 20:57:35] [Training task] Starting | pid=89162 | item=11 | split=intra_subject_7deae5356a6a | representation=csp_6__all_standard | model=logistic_regression
[2026-09-17 20:57:35] [Training task] Done | pid=89162 | item=11 | split=intra_subject_7deae5356a6a | representation=csp_6__all_standard | model=logistic_regression | elapsed=0s
[2026-09-17 20:57:35] [Training] Progress 11/108 | remaining=97 | elapsed=0s | eta≈0s
[2026-09-17 20:57:35] [Training task] Starting | pid=89162 | item=12 | split=intra_subject_7deae5356a6a | representation=standardized_signal | model=eegnet
[2026-09-17 20:57:35] [Training task] Done | pid=89162 | item=12 | split=intra_subject_7deae5356a6a | representation=standardized_signal | model=eegnet | elapsed=0s
[2026-09-17 20:57:35] [Training] Progress 12/108 | remaining=96 | elapsed=0s | eta≈0s
[2026-09-17 20:57:35] [Training task] Starting | pid=89162 | item=13 | split=intra_subject_892abeea82e5 | representation=statistical__all_standard | model=logistic_regression
[2026-09-17 20:57:35] [Training task] Done | pid=89162 | item=13 | split=intra_subject_892abeea82e5 | representation=statistical__all_standard | model=logistic_regression | elapsed=0s
[2026-09-17 20:57:35] [Training] Progress 13/108 | remaining=95 | elapsed=0s | eta≈0s
[2026-09-17 20:57:35] [Training task] Starting | pid=89162 | item=14 | split=intra_subject_892abeea82e5 | representation=temporal__all_standard | model=logistic_regression
[2026-09-17 20:57:35] [Training task] Done | pid=89162 | item=14 | split=intra_subject_892abeea82e5 | representation=temporal__all_standard | model=logistic_regression | elapsed=0s
[2026-09-17 20:57:35] [Training] Progress 14/108 | remaining=94 | elapsed=0s | eta≈0s
[2026-09-17 20:57:35] [Training task] Starting | pid=89162 | item=15 | split=intra_subject_892abeea82e5 | representation=csp_6__all_standard | model=logistic_regression
[2026-09-17 20:57:35] [Training task] Done | pid=89162 | item=15 | split=intra_subject_892abeea82e5 | representation=csp_6__all_standard | model=logistic_regression | elapsed=0s
[2026-09-17 20:57:35] [Training] Progress 15/108 | remaining=93 | elapsed=0s | eta≈0s
[2026-09-17 20:57:35] [Training task] Starting | pid=89162 | item=16 | split=intra_subject_892abeea82e5 | representation=standardized_signal | model=eegnet
[2026-09-17 20:57:35] [Training task] Done | pid=89162 | item=16 | split=intra_subject_892abeea82e5 | representation=standardized_signal | model=eegnet | elapsed=0s
[2026-09-17 20:57:35] [Training] Progress 16/108 | remaining=92 | elapsed=0s | eta≈0s
[2026-09-17 20:57:35] [Training task] Starting | pid=89162 | item=17 | split=intra_subject_3702a100e6d1 | representation=statistical__all_standard | model=logistic_regression
[2026-09-17 20:57:35] [Training task] Done | pid=89162 | item=17 | split=intra_subject_3702a100e6d1 | representation=statistical__all_standard | model=logistic_regression | elapsed=0s
[2026-09-17 20:57:35] [Training] Progress 17/108 | remaining=91 | elapsed=0s | eta≈0s
[2026-09-17 20:57:35] [Training task] Starting | pid=89162 | item=18 | split=intra_subject_3702a100e6d1 | representation=temporal__all_standard | model=logistic_regression
[2026-09-17 20:57:35] [Training task] Done | pid=89162 | item=18 | split=intra_subject_3702a100e6d1 | representation=temporal__all_standard | model=logistic_regression | elapsed=0s
[2026-09-17 20:57:35] [Training] Progress 18/108 | remaining=90 | elapsed=0s | eta≈0s
[2026-09-17 20:57:35] [Training task] Starting | pid=89162 | item=19 | split=intra_subject_3702a100e6d1 | representation=csp_6__all_standard | model=logistic_regression
[2026-09-17 20:57:35] [Training task] Done | pid=89162 | item=19 | split=intra_subject_3702a100e6d1 | representation=csp_6__all_standard | model=logistic_regression | elapsed=0s
[2026-09-17 20:57:35] [Training] Progress 19/108 | remaining=89 | elapsed=0s | eta≈0s
[2026-09-17 20:57:35] [Training task] Starting | pid=89162 | item=20 | split=intra_subject_3702a100e6d1 | representation=standardized_signal | model=eegnet
[2026-09-17 20:57:35] [Training task] Done | pid=89162 | item=20 | split=intra_subject_3702a100e6d1 | representation=standardized_signal | model=eegnet | elapsed=0s
[2026-09-17 20:57:35] [Training] Progress 20/108 | remaining=88 | elapsed=0s | eta≈0s
[2026-09-17 20:57:35] [Training task] Starting | pid=89162 | item=21 | split=intra_subject_d3ec8f8134fa | representation=statistical__all_standard | model=logistic_regression
[2026-09-17 20:57:35] [Training task] Done | pid=89162 | item=21 | split=intra_subject_d3ec8f8134fa | representation=statistical__all_standard | model=logistic_regression | elapsed=0s
[2026-09-17 20:57:35] [Training] Progress 21/108 | remaining=87 | elapsed=0s | eta≈0s
[2026-09-17 20:57:35] [Training task] Starting | pid=89162 | item=22 | split=intra_subject_d3ec8f8134fa | representation=temporal__all_standard | model=logistic_regression
[2026-09-17 20:57:35] [Training task] Done | pid=89162 | item=22 | split=intra_subject_d3ec8f8134fa | representation=temporal__all_standard | model=logistic_regression | elapsed=0s
[2026-09-17 20:57:35] [Training] Progress 22/108 | remaining=86 | elapsed=0s | eta≈0s
[2026-09-17 20:57:35] [Training task] Starting | pid=89162 | item=23 | split=intra_subject_d3ec8f8134fa | representation=csp_6__all_standard | model=logistic_regression
[2026-09-17 20:57:35] [Training task] Done | pid=89162 | item=23 | split=intra_subject_d3ec8f8134fa | representation=csp_6__all_standard | model=logistic_regression | elapsed=0s
[2026-09-17 20:57:35] [Training] Progress 23/108 | remaining=85 | elapsed=0s | eta≈0s
[2026-09-17 20:57:35] [Training task] Starting | pid=89162 | item=24 | split=intra_subject_d3ec8f8134fa | representation=standardized_signal | model=eegnet
[2026-09-17 20:57:35] [Training task] Done | pid=89162 | item=24 | split=intra_subject_d3ec8f8134fa | representation=standardized_signal | model=eegnet | elapsed=0s
[2026-09-17 20:57:35] [Training] Progress 24/108 | remaining=84 | elapsed=0s | eta≈0s
[2026-09-17 20:57:35] [Training task] Starting | pid=89162 | item=25 | split=intra_subject_4331055f55c1 | representation=statistical__all_standard | model=logistic_regression
[2026-09-17 20:57:35] [Training task] Done | pid=89162 | item=25 | split=intra_subject_4331055f55c1 | representation=statistical__all_standard | model=logistic_regression | elapsed=0s
[2026-09-17 20:57:35] [Training] Progress 25/108 | remaining=83 | elapsed=0s | eta≈0s
[2026-09-17 20:57:35] [Training task] Starting | pid=89162 | item=26 | split=intra_subject_4331055f55c1 | representation=temporal__all_standard | model=logistic_regression
[2026-09-17 20:57:35] [Training task] Done | pid=89162 | item=26 | split=intra_subject_4331055f55c1 | representation=temporal__all_standard | model=logistic_regression | elapsed=0s
[2026-09-17 20:57:35] [Training] Progress 26/108 | remaining=82 | elapsed=0s | eta≈0s
[2026-09-17 20:57:35] [Training task] Starting | pid=89162 | item=27 | split=intra_subject_4331055f55c1 | representation=csp_6__all_standard | model=logistic_regression
[2026-09-17 20:57:35] [Training task] Done | pid=89162 | item=27 | split=intra_subject_4331055f55c1 | representation=csp_6__all_standard | model=logistic_regression | elapsed=0s
[2026-09-17 20:57:35] [Training] Progress 27/108 | remaining=81 | elapsed=0s | eta≈0s
[2026-09-17 20:57:35] [Training task] Starting | pid=89162 | item=28 | split=intra_subject_4331055f55c1 | representation=standardized_signal | model=eegnet
[2026-09-17 20:57:35] [Training task] Done | pid=89162 | item=28 | split=intra_subject_4331055f55c1 | representation=standardized_signal | model=eegnet | elapsed=0s
[2026-09-17 20:57:35] [Training] Progress 28/108 | remaining=80 | elapsed=0s | eta≈0s
[2026-09-17 20:57:35] [Training task] Starting | pid=89162 | item=29 | split=intra_subject_5202b207c83d | representation=statistical__all_standard | model=logistic_regression
[2026-09-17 20:57:35] [Training task] Done | pid=89162 | item=29 | split=intra_subject_5202b207c83d | representation=statistical__all_standard | model=logistic_regression | elapsed=0s
[2026-09-17 20:57:35] [Training] Progress 29/108 | remaining=79 | elapsed=0s | eta≈0s
[2026-09-17 20:57:35] [Training task] Starting | pid=89162 | item=30 | split=intra_subject_5202b207c83d | representation=temporal__all_standard | model=logistic_regression
[2026-09-17 20:57:35] [Training task] Done | pid=89162 | item=30 | split=intra_subject_5202b207c83d | representation=temporal__all_standard | model=logistic_regression | elapsed=0s
[2026-09-17 20:57:35] [Training] Progress 30/108 | remaining=78 | elapsed=0s | eta≈0s
[2026-09-17 20:57:35] [Training task] Starting | pid=89162 | item=31 | split=intra_subject_5202b207c83d | representation=csp_6__all_standard | model=logistic_regression
[2026-09-17 20:57:35] [Training task] Done | pid=89162 | item=31 | split=intra_subject_5202b207c83d | representation=csp_6__all_standard | model=logistic_regression | elapsed=0s
[2026-09-17 20:57:35] [Training] Progress 31/108 | remaining=77 | elapsed=0s | eta≈0s
[2026-09-17 20:57:35] [Training task] Starting | pid=89162 | item=32 | split=intra_subject_5202b207c83d | representation=standardized_signal | model=eegnet
[2026-09-17 20:57:35] [Training task] Done | pid=89162 | item=32 | split=intra_subject_5202b207c83d | representation=standardized_signal | model=eegnet | elapsed=0s
[2026-09-17 20:57:35] [Training] Progress 32/108 | remaining=76 | elapsed=0s | eta≈0s
[2026-09-17 20:57:35] [Training task] Starting | pid=89162 | item=33 | split=intra_subject_2a071fee955d | representation=statistical__all_standard | model=logistic_regression
[2026-09-17 20:57:35] [Training task] Done | pid=89162 | item=33 | split=intra_subject_2a071fee955d | representation=statistical__all_standard | model=logistic_regression | elapsed=0s
[2026-09-17 20:57:35] [Training] Progress 33/108 | remaining=75 | elapsed=0s | eta≈0s
[2026-09-17 20:57:35] [Training task] Starting | pid=89162 | item=34 | split=intra_subject_2a071fee955d | representation=temporal__all_standard | model=logistic_regression
[2026-09-17 20:57:35] [Training task] Done | pid=89162 | item=34 | split=intra_subject_2a071fee955d | representation=temporal__all_standard | model=logistic_regression | elapsed=0s
[2026-09-17 20:57:35] [Training] Progress 34/108 | remaining=74 | elapsed=0s | eta≈0s
[2026-09-17 20:57:35] [Training task] Starting | pid=89162 | item=35 | split=intra_subject_2a071fee955d | representation=csp_6__all_standard | model=logistic_regression
[2026-09-17 20:57:35] [Training task] Done | pid=89162 | item=35 | split=intra_subject_2a071fee955d | representation=csp_6__all_standard | model=logistic_regression | elapsed=0s
[2026-09-17 20:57:35] [Training] Progress 35/108 | remaining=73 | elapsed=0s | eta≈0s
[2026-09-17 20:57:35] [Training task] Starting | pid=89162 | item=36 | split=intra_subject_2a071fee955d | representation=standardized_signal | model=eegnet
[2026-09-17 20:57:35] [Training task] Done | pid=89162 | item=36 | split=intra_subject_2a071fee955d | representation=standardized_signal | model=eegnet | elapsed=0s
[2026-09-17 20:57:35] [Training] Progress 36/108 | remaining=72 | elapsed=0s | eta≈0s
[2026-09-17 20:57:35] [Training task] Starting | pid=89162 | item=37 | split=intra_subject_c957bc40c91f | representation=statistical__all_standard | model=logistic_regression
[2026-09-17 20:57:35] [Training task] Done | pid=89162 | item=37 | split=intra_subject_c957bc40c91f | representation=statistical__all_standard | model=logistic_regression | elapsed=0s
[2026-09-17 20:57:35] [Training] Progress 37/108 | remaining=71 | elapsed=0s | eta≈0s
[2026-09-17 20:57:35] [Training task] Starting | pid=89162 | item=38 | split=intra_subject_c957bc40c91f | representation=temporal__all_standard | model=logistic_regression
[2026-09-17 20:57:35] [Training task] Done | pid=89162 | item=38 | split=intra_subject_c957bc40c91f | representation=temporal__all_standard | model=logistic_regression | elapsed=0s
[2026-09-17 20:57:35] [Training] Progress 38/108 | remaining=70 | elapsed=0s | eta≈0s
[2026-09-17 20:57:35] [Training task] Starting | pid=89162 | item=39 | split=intra_subject_c957bc40c91f | representation=csp_6__all_standard | model=logistic_regression
[2026-09-17 20:57:35] [Training task] Done | pid=89162 | item=39 | split=intra_subject_c957bc40c91f | representation=csp_6__all_standard | model=logistic_regression | elapsed=0s
[2026-09-17 20:57:35] [Training] Progress 39/108 | remaining=69 | elapsed=0s | eta≈0s
[2026-09-17 20:57:35] [Training task] Starting | pid=89162 | item=40 | split=intra_subject_c957bc40c91f | representation=standardized_signal | model=eegnet
[2026-09-17 20:57:35] [Training task] Done | pid=89162 | item=40 | split=intra_subject_c957bc40c91f | representation=standardized_signal | model=eegnet | elapsed=0s
[2026-09-17 20:57:35] [Training] Progress 40/108 | remaining=68 | elapsed=0s | eta≈0s
[2026-09-17 20:57:35] [Training task] Starting | pid=89162 | item=41 | split=intra_subject_144d1fd38c02 | representation=statistical__all_standard | model=logistic_regression
[2026-09-17 20:57:35] [Training task] Done | pid=89162 | item=41 | split=intra_subject_144d1fd38c02 | representation=statistical__all_standard | model=logistic_regression | elapsed=0s
[2026-09-17 20:57:35] [Training] Progress 41/108 | remaining=67 | elapsed=0s | eta≈0s
[2026-09-17 20:57:35] [Training task] Starting | pid=89162 | item=42 | split=intra_subject_144d1fd38c02 | representation=temporal__all_standard | model=logistic_regression
[2026-09-17 20:57:35] [Training task] Done | pid=89162 | item=42 | split=intra_subject_144d1fd38c02 | representation=temporal__all_standard | model=logistic_regression | elapsed=0s
[2026-09-17 20:57:35] [Training] Progress 42/108 | remaining=66 | elapsed=0s | eta≈0s
[2026-09-17 20:57:35] [Training task] Starting | pid=89162 | item=43 | split=intra_subject_144d1fd38c02 | representation=csp_6__all_standard | model=logistic_regression
[2026-09-17 20:57:35] [Training task] Done | pid=89162 | item=43 | split=intra_subject_144d1fd38c02 | representation=csp_6__all_standard | model=logistic_regression | elapsed=0s
[2026-09-17 20:57:35] [Training] Progress 43/108 | remaining=65 | elapsed=0s | eta≈0s
[2026-09-17 20:57:35] [Training task] Starting | pid=89162 | item=44 | split=intra_subject_144d1fd38c02 | representation=standardized_signal | model=eegnet
[2026-09-17 20:57:35] [Training task] Done | pid=89162 | item=44 | split=intra_subject_144d1fd38c02 | representation=standardized_signal | model=eegnet | elapsed=0s
[2026-09-17 20:57:35] [Training] Progress 44/108 | remaining=64 | elapsed=0s | eta≈0s
[2026-09-17 20:57:35] [Training task] Starting | pid=89162 | item=45 | split=intra_subject_7deae5356a6a | representation=statistical__all_standard | model=logistic_regression
[2026-09-17 20:57:35] [Training task] Done | pid=89162 | item=45 | split=intra_subject_7deae5356a6a | representation=statistical__all_standard | model=logistic_regression | elapsed=0s
[2026-09-17 20:57:35] [Training] Progress 45/108 | remaining=63 | elapsed=0s | eta≈0s
[2026-09-17 20:57:35] [Training task] Starting | pid=89162 | item=46 | split=intra_subject_7deae5356a6a | representation=temporal__all_standard | model=logistic_regression
[2026-09-17 20:57:35] [Training task] Done | pid=89162 | item=46 | split=intra_subject_7deae5356a6a | representation=temporal__all_standard | model=logistic_regression | elapsed=0s
[2026-09-17 20:57:35] [Training] Progress 46/108 | remaining=62 | elapsed=0s | eta≈0s
[2026-09-17 20:57:35] [Training task] Starting | pid=89162 | item=47 | split=intra_subject_7deae5356a6a | representation=csp_6__all_standard | model=logistic_regression
[2026-09-17 20:57:35] [Training task] Done | pid=89162 | item=47 | split=intra_subject_7deae5356a6a | representation=csp_6__all_standard | model=logistic_regression | elapsed=0s
[2026-09-17 20:57:35] [Training] Progress 47/108 | remaining=61 | elapsed=0s | eta≈0s
[2026-09-17 20:57:35] [Training task] Starting | pid=89162 | item=48 | split=intra_subject_7deae5356a6a | representation=standardized_signal | model=eegnet
[2026-09-17 20:57:35] [Training task] Done | pid=89162 | item=48 | split=intra_subject_7deae5356a6a | representation=standardized_signal | model=eegnet | elapsed=0s
[2026-09-17 20:57:35] [Training] Progress 48/108 | remaining=60 | elapsed=0s | eta≈0s
[2026-09-17 20:57:35] [Training task] Starting | pid=89162 | item=49 | split=intra_subject_892abeea82e5 | representation=statistical__all_standard | model=logistic_regression
[2026-09-17 20:57:35] [Training task] Done | pid=89162 | item=49 | split=intra_subject_892abeea82e5 | representation=statistical__all_standard | model=logistic_regression | elapsed=0s
[2026-09-17 20:57:35] [Training] Progress 49/108 | remaining=59 | elapsed=0s | eta≈0s
[2026-09-17 20:57:35] [Training task] Starting | pid=89162 | item=50 | split=intra_subject_892abeea82e5 | representation=temporal__all_standard | model=logistic_regression
[2026-09-17 20:57:35] [Training task] Done | pid=89162 | item=50 | split=intra_subject_892abeea82e5 | representation=temporal__all_standard | model=logistic_regression | elapsed=0s
[2026-09-17 20:57:35] [Training] Progress 50/108 | remaining=58 | elapsed=0s | eta≈0s
[2026-09-17 20:57:35] [Training task] Starting | pid=89162 | item=51 | split=intra_subject_892abeea82e5 | representation=csp_6__all_standard | model=logistic_regression
[2026-09-17 20:57:35] [Training task] Done | pid=89162 | item=51 | split=intra_subject_892abeea82e5 | representation=csp_6__all_standard | model=logistic_regression | elapsed=0s
[2026-09-17 20:57:35] [Training] Progress 51/108 | remaining=57 | elapsed=0s | eta≈0s
[2026-09-17 20:57:35] [Training task] Starting | pid=89162 | item=52 | split=intra_subject_892abeea82e5 | representation=standardized_signal | model=eegnet
[2026-09-17 20:57:35] [Training task] Done | pid=89162 | item=52 | split=intra_subject_892abeea82e5 | representation=standardized_signal | model=eegnet | elapsed=0s
[2026-09-17 20:57:35] [Training] Progress 52/108 | remaining=56 | elapsed=0s | eta≈0s
[2026-09-17 20:57:35] [Training task] Starting | pid=89162 | item=53 | split=intra_subject_3702a100e6d1 | representation=statistical__all_standard | model=logistic_regression
[2026-09-17 20:57:35] [Training task] Done | pid=89162 | item=53 | split=intra_subject_3702a100e6d1 | representation=statistical__all_standard | model=logistic_regression | elapsed=0s
[2026-09-17 20:57:35] [Training] Progress 53/108 | remaining=55 | elapsed=0s | eta≈0s
[2026-09-17 20:57:35] [Training task] Starting | pid=89162 | item=54 | split=intra_subject_3702a100e6d1 | representation=temporal__all_standard | model=logistic_regression
[2026-09-17 20:57:35] [Training task] Done | pid=89162 | item=54 | split=intra_subject_3702a100e6d1 | representation=temporal__all_standard | model=logistic_regression | elapsed=0s
[2026-09-17 20:57:35] [Training] Progress 54/108 | remaining=54 | elapsed=0s | eta≈0s
[2026-09-17 20:57:35] [Training task] Starting | pid=89162 | item=55 | split=intra_subject_3702a100e6d1 | representation=csp_6__all_standard | model=logistic_regression
[2026-09-17 20:57:35] [Training task] Done | pid=89162 | item=55 | split=intra_subject_3702a100e6d1 | representation=csp_6__all_standard | model=logistic_regression | elapsed=0s
[2026-09-17 20:57:35] [Training] Progress 55/108 | remaining=53 | elapsed=0s | eta≈0s
[2026-09-17 20:57:35] [Training task] Starting | pid=89162 | item=56 | split=intra_subject_3702a100e6d1 | representation=standardized_signal | model=eegnet
[2026-09-17 20:57:35] [Training task] Done | pid=89162 | item=56 | split=intra_subject_3702a100e6d1 | representation=standardized_signal | model=eegnet | elapsed=0s
[2026-09-17 20:57:35] [Training] Progress 56/108 | remaining=52 | elapsed=0s | eta≈0s
[2026-09-17 20:57:35] [Training task] Starting | pid=89162 | item=57 | split=intra_subject_d3ec8f8134fa | representation=statistical__all_standard | model=logistic_regression
[2026-09-17 20:57:35] [Training task] Done | pid=89162 | item=57 | split=intra_subject_d3ec8f8134fa | representation=statistical__all_standard | model=logistic_regression | elapsed=0s
[2026-09-17 20:57:35] [Training] Progress 57/108 | remaining=51 | elapsed=0s | eta≈0s
[2026-09-17 20:57:35] [Training task] Starting | pid=89162 | item=58 | split=intra_subject_d3ec8f8134fa | representation=temporal__all_standard | model=logistic_regression
[2026-09-17 20:57:35] [Training task] Done | pid=89162 | item=58 | split=intra_subject_d3ec8f8134fa | representation=temporal__all_standard | model=logistic_regression | elapsed=0s
[2026-09-17 20:57:35] [Training] Progress 58/108 | remaining=50 | elapsed=0s | eta≈0s
[2026-09-17 20:57:35] [Training task] Starting | pid=89162 | item=59 | split=intra_subject_d3ec8f8134fa | representation=csp_6__all_standard | model=logistic_regression
[2026-09-17 20:57:35] [Training task] Done | pid=89162 | item=59 | split=intra_subject_d3ec8f8134fa | representation=csp_6__all_standard | model=logistic_regression | elapsed=0s
[2026-09-17 20:57:35] [Training] Progress 59/108 | remaining=49 | elapsed=0s | eta≈0s
[2026-09-17 20:57:35] [Training task] Starting | pid=89162 | item=60 | split=intra_subject_d3ec8f8134fa | representation=standardized_signal | model=eegnet
[2026-09-17 20:57:35] [Training task] Done | pid=89162 | item=60 | split=intra_subject_d3ec8f8134fa | representation=standardized_signal | model=eegnet | elapsed=0s
[2026-09-17 20:57:35] [Training] Progress 60/108 | remaining=48 | elapsed=0s | eta≈0s
[2026-09-17 20:57:35] [Training task] Starting | pid=89162 | item=61 | split=intra_subject_4331055f55c1 | representation=statistical__all_standard | model=logistic_regression
[2026-09-17 20:57:35] [Training task] Done | pid=89162 | item=61 | split=intra_subject_4331055f55c1 | representation=statistical__all_standard | model=logistic_regression | elapsed=0s
[2026-09-17 20:57:35] [Training] Progress 61/108 | remaining=47 | elapsed=0s | eta≈0s
[2026-09-17 20:57:35] [Training task] Starting | pid=89162 | item=62 | split=intra_subject_4331055f55c1 | representation=temporal__all_standard | model=logistic_regression
[2026-09-17 20:57:35] [Training task] Done | pid=89162 | item=62 | split=intra_subject_4331055f55c1 | representation=temporal__all_standard | model=logistic_regression | elapsed=0s
[2026-09-17 20:57:35] [Training] Progress 62/108 | remaining=46 | elapsed=0s | eta≈0s
[2026-09-17 20:57:35] [Training task] Starting | pid=89162 | item=63 | split=intra_subject_4331055f55c1 | representation=csp_6__all_standard | model=logistic_regression
[2026-09-17 20:57:35] [Training task] Done | pid=89162 | item=63 | split=intra_subject_4331055f55c1 | representation=csp_6__all_standard | model=logistic_regression | elapsed=0s
[2026-09-17 20:57:35] [Training] Progress 63/108 | remaining=45 | elapsed=0s | eta≈0s
[2026-09-17 20:57:35] [Training task] Starting | pid=89162 | item=64 | split=intra_subject_4331055f55c1 | representation=standardized_signal | model=eegnet
[2026-09-17 20:57:35] [Training task] Done | pid=89162 | item=64 | split=intra_subject_4331055f55c1 | representation=standardized_signal | model=eegnet | elapsed=0s
[2026-09-17 20:57:35] [Training] Progress 64/108 | remaining=44 | elapsed=0s | eta≈0s
[2026-09-17 20:57:35] [Training task] Starting | pid=89162 | item=65 | split=intra_subject_5202b207c83d | representation=statistical__all_standard | model=logistic_regression
[2026-09-17 20:57:35] [Training task] Done | pid=89162 | item=65 | split=intra_subject_5202b207c83d | representation=statistical__all_standard | model=logistic_regression | elapsed=0s
[2026-09-17 20:57:35] [Training] Progress 65/108 | remaining=43 | elapsed=0s | eta≈0s
[2026-09-17 20:57:35] [Training task] Starting | pid=89162 | item=66 | split=intra_subject_5202b207c83d | representation=temporal__all_standard | model=logistic_regression
[2026-09-17 20:57:35] [Training task] Done | pid=89162 | item=66 | split=intra_subject_5202b207c83d | representation=temporal__all_standard | model=logistic_regression | elapsed=0s
[2026-09-17 20:57:35] [Training] Progress 66/108 | remaining=42 | elapsed=0s | eta≈0s
[2026-09-17 20:57:35] [Training task] Starting | pid=89162 | item=67 | split=intra_subject_5202b207c83d | representation=csp_6__all_standard | model=logistic_regression
[2026-09-17 20:57:35] [Training task] Done | pid=89162 | item=67 | split=intra_subject_5202b207c83d | representation=csp_6__all_standard | model=logistic_regression | elapsed=0s
[2026-09-17 20:57:35] [Training] Progress 67/108 | remaining=41 | elapsed=0s | eta≈0s
[2026-09-17 20:57:35] [Training task] Starting | pid=89162 | item=68 | split=intra_subject_5202b207c83d | representation=standardized_signal | model=eegnet
[2026-09-17 20:57:35] [Training task] Done | pid=89162 | item=68 | split=intra_subject_5202b207c83d | representation=standardized_signal | model=eegnet | elapsed=0s
[2026-09-17 20:57:35] [Training] Progress 68/108 | remaining=40 | elapsed=0s | eta≈0s
[2026-09-17 20:57:35] [Training task] Starting | pid=89162 | item=69 | split=intra_subject_2a071fee955d | representation=statistical__all_standard | model=logistic_regression
[2026-09-17 20:57:35] [Training task] Done | pid=89162 | item=69 | split=intra_subject_2a071fee955d | representation=statistical__all_standard | model=logistic_regression | elapsed=0s
[2026-09-17 20:57:35] [Training] Progress 69/108 | remaining=39 | elapsed=0s | eta≈0s
[2026-09-17 20:57:35] [Training task] Starting | pid=89162 | item=70 | split=intra_subject_2a071fee955d | representation=temporal__all_standard | model=logistic_regression
[2026-09-17 20:57:35] [Training task] Done | pid=89162 | item=70 | split=intra_subject_2a071fee955d | representation=temporal__all_standard | model=logistic_regression | elapsed=0s
[2026-09-17 20:57:35] [Training] Progress 70/108 | remaining=38 | elapsed=0s | eta≈0s
[2026-09-17 20:57:35] [Training task] Starting | pid=89162 | item=71 | split=intra_subject_2a071fee955d | representation=csp_6__all_standard | model=logistic_regression
[2026-09-17 20:57:35] [Training task] Done | pid=89162 | item=71 | split=intra_subject_2a071fee955d | representation=csp_6__all_standard | model=logistic_regression | elapsed=0s
[2026-09-17 20:57:35] [Training] Progress 71/108 | remaining=37 | elapsed=0s | eta≈0s
[2026-09-17 20:57:35] [Training task] Starting | pid=89162 | item=72 | split=intra_subject_2a071fee955d | representation=standardized_signal | model=eegnet
[2026-09-17 20:57:35] [Training task] Done | pid=89162 | item=72 | split=intra_subject_2a071fee955d | representation=standardized_signal | model=eegnet | elapsed=0s
[2026-09-17 20:57:35] [Training] Progress 72/108 | remaining=36 | elapsed=0s | eta≈0s
[2026-09-17 20:57:35] [Training task] Starting | pid=89162 | item=73 | split=intra_subject_c957bc40c91f | representation=statistical__all_standard | model=logistic_regression
[2026-09-17 20:57:35] [Training task] Done | pid=89162 | item=73 | split=intra_subject_c957bc40c91f | representation=statistical__all_standard | model=logistic_regression | elapsed=0s
[2026-09-17 20:57:35] [Training] Progress 73/108 | remaining=35 | elapsed=0s | eta≈0s
[2026-09-17 20:57:35] [Training task] Starting | pid=89162 | item=74 | split=intra_subject_c957bc40c91f | representation=temporal__all_standard | model=logistic_regression
[2026-09-17 20:57:35] [Training task] Done | pid=89162 | item=74 | split=intra_subject_c957bc40c91f | representation=temporal__all_standard | model=logistic_regression | elapsed=0s
[2026-09-17 20:57:35] [Training] Progress 74/108 | remaining=34 | elapsed=0s | eta≈0s
[2026-09-17 20:57:35] [Training task] Starting | pid=89162 | item=75 | split=intra_subject_c957bc40c91f | representation=csp_6__all_standard | model=logistic_regression
[2026-09-17 20:57:35] [Training task] Done | pid=89162 | item=75 | split=intra_subject_c957bc40c91f | representation=csp_6__all_standard | model=logistic_regression | elapsed=0s
[2026-09-17 20:57:35] [Training] Progress 75/108 | remaining=33 | elapsed=0s | eta≈0s
[2026-09-17 20:57:35] [Training task] Starting | pid=89162 | item=76 | split=intra_subject_c957bc40c91f | representation=standardized_signal | model=eegnet
[2026-09-17 20:57:35] [Training task] Done | pid=89162 | item=76 | split=intra_subject_c957bc40c91f | representation=standardized_signal | model=eegnet | elapsed=0s
[2026-09-17 20:57:35] [Training] Progress 76/108 | remaining=32 | elapsed=0s | eta≈0s
[2026-09-17 20:57:35] [Training task] Starting | pid=89162 | item=77 | split=intra_subject_144d1fd38c02 | representation=statistical__all_standard | model=logistic_regression
[2026-09-17 20:57:35] [Training task] Done | pid=89162 | item=77 | split=intra_subject_144d1fd38c02 | representation=statistical__all_standard | model=logistic_regression | elapsed=0s
[2026-09-17 20:57:35] [Training] Progress 77/108 | remaining=31 | elapsed=0s | eta≈0s
[2026-09-17 20:57:35] [Training task] Starting | pid=89162 | item=78 | split=intra_subject_144d1fd38c02 | representation=temporal__all_standard | model=logistic_regression
[2026-09-17 20:57:35] [Training task] Done | pid=89162 | item=78 | split=intra_subject_144d1fd38c02 | representation=temporal__all_standard | model=logistic_regression | elapsed=0s
[2026-09-17 20:57:35] [Training] Progress 78/108 | remaining=30 | elapsed=0s | eta≈0s
[2026-09-17 20:57:35] [Training task] Starting | pid=89162 | item=79 | split=intra_subject_144d1fd38c02 | representation=csp_6__all_standard | model=logistic_regression
[2026-09-17 20:57:35] [Training task] Done | pid=89162 | item=79 | split=intra_subject_144d1fd38c02 | representation=csp_6__all_standard | model=logistic_regression | elapsed=0s
[2026-09-17 20:57:35] [Training] Progress 79/108 | remaining=29 | elapsed=0s | eta≈0s
[2026-09-17 20:57:35] [Training task] Starting | pid=89162 | item=80 | split=intra_subject_144d1fd38c02 | representation=standardized_signal | model=eegnet
[2026-09-17 20:57:35] [Training task] Done | pid=89162 | item=80 | split=intra_subject_144d1fd38c02 | representation=standardized_signal | model=eegnet | elapsed=0s
[2026-09-17 20:57:35] [Training] Progress 80/108 | remaining=28 | elapsed=0s | eta≈0s
[2026-09-17 20:57:35] [Training task] Starting | pid=89162 | item=81 | split=intra_subject_7deae5356a6a | representation=statistical__all_standard | model=logistic_regression
[2026-09-17 20:57:35] [Training task] Done | pid=89162 | item=81 | split=intra_subject_7deae5356a6a | representation=statistical__all_standard | model=logistic_regression | elapsed=0s
[2026-09-17 20:57:35] [Training] Progress 81/108 | remaining=27 | elapsed=0s | eta≈0s
[2026-09-17 20:57:35] [Training task] Starting | pid=89162 | item=82 | split=intra_subject_7deae5356a6a | representation=temporal__all_standard | model=logistic_regression
[2026-09-17 20:57:35] [Training task] Done | pid=89162 | item=82 | split=intra_subject_7deae5356a6a | representation=temporal__all_standard | model=logistic_regression | elapsed=0s
[2026-09-17 20:57:35] [Training] Progress 82/108 | remaining=26 | elapsed=0s | eta≈0s
[2026-09-17 20:57:35] [Training task] Starting | pid=89162 | item=83 | split=intra_subject_7deae5356a6a | representation=csp_6__all_standard | model=logistic_regression
[2026-09-17 20:57:35] [Training task] Done | pid=89162 | item=83 | split=intra_subject_7deae5356a6a | representation=csp_6__all_standard | model=logistic_regression | elapsed=0s
[2026-09-17 20:57:35] [Training] Progress 83/108 | remaining=25 | elapsed=0s | eta≈0s
[2026-09-17 20:57:35] [Training task] Starting | pid=89162 | item=84 | split=intra_subject_7deae5356a6a | representation=standardized_signal | model=eegnet
[2026-09-17 20:57:35] [Training task] Done | pid=89162 | item=84 | split=intra_subject_7deae5356a6a | representation=standardized_signal | model=eegnet | elapsed=0s
[2026-09-17 20:57:35] [Training] Progress 84/108 | remaining=24 | elapsed=0s | eta≈0s
[2026-09-17 20:57:35] [Training task] Starting | pid=89162 | item=85 | split=intra_subject_892abeea82e5 | representation=statistical__all_standard | model=logistic_regression
[2026-09-17 20:57:35] [Training task] Done | pid=89162 | item=85 | split=intra_subject_892abeea82e5 | representation=statistical__all_standard | model=logistic_regression | elapsed=0s
[2026-09-17 20:57:35] [Training] Progress 85/108 | remaining=23 | elapsed=0s | eta≈0s
[2026-09-17 20:57:35] [Training task] Starting | pid=89162 | item=86 | split=intra_subject_892abeea82e5 | representation=temporal__all_standard | model=logistic_regression
[2026-09-17 20:57:35] [Training task] Done | pid=89162 | item=86 | split=intra_subject_892abeea82e5 | representation=temporal__all_standard | model=logistic_regression | elapsed=0s
[2026-09-17 20:57:35] [Training] Progress 86/108 | remaining=22 | elapsed=0s | eta≈0s
[2026-09-17 20:57:35] [Training task] Starting | pid=89162 | item=87 | split=intra_subject_892abeea82e5 | representation=csp_6__all_standard | model=logistic_regression
[2026-09-17 20:57:35] [Training task] Done | pid=89162 | item=87 | split=intra_subject_892abeea82e5 | representation=csp_6__all_standard | model=logistic_regression | elapsed=0s
[2026-09-17 20:57:35] [Training] Progress 87/108 | remaining=21 | elapsed=0s | eta≈0s
[2026-09-17 20:57:35] [Training task] Starting | pid=89162 | item=88 | split=intra_subject_892abeea82e5 | representation=standardized_signal | model=eegnet
[2026-09-17 20:57:35] [Training task] Done | pid=89162 | item=88 | split=intra_subject_892abeea82e5 | representation=standardized_signal | model=eegnet | elapsed=0s
[2026-09-17 20:57:35] [Training] Progress 88/108 | remaining=20 | elapsed=0s | eta≈0s
[2026-09-17 20:57:35] [Training task] Starting | pid=89162 | item=89 | split=intra_subject_3702a100e6d1 | representation=statistical__all_standard | model=logistic_regression
[2026-09-17 20:57:35] [Training task] Done | pid=89162 | item=89 | split=intra_subject_3702a100e6d1 | representation=statistical__all_standard | model=logistic_regression | elapsed=0s
[2026-09-17 20:57:35] [Training] Progress 89/108 | remaining=19 | elapsed=0s | eta≈0s
[2026-09-17 20:57:35] [Training task] Starting | pid=89162 | item=90 | split=intra_subject_3702a100e6d1 | representation=temporal__all_standard | model=logistic_regression
[2026-09-17 20:57:35] [Training task] Done | pid=89162 | item=90 | split=intra_subject_3702a100e6d1 | representation=temporal__all_standard | model=logistic_regression | elapsed=0s
[2026-09-17 20:57:35] [Training] Progress 90/108 | remaining=18 | elapsed=0s | eta≈0s
[2026-09-17 20:57:35] [Training task] Starting | pid=89162 | item=91 | split=intra_subject_3702a100e6d1 | representation=csp_6__all_standard | model=logistic_regression
[2026-09-17 20:57:35] [Training task] Done | pid=89162 | item=91 | split=intra_subject_3702a100e6d1 | representation=csp_6__all_standard | model=logistic_regression | elapsed=0s
[2026-09-17 20:57:35] [Training] Progress 91/108 | remaining=17 | elapsed=0s | eta≈0s
[2026-09-17 20:57:35] [Training task] Starting | pid=89162 | item=92 | split=intra_subject_3702a100e6d1 | representation=standardized_signal | model=eegnet
[2026-09-17 20:57:35] [Training task] Done | pid=89162 | item=92 | split=intra_subject_3702a100e6d1 | representation=standardized_signal | model=eegnet | elapsed=0s
[2026-09-17 20:57:35] [Training] Progress 92/108 | remaining=16 | elapsed=0s | eta≈0s
[2026-09-17 20:57:35] [Training task] Starting | pid=89162 | item=93 | split=intra_subject_d3ec8f8134fa | representation=statistical__all_standard | model=logistic_regression
[2026-09-17 20:57:35] [Training task] Done | pid=89162 | item=93 | split=intra_subject_d3ec8f8134fa | representation=statistical__all_standard | model=logistic_regression | elapsed=0s
[2026-09-17 20:57:35] [Training] Progress 93/108 | remaining=15 | elapsed=0s | eta≈0s
[2026-09-17 20:57:35] [Training task] Starting | pid=89162 | item=94 | split=intra_subject_d3ec8f8134fa | representation=temporal__all_standard | model=logistic_regression
[2026-09-17 20:57:35] [Training task] Done | pid=89162 | item=94 | split=intra_subject_d3ec8f8134fa | representation=temporal__all_standard | model=logistic_regression | elapsed=0s
[2026-09-17 20:57:35] [Training] Progress 94/108 | remaining=14 | elapsed=0s | eta≈0s
[2026-09-17 20:57:35] [Training task] Starting | pid=89162 | item=95 | split=intra_subject_d3ec8f8134fa | representation=csp_6__all_standard | model=logistic_regression
[2026-09-17 20:57:35] [Training task] Done | pid=89162 | item=95 | split=intra_subject_d3ec8f8134fa | representation=csp_6__all_standard | model=logistic_regression | elapsed=0s
[2026-09-17 20:57:35] [Training] Progress 95/108 | remaining=13 | elapsed=0s | eta≈0s
[2026-09-17 20:57:35] [Training task] Starting | pid=89162 | item=96 | split=intra_subject_d3ec8f8134fa | representation=standardized_signal | model=eegnet
[2026-09-17 20:57:35] [Training task] Done | pid=89162 | item=96 | split=intra_subject_d3ec8f8134fa | representation=standardized_signal | model=eegnet | elapsed=0s
[2026-09-17 20:57:35] [Training] Progress 96/108 | remaining=12 | elapsed=0s | eta≈0s
[2026-09-17 20:57:35] [Training task] Starting | pid=89162 | item=97 | split=intra_subject_4331055f55c1 | representation=statistical__all_standard | model=logistic_regression
[2026-09-17 20:57:35] [Training task] Done | pid=89162 | item=97 | split=intra_subject_4331055f55c1 | representation=statistical__all_standard | model=logistic_regression | elapsed=0s
[2026-09-17 20:57:35] [Training] Progress 97/108 | remaining=11 | elapsed=0s | eta≈0s
[2026-09-17 20:57:35] [Training task] Starting | pid=89162 | item=98 | split=intra_subject_4331055f55c1 | representation=temporal__all_standard | model=logistic_regression
[2026-09-17 20:57:35] [Training task] Done | pid=89162 | item=98 | split=intra_subject_4331055f55c1 | representation=temporal__all_standard | model=logistic_regression | elapsed=0s
[2026-09-17 20:57:35] [Training] Progress 98/108 | remaining=10 | elapsed=0s | eta≈0s
[2026-09-17 20:57:35] [Training task] Starting | pid=89162 | item=99 | split=intra_subject_4331055f55c1 | representation=csp_6__all_standard | model=logistic_regression
[2026-09-17 20:57:35] [Training task] Done | pid=89162 | item=99 | split=intra_subject_4331055f55c1 | representation=csp_6__all_standard | model=logistic_regression | elapsed=0s
[2026-09-17 20:57:35] [Training] Progress 99/108 | remaining=9 | elapsed=0s | eta≈0s
[2026-09-17 20:57:35] [Training task] Starting | pid=89162 | item=100 | split=intra_subject_4331055f55c1 | representation=standardized_signal | model=eegnet
[2026-09-17 20:57:35] [Training task] Done | pid=89162 | item=100 | split=intra_subject_4331055f55c1 | representation=standardized_signal | model=eegnet | elapsed=0s
[2026-09-17 20:57:35] [Training] Progress 100/108 | remaining=8 | elapsed=0s | eta≈0s
[2026-09-17 20:57:35] [Training task] Starting | pid=89162 | item=101 | split=intra_subject_5202b207c83d | representation=statistical__all_standard | model=logistic_regression
[2026-09-17 20:57:35] [Training task] Done | pid=89162 | item=101 | split=intra_subject_5202b207c83d | representation=statistical__all_standard | model=logistic_regression | elapsed=0s
[2026-09-17 20:57:35] [Training] Progress 101/108 | remaining=7 | elapsed=0s | eta≈0s
[2026-09-17 20:57:35] [Training task] Starting | pid=89162 | item=102 | split=intra_subject_5202b207c83d | representation=temporal__all_standard | model=logistic_regression
[2026-09-17 20:57:35] [Training task] Done | pid=89162 | item=102 | split=intra_subject_5202b207c83d | representation=temporal__all_standard | model=logistic_regression | elapsed=0s
[2026-09-17 20:57:35] [Training] Progress 102/108 | remaining=6 | elapsed=0s | eta≈0s
[2026-09-17 20:57:35] [Training task] Starting | pid=89162 | item=103 | split=intra_subject_5202b207c83d | representation=csp_6__all_standard | model=logistic_regression
[2026-09-17 20:57:35] [Training task] Done | pid=89162 | item=103 | split=intra_subject_5202b207c83d | representation=csp_6__all_standard | model=logistic_regression | elapsed=0s
[2026-09-17 20:57:35] [Training] Progress 103/108 | remaining=5 | elapsed=0s | eta≈0s
[2026-09-17 20:57:35] [Training task] Starting | pid=89162 | item=104 | split=intra_subject_5202b207c83d | representation=standardized_signal | model=eegnet
[2026-09-17 20:57:35] [Training task] Done | pid=89162 | item=104 | split=intra_subject_5202b207c83d | representation=standardized_signal | model=eegnet | elapsed=0s
[2026-09-17 20:57:35] [Training] Progress 104/108 | remaining=4 | elapsed=0s | eta≈0s
[2026-09-17 20:57:35] [Training task] Starting | pid=89162 | item=105 | split=intra_subject_2a071fee955d | representation=statistical__all_standard | model=logistic_regression
[2026-09-17 20:57:35] [Training task] Done | pid=89162 | item=105 | split=intra_subject_2a071fee955d | representation=statistical__all_standard | model=logistic_regression | elapsed=0s
[2026-09-17 20:57:35] [Training] Progress 105/108 | remaining=3 | elapsed=0s | eta≈0s
[2026-09-17 20:57:35] [Training task] Starting | pid=89162 | item=106 | split=intra_subject_2a071fee955d | representation=temporal__all_standard | model=logistic_regression
[2026-09-17 20:57:35] [Training task] Done | pid=89162 | item=106 | split=intra_subject_2a071fee955d | representation=temporal__all_standard | model=logistic_regression | elapsed=0s
[2026-09-17 20:57:35] [Training] Progress 106/108 | remaining=2 | elapsed=0s | eta≈0s
[2026-09-17 20:57:35] [Training task] Starting | pid=89162 | item=107 | split=intra_subject_2a071fee955d | representation=csp_6__all_standard | model=logistic_regression
[2026-09-17 20:57:35] [Training task] Done | pid=89162 | item=107 | split=intra_subject_2a071fee955d | representation=csp_6__all_standard | model=logistic_regression | elapsed=0s
[2026-09-17 20:57:35] [Training] Progress 107/108 | remaining=1 | elapsed=0s | eta≈0s
[2026-09-17 20:57:35] [Training task] Starting | pid=89162 | item=108 | split=intra_subject_2a071fee955d | representation=standardized_signal | model=eegnet
[2026-09-17 20:57:35] [Training task] Done | pid=89162 | item=108 | split=intra_subject_2a071fee955d | representation=standardized_signal | model=eegnet | elapsed=0s
[2026-09-17 20:57:35] [Training] Progress 108/108 | remaining=0 | elapsed=0s | eta≈0s
[2026-09-17 20:57:35] [Training] Done | elapsed=0s
[2026-09-17 20:57:35] [Evaluation] Starting...
[2026-09-17 20:57:35] [Evaluation] Done | elapsed=0s
[2026-09-17 20:57:35] [Benchmark] Starting...
[2026-09-17 20:57:35] [Benchmark] Done | elapsed=0s
[2026-09-17 20:57:35] [Paper 1 Analysis] Starting...
[Paper 1] Waiting for scenarios: cross_session, cross_subject
[2026-09-17 20:57:35] [Paper 1 Analysis] Done | elapsed=0s
[2026-09-17 20:57:35] [Pipeline] Finished | total=0s
