[2026-09-18 00:57:53] [Pipeline] Starting | pid=94307 | scenario=cross_subject | workers=1
[2026-09-18 00:57:53] [Pipeline] Params | main/feature_grid/params/cross_subject/params_bci2a.py
[2026-09-18 00:57:53] [Preprocessing] Starting...
[2026-09-18 00:58:41] [Preprocessing] Done | elapsed=49s
[2026-09-18 00:58:41] [Scenarios] Starting...
[2026-09-18 00:58:41] [Scenarios] Done | elapsed=0s
[2026-09-18 00:58:41] [Representation] Starting...
[2026-09-18 00:58:41] [Representation] Tasks=108 | workers=1
[2026-09-18 00:58:41] [Representation task] Starting | pid=94307 | split=cross_subject_2f0c6c9e6270 | group=bci2a_cross_subject_broad_1_38 | representation=statistical__all_standard
[2026-09-18 00:58:51] [Representation task] Done | pid=94307 | split=cross_subject_2f0c6c9e6270 | group=bci2a_cross_subject_broad_1_38 | representation=statistical__all_standard | elapsed=10s
[2026-09-18 00:58:51] [Representation] Progress 1/108 | remaining=107 | elapsed=10s | eta≈17.6m
[2026-09-18 00:58:51] [Representation task] Starting | pid=94307 | split=cross_subject_2f0c6c9e6270 | group=bci2a_cross_subject_broad_1_38 | representation=temporal__all_standard
[2026-09-18 00:58:54] [Representation task] Done | pid=94307 | split=cross_subject_2f0c6c9e6270 | group=bci2a_cross_subject_broad_1_38 | representation=temporal__all_standard | elapsed=3s
[2026-09-18 00:58:54] [Representation] Progress 2/108 | remaining=106 | elapsed=13s | eta≈11.4m
[2026-09-18 00:58:54] [Representation task] Starting | pid=94307 | split=cross_subject_2f0c6c9e6270 | group=bci2a_cross_subject_broad_1_38 | representation=csp_6__all_standard
[2026-09-18 00:59:03] [Representation task] Done | pid=94307 | split=cross_subject_2f0c6c9e6270 | group=bci2a_cross_subject_broad_1_38 | representation=csp_6__all_standard | elapsed=8s
[2026-09-18 00:59:03] [Representation] Progress 3/108 | remaining=105 | elapsed=21s | eta≈12.5m
[2026-09-18 00:59:03] [Representation task] Starting | pid=94307 | split=cross_subject_2f0c6c9e6270 | group=bci2a_cross_subject_broad_1_38 | representation=standardized_signal
[2026-09-18 00:59:06] [Representation task] Done | pid=94307 | split=cross_subject_2f0c6c9e6270 | group=bci2a_cross_subject_broad_1_38 | representation=standardized_signal | elapsed=4s
[2026-09-18 00:59:06] [Representation] Progress 4/108 | remaining=104 | elapsed=25s | eta≈10.9m
[2026-09-18 00:59:06] [Representation task] Starting | pid=94307 | split=cross_subject_d591024e24da | group=bci2a_cross_subject_broad_1_38 | representation=statistical__all_standard
[2026-09-18 00:59:14] [Representation task] Done | pid=94307 | split=cross_subject_d591024e24da | group=bci2a_cross_subject_broad_1_38 | representation=statistical__all_standard | elapsed=8s
[2026-09-18 00:59:14] [Representation] Progress 5/108 | remaining=103 | elapsed=33s | eta≈11.2m
[2026-09-18 00:59:14] [Representation task] Starting | pid=94307 | split=cross_subject_d591024e24da | group=bci2a_cross_subject_broad_1_38 | representation=temporal__all_standard
[2026-09-18 00:59:17] [Representation task] Done | pid=94307 | split=cross_subject_d591024e24da | group=bci2a_cross_subject_broad_1_38 | representation=temporal__all_standard | elapsed=3s
[2026-09-18 00:59:17] [Representation] Progress 6/108 | remaining=102 | elapsed=36s | eta≈10.2m
[2026-09-18 00:59:17] [Representation task] Starting | pid=94307 | split=cross_subject_d591024e24da | group=bci2a_cross_subject_broad_1_38 | representation=csp_6__all_standard
[2026-09-18 00:59:23] [Representation task] Done | pid=94307 | split=cross_subject_d591024e24da | group=bci2a_cross_subject_broad_1_38 | representation=csp_6__all_standard | elapsed=6s
[2026-09-18 00:59:23] [Representation] Progress 7/108 | remaining=101 | elapsed=42s | eta≈10.1m
[2026-09-18 00:59:23] [Representation task] Starting | pid=94307 | split=cross_subject_d591024e24da | group=bci2a_cross_subject_broad_1_38 | representation=standardized_signal
[2026-09-18 00:59:26] [Representation task] Done | pid=94307 | split=cross_subject_d591024e24da | group=bci2a_cross_subject_broad_1_38 | representation=standardized_signal | elapsed=3s
[2026-09-18 00:59:26] [Representation] Progress 8/108 | remaining=100 | elapsed=45s | eta≈9.3m
[2026-09-18 00:59:26] [Representation task] Starting | pid=94307 | split=cross_subject_86ae1443d8ba | group=bci2a_cross_subject_broad_1_38 | representation=statistical__all_standard
[2026-09-18 00:59:35] [Representation task] Done | pid=94307 | split=cross_subject_86ae1443d8ba | group=bci2a_cross_subject_broad_1_38 | representation=statistical__all_standard | elapsed=8s
[2026-09-18 00:59:35] [Representation] Progress 9/108 | remaining=99 | elapsed=53s | eta≈9.7m
[2026-09-18 00:59:35] [Representation task] Starting | pid=94307 | split=cross_subject_86ae1443d8ba | group=bci2a_cross_subject_broad_1_38 | representation=temporal__all_standard
[2026-09-18 00:59:39] [Representation task] Done | pid=94307 | split=cross_subject_86ae1443d8ba | group=bci2a_cross_subject_broad_1_38 | representation=temporal__all_standard | elapsed=4s
[2026-09-18 00:59:39] [Representation] Progress 10/108 | remaining=98 | elapsed=58s | eta≈9.4m
[2026-09-18 00:59:39] [Representation task] Starting | pid=94307 | split=cross_subject_86ae1443d8ba | group=bci2a_cross_subject_broad_1_38 | representation=csp_6__all_standard
[2026-09-18 00:59:46] [Representation task] Done | pid=94307 | split=cross_subject_86ae1443d8ba | group=bci2a_cross_subject_broad_1_38 | representation=csp_6__all_standard | elapsed=7s
[2026-09-18 00:59:46] [Representation] Progress 11/108 | remaining=97 | elapsed=1.1m | eta≈9.4m
[2026-09-18 00:59:46] [Representation task] Starting | pid=94307 | split=cross_subject_86ae1443d8ba | group=bci2a_cross_subject_broad_1_38 | representation=standardized_signal
[2026-09-18 00:59:48] [Representation task] Done | pid=94307 | split=cross_subject_86ae1443d8ba | group=bci2a_cross_subject_broad_1_38 | representation=standardized_signal | elapsed=2s
[2026-09-18 00:59:48] [Representation] Progress 12/108 | remaining=96 | elapsed=1.1m | eta≈8.8m
[2026-09-18 00:59:48] [Representation task] Starting | pid=94307 | split=cross_subject_4651bb4c7a87 | group=bci2a_cross_subject_broad_1_38 | representation=statistical__all_standard
[2026-09-18 00:59:56] [Representation task] Done | pid=94307 | split=cross_subject_4651bb4c7a87 | group=bci2a_cross_subject_broad_1_38 | representation=statistical__all_standard | elapsed=9s
[2026-09-18 00:59:56] [Representation] Progress 13/108 | remaining=95 | elapsed=1.2m | eta≈9.1m
[2026-09-18 00:59:56] [Representation task] Starting | pid=94307 | split=cross_subject_4651bb4c7a87 | group=bci2a_cross_subject_broad_1_38 | representation=temporal__all_standard
[2026-09-18 01:00:00] [Representation task] Done | pid=94307 | split=cross_subject_4651bb4c7a87 | group=bci2a_cross_subject_broad_1_38 | representation=temporal__all_standard | elapsed=4s
[2026-09-18 01:00:00] [Representation] Progress 14/108 | remaining=94 | elapsed=1.3m | eta≈8.8m
[2026-09-18 01:00:00] [Representation task] Starting | pid=94307 | split=cross_subject_4651bb4c7a87 | group=bci2a_cross_subject_broad_1_38 | representation=csp_6__all_standard
[2026-09-18 01:00:07] [Representation task] Done | pid=94307 | split=cross_subject_4651bb4c7a87 | group=bci2a_cross_subject_broad_1_38 | representation=csp_6__all_standard | elapsed=7s
[2026-09-18 01:00:07] [Representation] Progress 15/108 | remaining=93 | elapsed=1.4m | eta≈8.8m
[2026-09-18 01:00:07] [Representation task] Starting | pid=94307 | split=cross_subject_4651bb4c7a87 | group=bci2a_cross_subject_broad_1_38 | representation=standardized_signal
[2026-09-18 01:00:09] [Representation task] Done | pid=94307 | split=cross_subject_4651bb4c7a87 | group=bci2a_cross_subject_broad_1_38 | representation=standardized_signal | elapsed=2s
[2026-09-18 01:00:09] [Representation] Progress 16/108 | remaining=92 | elapsed=1.5m | eta≈8.4m
[2026-09-18 01:00:09] [Representation task] Starting | pid=94307 | split=cross_subject_a8c7b5ef7996 | group=bci2a_cross_subject_broad_1_38 | representation=statistical__all_standard
[2026-09-18 01:00:18] [Representation task] Done | pid=94307 | split=cross_subject_a8c7b5ef7996 | group=bci2a_cross_subject_broad_1_38 | representation=statistical__all_standard | elapsed=9s
[2026-09-18 01:00:18] [Representation] Progress 17/108 | remaining=91 | elapsed=1.6m | eta≈8.6m
[2026-09-18 01:00:18] [Representation task] Starting | pid=94307 | split=cross_subject_a8c7b5ef7996 | group=bci2a_cross_subject_broad_1_38 | representation=temporal__all_standard
[2026-09-18 01:00:21] [Representation task] Done | pid=94307 | split=cross_subject_a8c7b5ef7996 | group=bci2a_cross_subject_broad_1_38 | representation=temporal__all_standard | elapsed=4s
[2026-09-18 01:00:21] [Representation] Progress 18/108 | remaining=90 | elapsed=1.7m | eta≈8.3m
[2026-09-18 01:00:21] [Representation task] Starting | pid=94307 | split=cross_subject_a8c7b5ef7996 | group=bci2a_cross_subject_broad_1_38 | representation=csp_6__all_standard
[2026-09-18 01:00:29] [Representation task] Done | pid=94307 | split=cross_subject_a8c7b5ef7996 | group=bci2a_cross_subject_broad_1_38 | representation=csp_6__all_standard | elapsed=7s
[2026-09-18 01:00:29] [Representation] Progress 19/108 | remaining=89 | elapsed=1.8m | eta≈8.4m
[2026-09-18 01:00:29] [Representation task] Starting | pid=94307 | split=cross_subject_a8c7b5ef7996 | group=bci2a_cross_subject_broad_1_38 | representation=standardized_signal
[2026-09-18 01:00:31] [Representation task] Done | pid=94307 | split=cross_subject_a8c7b5ef7996 | group=bci2a_cross_subject_broad_1_38 | representation=standardized_signal | elapsed=3s
[2026-09-18 01:00:31] [Representation] Progress 20/108 | remaining=88 | elapsed=1.8m | eta≈8.1m
[2026-09-18 01:00:31] [Representation task] Starting | pid=94307 | split=cross_subject_41ec72bf7413 | group=bci2a_cross_subject_broad_1_38 | representation=statistical__all_standard
[2026-09-18 01:00:40] [Representation task] Done | pid=94307 | split=cross_subject_41ec72bf7413 | group=bci2a_cross_subject_broad_1_38 | representation=statistical__all_standard | elapsed=9s
[2026-09-18 01:00:40] [Representation] Progress 21/108 | remaining=87 | elapsed=2.0m | eta≈8.2m
[2026-09-18 01:00:40] [Representation task] Starting | pid=94307 | split=cross_subject_41ec72bf7413 | group=bci2a_cross_subject_broad_1_38 | representation=temporal__all_standard
[2026-09-18 01:00:44] [Representation task] Done | pid=94307 | split=cross_subject_41ec72bf7413 | group=bci2a_cross_subject_broad_1_38 | representation=temporal__all_standard | elapsed=3s
[2026-09-18 01:00:44] [Representation] Progress 22/108 | remaining=86 | elapsed=2.0m | eta≈8.0m
[2026-09-18 01:00:44] [Representation task] Starting | pid=94307 | split=cross_subject_41ec72bf7413 | group=bci2a_cross_subject_broad_1_38 | representation=csp_6__all_standard
[2026-09-18 01:00:52] [Representation task] Done | pid=94307 | split=cross_subject_41ec72bf7413 | group=bci2a_cross_subject_broad_1_38 | representation=csp_6__all_standard | elapsed=8s
[2026-09-18 01:00:52] [Representation] Progress 23/108 | remaining=85 | elapsed=2.2m | eta≈8.0m
[2026-09-18 01:00:52] [Representation task] Starting | pid=94307 | split=cross_subject_41ec72bf7413 | group=bci2a_cross_subject_broad_1_38 | representation=standardized_signal
[2026-09-18 01:00:54] [Representation task] Done | pid=94307 | split=cross_subject_41ec72bf7413 | group=bci2a_cross_subject_broad_1_38 | representation=standardized_signal | elapsed=2s
[2026-09-18 01:00:54] [Representation] Progress 24/108 | remaining=84 | elapsed=2.2m | eta≈7.8m
[2026-09-18 01:00:54] [Representation task] Starting | pid=94307 | split=cross_subject_d7a080b3ea81 | group=bci2a_cross_subject_broad_1_38 | representation=statistical__all_standard
[2026-09-18 01:01:04] [Representation task] Done | pid=94307 | split=cross_subject_d7a080b3ea81 | group=bci2a_cross_subject_broad_1_38 | representation=statistical__all_standard | elapsed=10s
[2026-09-18 01:01:04] [Representation] Progress 25/108 | remaining=83 | elapsed=2.4m | eta≈7.9m
[2026-09-18 01:01:04] [Representation task] Starting | pid=94307 | split=cross_subject_d7a080b3ea81 | group=bci2a_cross_subject_broad_1_38 | representation=temporal__all_standard
[2026-09-18 01:01:08] [Representation task] Done | pid=94307 | split=cross_subject_d7a080b3ea81 | group=bci2a_cross_subject_broad_1_38 | representation=temporal__all_standard | elapsed=3s
[2026-09-18 01:01:08] [Representation] Progress 26/108 | remaining=82 | elapsed=2.4m | eta≈7.7m
[2026-09-18 01:01:08] [Representation task] Starting | pid=94307 | split=cross_subject_d7a080b3ea81 | group=bci2a_cross_subject_broad_1_38 | representation=csp_6__all_standard
[2026-09-18 01:01:15] [Representation task] Done | pid=94307 | split=cross_subject_d7a080b3ea81 | group=bci2a_cross_subject_broad_1_38 | representation=csp_6__all_standard | elapsed=7s
[2026-09-18 01:01:15] [Representation] Progress 27/108 | remaining=81 | elapsed=2.6m | eta≈7.7m
[2026-09-18 01:01:15] [Representation task] Starting | pid=94307 | split=cross_subject_d7a080b3ea81 | group=bci2a_cross_subject_broad_1_38 | representation=standardized_signal
[2026-09-18 01:01:18] [Representation task] Done | pid=94307 | split=cross_subject_d7a080b3ea81 | group=bci2a_cross_subject_broad_1_38 | representation=standardized_signal | elapsed=3s
[2026-09-18 01:01:18] [Representation] Progress 28/108 | remaining=80 | elapsed=2.6m | eta≈7.5m
[2026-09-18 01:01:18] [Representation task] Starting | pid=94307 | split=cross_subject_88683bbd824f | group=bci2a_cross_subject_broad_1_38 | representation=statistical__all_standard
[2026-09-18 01:01:28] [Representation task] Done | pid=94307 | split=cross_subject_88683bbd824f | group=bci2a_cross_subject_broad_1_38 | representation=statistical__all_standard | elapsed=10s
[2026-09-18 01:01:28] [Representation] Progress 29/108 | remaining=79 | elapsed=2.8m | eta≈7.6m
[2026-09-18 01:01:28] [Representation task] Starting | pid=94307 | split=cross_subject_88683bbd824f | group=bci2a_cross_subject_broad_1_38 | representation=temporal__all_standard
[2026-09-18 01:01:32] [Representation task] Done | pid=94307 | split=cross_subject_88683bbd824f | group=bci2a_cross_subject_broad_1_38 | representation=temporal__all_standard | elapsed=3s
[2026-09-18 01:01:32] [Representation] Progress 30/108 | remaining=78 | elapsed=2.8m | eta≈7.4m
[2026-09-18 01:01:32] [Representation task] Starting | pid=94307 | split=cross_subject_88683bbd824f | group=bci2a_cross_subject_broad_1_38 | representation=csp_6__all_standard
[2026-09-18 01:01:39] [Representation task] Done | pid=94307 | split=cross_subject_88683bbd824f | group=bci2a_cross_subject_broad_1_38 | representation=csp_6__all_standard | elapsed=8s
[2026-09-18 01:01:39] [Representation] Progress 31/108 | remaining=77 | elapsed=3.0m | eta≈7.4m
[2026-09-18 01:01:39] [Representation task] Starting | pid=94307 | split=cross_subject_88683bbd824f | group=bci2a_cross_subject_broad_1_38 | representation=standardized_signal
[2026-09-18 01:01:42] [Representation task] Done | pid=94307 | split=cross_subject_88683bbd824f | group=bci2a_cross_subject_broad_1_38 | representation=standardized_signal | elapsed=3s
[2026-09-18 01:01:42] [Representation] Progress 32/108 | remaining=76 | elapsed=3.0m | eta≈7.2m
[2026-09-18 01:01:42] [Representation task] Starting | pid=94307 | split=cross_subject_d4e53dfb94e4 | group=bci2a_cross_subject_broad_1_38 | representation=statistical__all_standard
[2026-09-18 01:01:52] [Representation task] Done | pid=94307 | split=cross_subject_d4e53dfb94e4 | group=bci2a_cross_subject_broad_1_38 | representation=statistical__all_standard | elapsed=10s
[2026-09-18 01:01:52] [Representation] Progress 33/108 | remaining=75 | elapsed=3.2m | eta≈7.2m
[2026-09-18 01:01:52] [Representation task] Starting | pid=94307 | split=cross_subject_d4e53dfb94e4 | group=bci2a_cross_subject_broad_1_38 | representation=temporal__all_standard
[2026-09-18 01:01:55] [Representation task] Done | pid=94307 | split=cross_subject_d4e53dfb94e4 | group=bci2a_cross_subject_broad_1_38 | representation=temporal__all_standard | elapsed=4s
[2026-09-18 01:01:55] [Representation] Progress 34/108 | remaining=74 | elapsed=3.2m | eta≈7.0m
[2026-09-18 01:01:55] [Representation task] Starting | pid=94307 | split=cross_subject_d4e53dfb94e4 | group=bci2a_cross_subject_broad_1_38 | representation=csp_6__all_standard
[2026-09-18 01:02:03] [Representation task] Done | pid=94307 | split=cross_subject_d4e53dfb94e4 | group=bci2a_cross_subject_broad_1_38 | representation=csp_6__all_standard | elapsed=8s
[2026-09-18 01:02:03] [Representation] Progress 35/108 | remaining=73 | elapsed=3.4m | eta≈7.0m
[2026-09-18 01:02:03] [Representation task] Starting | pid=94307 | split=cross_subject_d4e53dfb94e4 | group=bci2a_cross_subject_broad_1_38 | representation=standardized_signal
[2026-09-18 01:02:05] [Representation task] Done | pid=94307 | split=cross_subject_d4e53dfb94e4 | group=bci2a_cross_subject_broad_1_38 | representation=standardized_signal | elapsed=2s
[2026-09-18 01:02:05] [Representation] Progress 36/108 | remaining=72 | elapsed=3.4m | eta≈6.8m
[2026-09-18 01:02:05] [Representation task] Starting | pid=94307 | split=cross_subject_2f0c6c9e6270 | group=bci2a_cross_subject_delta_1_4 | representation=statistical__all_standard
[2026-09-18 01:02:15] [Representation task] Done | pid=94307 | split=cross_subject_2f0c6c9e6270 | group=bci2a_cross_subject_delta_1_4 | representation=statistical__all_standard | elapsed=10s
[2026-09-18 01:02:15] [Representation] Progress 37/108 | remaining=71 | elapsed=3.6m | eta≈6.8m
[2026-09-18 01:02:15] [Representation task] Starting | pid=94307 | split=cross_subject_2f0c6c9e6270 | group=bci2a_cross_subject_delta_1_4 | representation=temporal__all_standard
[2026-09-18 01:02:19] [Representation task] Done | pid=94307 | split=cross_subject_2f0c6c9e6270 | group=bci2a_cross_subject_delta_1_4 | representation=temporal__all_standard | elapsed=4s
[2026-09-18 01:02:19] [Representation] Progress 38/108 | remaining=70 | elapsed=3.6m | eta≈6.7m
[2026-09-18 01:02:19] [Representation task] Starting | pid=94307 | split=cross_subject_2f0c6c9e6270 | group=bci2a_cross_subject_delta_1_4 | representation=csp_6__all_standard
[2026-09-18 01:02:26] [Representation task] Done | pid=94307 | split=cross_subject_2f0c6c9e6270 | group=bci2a_cross_subject_delta_1_4 | representation=csp_6__all_standard | elapsed=7s
[2026-09-18 01:02:26] [Representation] Progress 39/108 | remaining=69 | elapsed=3.7m | eta≈6.6m
[2026-09-18 01:02:26] [Representation task] Starting | pid=94307 | split=cross_subject_2f0c6c9e6270 | group=bci2a_cross_subject_delta_1_4 | representation=standardized_signal
[2026-09-18 01:02:28] [Representation task] Done | pid=94307 | split=cross_subject_2f0c6c9e6270 | group=bci2a_cross_subject_delta_1_4 | representation=standardized_signal | elapsed=2s
[2026-09-18 01:02:28] [Representation] Progress 40/108 | remaining=68 | elapsed=3.8m | eta≈6.4m
[2026-09-18 01:02:28] [Representation task] Starting | pid=94307 | split=cross_subject_d591024e24da | group=bci2a_cross_subject_delta_1_4 | representation=statistical__all_standard
[2026-09-18 01:02:37] [Representation task] Done | pid=94307 | split=cross_subject_d591024e24da | group=bci2a_cross_subject_delta_1_4 | representation=statistical__all_standard | elapsed=9s
[2026-09-18 01:02:37] [Representation] Progress 41/108 | remaining=67 | elapsed=3.9m | eta≈6.4m
[2026-09-18 01:02:37] [Representation task] Starting | pid=94307 | split=cross_subject_d591024e24da | group=bci2a_cross_subject_delta_1_4 | representation=temporal__all_standard
[2026-09-18 01:02:40] [Representation task] Done | pid=94307 | split=cross_subject_d591024e24da | group=bci2a_cross_subject_delta_1_4 | representation=temporal__all_standard | elapsed=3s
[2026-09-18 01:02:40] [Representation] Progress 42/108 | remaining=66 | elapsed=4.0m | eta≈6.3m
[2026-09-18 01:02:40] [Representation task] Starting | pid=94307 | split=cross_subject_d591024e24da | group=bci2a_cross_subject_delta_1_4 | representation=csp_6__all_standard
[2026-09-18 01:02:48] [Representation task] Done | pid=94307 | split=cross_subject_d591024e24da | group=bci2a_cross_subject_delta_1_4 | representation=csp_6__all_standard | elapsed=7s
[2026-09-18 01:02:48] [Representation] Progress 43/108 | remaining=65 | elapsed=4.1m | eta≈6.2m
[2026-09-18 01:02:48] [Representation task] Starting | pid=94307 | split=cross_subject_d591024e24da | group=bci2a_cross_subject_delta_1_4 | representation=standardized_signal
[2026-09-18 01:02:50] [Representation task] Done | pid=94307 | split=cross_subject_d591024e24da | group=bci2a_cross_subject_delta_1_4 | representation=standardized_signal | elapsed=2s
[2026-09-18 01:02:50] [Representation] Progress 44/108 | remaining=64 | elapsed=4.1m | eta≈6.0m
[2026-09-18 01:02:50] [Representation task] Starting | pid=94307 | split=cross_subject_86ae1443d8ba | group=bci2a_cross_subject_delta_1_4 | representation=statistical__all_standard
[2026-09-18 01:02:59] [Representation task] Done | pid=94307 | split=cross_subject_86ae1443d8ba | group=bci2a_cross_subject_delta_1_4 | representation=statistical__all_standard | elapsed=9s
[2026-09-18 01:02:59] [Representation] Progress 45/108 | remaining=63 | elapsed=4.3m | eta≈6.0m
[2026-09-18 01:02:59] [Representation task] Starting | pid=94307 | split=cross_subject_86ae1443d8ba | group=bci2a_cross_subject_delta_1_4 | representation=temporal__all_standard
[2026-09-18 01:03:02] [Representation task] Done | pid=94307 | split=cross_subject_86ae1443d8ba | group=bci2a_cross_subject_delta_1_4 | representation=temporal__all_standard | elapsed=3s
[2026-09-18 01:03:02] [Representation] Progress 46/108 | remaining=62 | elapsed=4.3m | eta≈5.9m
[2026-09-18 01:03:02] [Representation task] Starting | pid=94307 | split=cross_subject_86ae1443d8ba | group=bci2a_cross_subject_delta_1_4 | representation=csp_6__all_standard
[2026-09-18 01:03:09] [Representation task] Done | pid=94307 | split=cross_subject_86ae1443d8ba | group=bci2a_cross_subject_delta_1_4 | representation=csp_6__all_standard | elapsed=6s
[2026-09-18 01:03:09] [Representation] Progress 47/108 | remaining=61 | elapsed=4.5m | eta≈5.8m
[2026-09-18 01:03:09] [Representation task] Starting | pid=94307 | split=cross_subject_86ae1443d8ba | group=bci2a_cross_subject_delta_1_4 | representation=standardized_signal
[2026-09-18 01:03:11] [Representation task] Done | pid=94307 | split=cross_subject_86ae1443d8ba | group=bci2a_cross_subject_delta_1_4 | representation=standardized_signal | elapsed=2s
[2026-09-18 01:03:11] [Representation] Progress 48/108 | remaining=60 | elapsed=4.5m | eta≈5.6m
[2026-09-18 01:03:11] [Representation task] Starting | pid=94307 | split=cross_subject_4651bb4c7a87 | group=bci2a_cross_subject_delta_1_4 | representation=statistical__all_standard
[2026-09-18 01:03:20] [Representation task] Done | pid=94307 | split=cross_subject_4651bb4c7a87 | group=bci2a_cross_subject_delta_1_4 | representation=statistical__all_standard | elapsed=9s
[2026-09-18 01:03:20] [Representation] Progress 49/108 | remaining=59 | elapsed=4.6m | eta≈5.6m
[2026-09-18 01:03:20] [Representation task] Starting | pid=94307 | split=cross_subject_4651bb4c7a87 | group=bci2a_cross_subject_delta_1_4 | representation=temporal__all_standard
[2026-09-18 01:03:23] [Representation task] Done | pid=94307 | split=cross_subject_4651bb4c7a87 | group=bci2a_cross_subject_delta_1_4 | representation=temporal__all_standard | elapsed=3s
[2026-09-18 01:03:23] [Representation] Progress 50/108 | remaining=58 | elapsed=4.7m | eta≈5.4m
[2026-09-18 01:03:23] [Representation task] Starting | pid=94307 | split=cross_subject_4651bb4c7a87 | group=bci2a_cross_subject_delta_1_4 | representation=csp_6__all_standard
[2026-09-18 01:03:30] [Representation task] Done | pid=94307 | split=cross_subject_4651bb4c7a87 | group=bci2a_cross_subject_delta_1_4 | representation=csp_6__all_standard | elapsed=7s
[2026-09-18 01:03:30] [Representation] Progress 51/108 | remaining=57 | elapsed=4.8m | eta≈5.4m
[2026-09-18 01:03:30] [Representation task] Starting | pid=94307 | split=cross_subject_4651bb4c7a87 | group=bci2a_cross_subject_delta_1_4 | representation=standardized_signal
[2026-09-18 01:03:32] [Representation task] Done | pid=94307 | split=cross_subject_4651bb4c7a87 | group=bci2a_cross_subject_delta_1_4 | representation=standardized_signal | elapsed=2s
[2026-09-18 01:03:32] [Representation] Progress 52/108 | remaining=56 | elapsed=4.8m | eta≈5.2m
[2026-09-18 01:03:32] [Representation task] Starting | pid=94307 | split=cross_subject_a8c7b5ef7996 | group=bci2a_cross_subject_delta_1_4 | representation=statistical__all_standard
[2026-09-18 01:03:41] [Representation task] Done | pid=94307 | split=cross_subject_a8c7b5ef7996 | group=bci2a_cross_subject_delta_1_4 | representation=statistical__all_standard | elapsed=9s
[2026-09-18 01:03:41] [Representation] Progress 53/108 | remaining=55 | elapsed=5.0m | eta≈5.2m
[2026-09-18 01:03:41] [Representation task] Starting | pid=94307 | split=cross_subject_a8c7b5ef7996 | group=bci2a_cross_subject_delta_1_4 | representation=temporal__all_standard
[2026-09-18 01:03:44] [Representation task] Done | pid=94307 | split=cross_subject_a8c7b5ef7996 | group=bci2a_cross_subject_delta_1_4 | representation=temporal__all_standard | elapsed=3s
[2026-09-18 01:03:44] [Representation] Progress 54/108 | remaining=54 | elapsed=5.0m | eta≈5.0m
[2026-09-18 01:03:44] [Representation task] Starting | pid=94307 | split=cross_subject_a8c7b5ef7996 | group=bci2a_cross_subject_delta_1_4 | representation=csp_6__all_standard
[2026-09-18 01:03:52] [Representation task] Done | pid=94307 | split=cross_subject_a8c7b5ef7996 | group=bci2a_cross_subject_delta_1_4 | representation=csp_6__all_standard | elapsed=8s
[2026-09-18 01:03:52] [Representation] Progress 55/108 | remaining=53 | elapsed=5.2m | eta≈5.0m
[2026-09-18 01:03:52] [Representation task] Starting | pid=94307 | split=cross_subject_a8c7b5ef7996 | group=bci2a_cross_subject_delta_1_4 | representation=standardized_signal
[2026-09-18 01:03:56] [Representation task] Done | pid=94307 | split=cross_subject_a8c7b5ef7996 | group=bci2a_cross_subject_delta_1_4 | representation=standardized_signal | elapsed=4s
[2026-09-18 01:03:56] [Representation] Progress 56/108 | remaining=52 | elapsed=5.2m | eta≈4.9m
[2026-09-18 01:03:56] [Representation task] Starting | pid=94307 | split=cross_subject_41ec72bf7413 | group=bci2a_cross_subject_delta_1_4 | representation=statistical__all_standard
[2026-09-18 01:04:05] [Representation task] Done | pid=94307 | split=cross_subject_41ec72bf7413 | group=bci2a_cross_subject_delta_1_4 | representation=statistical__all_standard | elapsed=9s
[2026-09-18 01:04:05] [Representation] Progress 57/108 | remaining=51 | elapsed=5.4m | eta≈4.8m
[2026-09-18 01:04:05] [Representation task] Starting | pid=94307 | split=cross_subject_41ec72bf7413 | group=bci2a_cross_subject_delta_1_4 | representation=temporal__all_standard
[2026-09-18 01:04:09] [Representation task] Done | pid=94307 | split=cross_subject_41ec72bf7413 | group=bci2a_cross_subject_delta_1_4 | representation=temporal__all_standard | elapsed=4s
[2026-09-18 01:04:09] [Representation] Progress 58/108 | remaining=50 | elapsed=5.5m | eta≈4.7m
[2026-09-18 01:04:09] [Representation task] Starting | pid=94307 | split=cross_subject_41ec72bf7413 | group=bci2a_cross_subject_delta_1_4 | representation=csp_6__all_standard
[2026-09-18 01:04:16] [Representation task] Done | pid=94307 | split=cross_subject_41ec72bf7413 | group=bci2a_cross_subject_delta_1_4 | representation=csp_6__all_standard | elapsed=7s
[2026-09-18 01:04:16] [Representation] Progress 59/108 | remaining=49 | elapsed=5.6m | eta≈4.6m
[2026-09-18 01:04:16] [Representation task] Starting | pid=94307 | split=cross_subject_41ec72bf7413 | group=bci2a_cross_subject_delta_1_4 | representation=standardized_signal
[2026-09-18 01:04:19] [Representation task] Done | pid=94307 | split=cross_subject_41ec72bf7413 | group=bci2a_cross_subject_delta_1_4 | representation=standardized_signal | elapsed=2s
[2026-09-18 01:04:19] [Representation] Progress 60/108 | remaining=48 | elapsed=5.6m | eta≈4.5m
[2026-09-18 01:04:19] [Representation task] Starting | pid=94307 | split=cross_subject_d7a080b3ea81 | group=bci2a_cross_subject_delta_1_4 | representation=statistical__all_standard
[2026-09-18 01:04:28] [Representation task] Done | pid=94307 | split=cross_subject_d7a080b3ea81 | group=bci2a_cross_subject_delta_1_4 | representation=statistical__all_standard | elapsed=10s
[2026-09-18 01:04:28] [Representation] Progress 61/108 | remaining=47 | elapsed=5.8m | eta≈4.5m
[2026-09-18 01:04:28] [Representation task] Starting | pid=94307 | split=cross_subject_d7a080b3ea81 | group=bci2a_cross_subject_delta_1_4 | representation=temporal__all_standard
[2026-09-18 01:04:31] [Representation task] Done | pid=94307 | split=cross_subject_d7a080b3ea81 | group=bci2a_cross_subject_delta_1_4 | representation=temporal__all_standard | elapsed=3s
[2026-09-18 01:04:31] [Representation] Progress 62/108 | remaining=46 | elapsed=5.8m | eta≈4.3m
[2026-09-18 01:04:31] [Representation task] Starting | pid=94307 | split=cross_subject_d7a080b3ea81 | group=bci2a_cross_subject_delta_1_4 | representation=csp_6__all_standard
[2026-09-18 01:04:39] [Representation task] Done | pid=94307 | split=cross_subject_d7a080b3ea81 | group=bci2a_cross_subject_delta_1_4 | representation=csp_6__all_standard | elapsed=8s
[2026-09-18 01:04:39] [Representation] Progress 63/108 | remaining=45 | elapsed=6.0m | eta≈4.3m
[2026-09-18 01:04:39] [Representation task] Starting | pid=94307 | split=cross_subject_d7a080b3ea81 | group=bci2a_cross_subject_delta_1_4 | representation=standardized_signal
[2026-09-18 01:04:41] [Representation task] Done | pid=94307 | split=cross_subject_d7a080b3ea81 | group=bci2a_cross_subject_delta_1_4 | representation=standardized_signal | elapsed=2s
[2026-09-18 01:04:41] [Representation] Progress 64/108 | remaining=44 | elapsed=6.0m | eta≈4.1m
[2026-09-18 01:04:41] [Representation task] Starting | pid=94307 | split=cross_subject_88683bbd824f | group=bci2a_cross_subject_delta_1_4 | representation=statistical__all_standard
[2026-09-18 01:04:50] [Representation task] Done | pid=94307 | split=cross_subject_88683bbd824f | group=bci2a_cross_subject_delta_1_4 | representation=statistical__all_standard | elapsed=9s
[2026-09-18 01:04:50] [Representation] Progress 65/108 | remaining=43 | elapsed=6.1m | eta≈4.1m
[2026-09-18 01:04:50] [Representation task] Starting | pid=94307 | split=cross_subject_88683bbd824f | group=bci2a_cross_subject_delta_1_4 | representation=temporal__all_standard
[2026-09-18 01:04:53] [Representation task] Done | pid=94307 | split=cross_subject_88683bbd824f | group=bci2a_cross_subject_delta_1_4 | representation=temporal__all_standard | elapsed=3s
[2026-09-18 01:04:53] [Representation] Progress 66/108 | remaining=42 | elapsed=6.2m | eta≈3.9m
[2026-09-18 01:04:53] [Representation task] Starting | pid=94307 | split=cross_subject_88683bbd824f | group=bci2a_cross_subject_delta_1_4 | representation=csp_6__all_standard
[2026-09-18 01:05:00] [Representation task] Done | pid=94307 | split=cross_subject_88683bbd824f | group=bci2a_cross_subject_delta_1_4 | representation=csp_6__all_standard | elapsed=6s
[2026-09-18 01:05:00] [Representation] Progress 67/108 | remaining=41 | elapsed=6.3m | eta≈3.9m
[2026-09-18 01:05:00] [Representation task] Starting | pid=94307 | split=cross_subject_88683bbd824f | group=bci2a_cross_subject_delta_1_4 | representation=standardized_signal
[2026-09-18 01:05:02] [Representation task] Done | pid=94307 | split=cross_subject_88683bbd824f | group=bci2a_cross_subject_delta_1_4 | representation=standardized_signal | elapsed=3s
[2026-09-18 01:05:02] [Representation] Progress 68/108 | remaining=40 | elapsed=6.3m | eta≈3.7m
[2026-09-18 01:05:02] [Representation task] Starting | pid=94307 | split=cross_subject_d4e53dfb94e4 | group=bci2a_cross_subject_delta_1_4 | representation=statistical__all_standard
[2026-09-18 01:05:12] [Representation task] Done | pid=94307 | split=cross_subject_d4e53dfb94e4 | group=bci2a_cross_subject_delta_1_4 | representation=statistical__all_standard | elapsed=10s
[2026-09-18 01:05:12] [Representation] Progress 69/108 | remaining=39 | elapsed=6.5m | eta≈3.7m
[2026-09-18 01:05:12] [Representation task] Starting | pid=94307 | split=cross_subject_d4e53dfb94e4 | group=bci2a_cross_subject_delta_1_4 | representation=temporal__all_standard
[2026-09-18 01:05:16] [Representation task] Done | pid=94307 | split=cross_subject_d4e53dfb94e4 | group=bci2a_cross_subject_delta_1_4 | representation=temporal__all_standard | elapsed=3s
[2026-09-18 01:05:16] [Representation] Progress 70/108 | remaining=38 | elapsed=6.6m | eta≈3.6m
[2026-09-18 01:05:16] [Representation task] Starting | pid=94307 | split=cross_subject_d4e53dfb94e4 | group=bci2a_cross_subject_delta_1_4 | representation=csp_6__all_standard
[2026-09-18 01:05:23] [Representation task] Done | pid=94307 | split=cross_subject_d4e53dfb94e4 | group=bci2a_cross_subject_delta_1_4 | representation=csp_6__all_standard | elapsed=7s
[2026-09-18 01:05:23] [Representation] Progress 71/108 | remaining=37 | elapsed=6.7m | eta≈3.5m
[2026-09-18 01:05:23] [Representation task] Starting | pid=94307 | split=cross_subject_d4e53dfb94e4 | group=bci2a_cross_subject_delta_1_4 | representation=standardized_signal
[2026-09-18 01:05:26] [Representation task] Done | pid=94307 | split=cross_subject_d4e53dfb94e4 | group=bci2a_cross_subject_delta_1_4 | representation=standardized_signal | elapsed=3s
[2026-09-18 01:05:26] [Representation] Progress 72/108 | remaining=36 | elapsed=6.7m | eta≈3.4m
[2026-09-18 01:05:26] [Representation task] Starting | pid=94307 | split=cross_subject_2f0c6c9e6270 | group=bci2a_cross_subject_theta_4_8 | representation=statistical__all_standard
[2026-09-18 01:05:35] [Representation task] Done | pid=94307 | split=cross_subject_2f0c6c9e6270 | group=bci2a_cross_subject_theta_4_8 | representation=statistical__all_standard | elapsed=10s
[2026-09-18 01:05:35] [Representation] Progress 73/108 | remaining=35 | elapsed=6.9m | eta≈3.3m
[2026-09-18 01:05:35] [Representation task] Starting | pid=94307 | split=cross_subject_2f0c6c9e6270 | group=bci2a_cross_subject_theta_4_8 | representation=temporal__all_standard
[2026-09-18 01:05:39] [Representation task] Done | pid=94307 | split=cross_subject_2f0c6c9e6270 | group=bci2a_cross_subject_theta_4_8 | representation=temporal__all_standard | elapsed=3s
[2026-09-18 01:05:39] [Representation] Progress 74/108 | remaining=34 | elapsed=7.0m | eta≈3.2m
[2026-09-18 01:05:39] [Representation task] Starting | pid=94307 | split=cross_subject_2f0c6c9e6270 | group=bci2a_cross_subject_theta_4_8 | representation=csp_6__all_standard
[2026-09-18 01:05:45] [Representation task] Done | pid=94307 | split=cross_subject_2f0c6c9e6270 | group=bci2a_cross_subject_theta_4_8 | representation=csp_6__all_standard | elapsed=6s
[2026-09-18 01:05:45] [Representation] Progress 75/108 | remaining=33 | elapsed=7.1m | eta≈3.1m
[2026-09-18 01:05:45] [Representation task] Starting | pid=94307 | split=cross_subject_2f0c6c9e6270 | group=bci2a_cross_subject_theta_4_8 | representation=standardized_signal
[2026-09-18 01:05:47] [Representation task] Done | pid=94307 | split=cross_subject_2f0c6c9e6270 | group=bci2a_cross_subject_theta_4_8 | representation=standardized_signal | elapsed=2s
[2026-09-18 01:05:47] [Representation] Progress 76/108 | remaining=32 | elapsed=7.1m | eta≈3.0m
[2026-09-18 01:05:47] [Representation task] Starting | pid=94307 | split=cross_subject_d591024e24da | group=bci2a_cross_subject_theta_4_8 | representation=statistical__all_standard
[2026-09-18 01:05:56] [Representation task] Done | pid=94307 | split=cross_subject_d591024e24da | group=bci2a_cross_subject_theta_4_8 | representation=statistical__all_standard | elapsed=9s
[2026-09-18 01:05:56] [Representation] Progress 77/108 | remaining=31 | elapsed=7.3m | eta≈2.9m
[2026-09-18 01:05:56] [Representation task] Starting | pid=94307 | split=cross_subject_d591024e24da | group=bci2a_cross_subject_theta_4_8 | representation=temporal__all_standard
[2026-09-18 01:06:00] [Representation task] Done | pid=94307 | split=cross_subject_d591024e24da | group=bci2a_cross_subject_theta_4_8 | representation=temporal__all_standard | elapsed=3s
[2026-09-18 01:06:00] [Representation] Progress 78/108 | remaining=30 | elapsed=7.3m | eta≈2.8m
[2026-09-18 01:06:00] [Representation task] Starting | pid=94307 | split=cross_subject_d591024e24da | group=bci2a_cross_subject_theta_4_8 | representation=csp_6__all_standard
[2026-09-18 01:06:07] [Representation task] Done | pid=94307 | split=cross_subject_d591024e24da | group=bci2a_cross_subject_theta_4_8 | representation=csp_6__all_standard | elapsed=8s
[2026-09-18 01:06:07] [Representation] Progress 79/108 | remaining=29 | elapsed=7.4m | eta≈2.7m
[2026-09-18 01:06:07] [Representation task] Starting | pid=94307 | split=cross_subject_d591024e24da | group=bci2a_cross_subject_theta_4_8 | representation=standardized_signal
[2026-09-18 01:06:10] [Representation task] Done | pid=94307 | split=cross_subject_d591024e24da | group=bci2a_cross_subject_theta_4_8 | representation=standardized_signal | elapsed=3s
[2026-09-18 01:06:10] [Representation] Progress 80/108 | remaining=28 | elapsed=7.5m | eta≈2.6m
[2026-09-18 01:06:10] [Representation task] Starting | pid=94307 | split=cross_subject_86ae1443d8ba | group=bci2a_cross_subject_theta_4_8 | representation=statistical__all_standard
[2026-09-18 01:06:19] [Representation task] Done | pid=94307 | split=cross_subject_86ae1443d8ba | group=bci2a_cross_subject_theta_4_8 | representation=statistical__all_standard | elapsed=9s
[2026-09-18 01:06:19] [Representation] Progress 81/108 | remaining=27 | elapsed=7.6m | eta≈2.5m
[2026-09-18 01:06:19] [Representation task] Starting | pid=94307 | split=cross_subject_86ae1443d8ba | group=bci2a_cross_subject_theta_4_8 | representation=temporal__all_standard
[2026-09-18 01:06:23] [Representation task] Done | pid=94307 | split=cross_subject_86ae1443d8ba | group=bci2a_cross_subject_theta_4_8 | representation=temporal__all_standard | elapsed=4s
[2026-09-18 01:06:23] [Representation] Progress 82/108 | remaining=26 | elapsed=7.7m | eta≈2.4m
[2026-09-18 01:06:23] [Representation task] Starting | pid=94307 | split=cross_subject_86ae1443d8ba | group=bci2a_cross_subject_theta_4_8 | representation=csp_6__all_standard
[2026-09-18 01:06:31] [Representation task] Done | pid=94307 | split=cross_subject_86ae1443d8ba | group=bci2a_cross_subject_theta_4_8 | representation=csp_6__all_standard | elapsed=8s
[2026-09-18 01:06:31] [Representation] Progress 83/108 | remaining=25 | elapsed=7.8m | eta≈2.4m
[2026-09-18 01:06:31] [Representation task] Starting | pid=94307 | split=cross_subject_86ae1443d8ba | group=bci2a_cross_subject_theta_4_8 | representation=standardized_signal
[2026-09-18 01:06:34] [Representation task] Done | pid=94307 | split=cross_subject_86ae1443d8ba | group=bci2a_cross_subject_theta_4_8 | representation=standardized_signal | elapsed=3s
[2026-09-18 01:06:34] [Representation] Progress 84/108 | remaining=24 | elapsed=7.9m | eta≈2.2m
[2026-09-18 01:06:34] [Representation task] Starting | pid=94307 | split=cross_subject_4651bb4c7a87 | group=bci2a_cross_subject_theta_4_8 | representation=statistical__all_standard
[2026-09-18 01:06:42] [Representation task] Done | pid=94307 | split=cross_subject_4651bb4c7a87 | group=bci2a_cross_subject_theta_4_8 | representation=statistical__all_standard | elapsed=9s
[2026-09-18 01:06:42] [Representation] Progress 85/108 | remaining=23 | elapsed=8.0m | eta≈2.2m
[2026-09-18 01:06:42] [Representation task] Starting | pid=94307 | split=cross_subject_4651bb4c7a87 | group=bci2a_cross_subject_theta_4_8 | representation=temporal__all_standard
[2026-09-18 01:06:46] [Representation task] Done | pid=94307 | split=cross_subject_4651bb4c7a87 | group=bci2a_cross_subject_theta_4_8 | representation=temporal__all_standard | elapsed=3s
[2026-09-18 01:06:46] [Representation] Progress 86/108 | remaining=22 | elapsed=8.1m | eta≈2.1m
[2026-09-18 01:06:46] [Representation task] Starting | pid=94307 | split=cross_subject_4651bb4c7a87 | group=bci2a_cross_subject_theta_4_8 | representation=csp_6__all_standard
[2026-09-18 01:06:54] [Representation task] Done | pid=94307 | split=cross_subject_4651bb4c7a87 | group=bci2a_cross_subject_theta_4_8 | representation=csp_6__all_standard | elapsed=9s
[2026-09-18 01:06:54] [Representation] Progress 87/108 | remaining=21 | elapsed=8.2m | eta≈2.0m
[2026-09-18 01:06:54] [Representation task] Starting | pid=94307 | split=cross_subject_4651bb4c7a87 | group=bci2a_cross_subject_theta_4_8 | representation=standardized_signal
[2026-09-18 01:06:57] [Representation task] Done | pid=94307 | split=cross_subject_4651bb4c7a87 | group=bci2a_cross_subject_theta_4_8 | representation=standardized_signal | elapsed=2s
[2026-09-18 01:06:57] [Representation] Progress 88/108 | remaining=20 | elapsed=8.3m | eta≈1.9m
[2026-09-18 01:06:57] [Representation task] Starting | pid=94307 | split=cross_subject_a8c7b5ef7996 | group=bci2a_cross_subject_theta_4_8 | representation=statistical__all_standard
[2026-09-18 01:07:06] [Representation task] Done | pid=94307 | split=cross_subject_a8c7b5ef7996 | group=bci2a_cross_subject_theta_4_8 | representation=statistical__all_standard | elapsed=10s
[2026-09-18 01:07:06] [Representation] Progress 89/108 | remaining=19 | elapsed=8.4m | eta≈1.8m
[2026-09-18 01:07:06] [Representation task] Starting | pid=94307 | split=cross_subject_a8c7b5ef7996 | group=bci2a_cross_subject_theta_4_8 | representation=temporal__all_standard
[2026-09-18 01:07:09] [Representation task] Done | pid=94307 | split=cross_subject_a8c7b5ef7996 | group=bci2a_cross_subject_theta_4_8 | representation=temporal__all_standard | elapsed=3s
[2026-09-18 01:07:09] [Representation] Progress 90/108 | remaining=18 | elapsed=8.5m | eta≈1.7m
[2026-09-18 01:07:09] [Representation task] Starting | pid=94307 | split=cross_subject_a8c7b5ef7996 | group=bci2a_cross_subject_theta_4_8 | representation=csp_6__all_standard
[2026-09-18 01:07:15] [Representation task] Done | pid=94307 | split=cross_subject_a8c7b5ef7996 | group=bci2a_cross_subject_theta_4_8 | representation=csp_6__all_standard | elapsed=6s
[2026-09-18 01:07:15] [Representation] Progress 91/108 | remaining=17 | elapsed=8.6m | eta≈1.6m
[2026-09-18 01:07:15] [Representation task] Starting | pid=94307 | split=cross_subject_a8c7b5ef7996 | group=bci2a_cross_subject_theta_4_8 | representation=standardized_signal
[2026-09-18 01:07:18] [Representation task] Done | pid=94307 | split=cross_subject_a8c7b5ef7996 | group=bci2a_cross_subject_theta_4_8 | representation=standardized_signal | elapsed=3s
[2026-09-18 01:07:18] [Representation] Progress 92/108 | remaining=16 | elapsed=8.6m | eta≈1.5m
[2026-09-18 01:07:18] [Representation task] Starting | pid=94307 | split=cross_subject_41ec72bf7413 | group=bci2a_cross_subject_theta_4_8 | representation=statistical__all_standard
[2026-09-18 01:07:28] [Representation task] Done | pid=94307 | split=cross_subject_41ec72bf7413 | group=bci2a_cross_subject_theta_4_8 | representation=statistical__all_standard | elapsed=10s
[2026-09-18 01:07:28] [Representation] Progress 93/108 | remaining=15 | elapsed=8.8m | eta≈1.4m
[2026-09-18 01:07:28] [Representation task] Starting | pid=94307 | split=cross_subject_41ec72bf7413 | group=bci2a_cross_subject_theta_4_8 | representation=temporal__all_standard
[2026-09-18 01:07:32] [Representation task] Done | pid=94307 | split=cross_subject_41ec72bf7413 | group=bci2a_cross_subject_theta_4_8 | representation=temporal__all_standard | elapsed=3s
[2026-09-18 01:07:32] [Representation] Progress 94/108 | remaining=14 | elapsed=8.8m | eta≈1.3m
[2026-09-18 01:07:32] [Representation task] Starting | pid=94307 | split=cross_subject_41ec72bf7413 | group=bci2a_cross_subject_theta_4_8 | representation=csp_6__all_standard
[2026-09-18 01:07:39] [Representation task] Done | pid=94307 | split=cross_subject_41ec72bf7413 | group=bci2a_cross_subject_theta_4_8 | representation=csp_6__all_standard | elapsed=7s
[2026-09-18 01:07:39] [Representation] Progress 95/108 | remaining=13 | elapsed=9.0m | eta≈1.2m
[2026-09-18 01:07:39] [Representation task] Starting | pid=94307 | split=cross_subject_41ec72bf7413 | group=bci2a_cross_subject_theta_4_8 | representation=standardized_signal
[2026-09-18 01:07:41] [Representation task] Done | pid=94307 | split=cross_subject_41ec72bf7413 | group=bci2a_cross_subject_theta_4_8 | representation=standardized_signal | elapsed=2s
[2026-09-18 01:07:41] [Representation] Progress 96/108 | remaining=12 | elapsed=9.0m | eta≈1.1m
[2026-09-18 01:07:41] [Representation task] Starting | pid=94307 | split=cross_subject_d7a080b3ea81 | group=bci2a_cross_subject_theta_4_8 | representation=statistical__all_standard
[2026-09-18 01:07:51] [Representation task] Done | pid=94307 | split=cross_subject_d7a080b3ea81 | group=bci2a_cross_subject_theta_4_8 | representation=statistical__all_standard | elapsed=9s
[2026-09-18 01:07:51] [Representation] Progress 97/108 | remaining=11 | elapsed=9.2m | eta≈1.0m
[2026-09-18 01:07:51] [Representation task] Starting | pid=94307 | split=cross_subject_d7a080b3ea81 | group=bci2a_cross_subject_theta_4_8 | representation=temporal__all_standard
[2026-09-18 01:07:54] [Representation task] Done | pid=94307 | split=cross_subject_d7a080b3ea81 | group=bci2a_cross_subject_theta_4_8 | representation=temporal__all_standard | elapsed=3s
[2026-09-18 01:07:54] [Representation] Progress 98/108 | remaining=10 | elapsed=9.2m | eta≈56s
[2026-09-18 01:07:54] [Representation task] Starting | pid=94307 | split=cross_subject_d7a080b3ea81 | group=bci2a_cross_subject_theta_4_8 | representation=csp_6__all_standard
[2026-09-18 01:08:03] [Representation task] Done | pid=94307 | split=cross_subject_d7a080b3ea81 | group=bci2a_cross_subject_theta_4_8 | representation=csp_6__all_standard | elapsed=9s
[2026-09-18 01:08:03] [Representation] Progress 99/108 | remaining=9 | elapsed=9.4m | eta≈51s
[2026-09-18 01:08:03] [Representation task] Starting | pid=94307 | split=cross_subject_d7a080b3ea81 | group=bci2a_cross_subject_theta_4_8 | representation=standardized_signal
[2026-09-18 01:08:05] [Representation task] Done | pid=94307 | split=cross_subject_d7a080b3ea81 | group=bci2a_cross_subject_theta_4_8 | representation=standardized_signal | elapsed=3s
[2026-09-18 01:08:05] [Representation] Progress 100/108 | remaining=8 | elapsed=9.4m | eta≈45s
[2026-09-18 01:08:05] [Representation task] Starting | pid=94307 | split=cross_subject_88683bbd824f | group=bci2a_cross_subject_theta_4_8 | representation=statistical__all_standard
[2026-09-18 01:08:14] [Representation task] Done | pid=94307 | split=cross_subject_88683bbd824f | group=bci2a_cross_subject_theta_4_8 | representation=statistical__all_standard | elapsed=9s
[2026-09-18 01:08:14] [Representation] Progress 101/108 | remaining=7 | elapsed=9.6m | eta≈40s
[2026-09-18 01:08:14] [Representation task] Starting | pid=94307 | split=cross_subject_88683bbd824f | group=bci2a_cross_subject_theta_4_8 | representation=temporal__all_standard
[2026-09-18 01:08:17] [Representation task] Done | pid=94307 | split=cross_subject_88683bbd824f | group=bci2a_cross_subject_theta_4_8 | representation=temporal__all_standard | elapsed=3s
[2026-09-18 01:08:17] [Representation] Progress 102/108 | remaining=6 | elapsed=9.6m | eta≈34s
[2026-09-18 01:08:17] [Representation task] Starting | pid=94307 | split=cross_subject_88683bbd824f | group=bci2a_cross_subject_theta_4_8 | representation=csp_6__all_standard
[2026-09-18 01:08:28] [Representation task] Done | pid=94307 | split=cross_subject_88683bbd824f | group=bci2a_cross_subject_theta_4_8 | representation=csp_6__all_standard | elapsed=11s
[2026-09-18 01:08:28] [Representation] Progress 103/108 | remaining=5 | elapsed=9.8m | eta≈28s
[2026-09-18 01:08:28] [Representation task] Starting | pid=94307 | split=cross_subject_88683bbd824f | group=bci2a_cross_subject_theta_4_8 | representation=standardized_signal
[2026-09-18 01:08:31] [Representation task] Done | pid=94307 | split=cross_subject_88683bbd824f | group=bci2a_cross_subject_theta_4_8 | representation=standardized_signal | elapsed=3s
[2026-09-18 01:08:31] [Representation] Progress 104/108 | remaining=4 | elapsed=9.8m | eta≈23s
[2026-09-18 01:08:31] [Representation task] Starting | pid=94307 | split=cross_subject_d4e53dfb94e4 | group=bci2a_cross_subject_theta_4_8 | representation=statistical__all_standard
[2026-09-18 01:08:41] [Representation task] Done | pid=94307 | split=cross_subject_d4e53dfb94e4 | group=bci2a_cross_subject_theta_4_8 | representation=statistical__all_standard | elapsed=10s
[2026-09-18 01:08:41] [Representation] Progress 105/108 | remaining=3 | elapsed=10.0m | eta≈17s
[2026-09-18 01:08:41] [Representation task] Starting | pid=94307 | split=cross_subject_d4e53dfb94e4 | group=bci2a_cross_subject_theta_4_8 | representation=temporal__all_standard
[2026-09-18 01:08:44] [Representation task] Done | pid=94307 | split=cross_subject_d4e53dfb94e4 | group=bci2a_cross_subject_theta_4_8 | representation=temporal__all_standard | elapsed=3s
[2026-09-18 01:08:44] [Representation] Progress 106/108 | remaining=2 | elapsed=10.0m | eta≈11s
[2026-09-18 01:08:44] [Representation task] Starting | pid=94307 | split=cross_subject_d4e53dfb94e4 | group=bci2a_cross_subject_theta_4_8 | representation=csp_6__all_standard
[2026-09-18 01:08:51] [Representation task] Done | pid=94307 | split=cross_subject_d4e53dfb94e4 | group=bci2a_cross_subject_theta_4_8 | representation=csp_6__all_standard | elapsed=7s
[2026-09-18 01:08:51] [Representation] Progress 107/108 | remaining=1 | elapsed=10.2m | eta≈6s
[2026-09-18 01:08:51] [Representation task] Starting | pid=94307 | split=cross_subject_d4e53dfb94e4 | group=bci2a_cross_subject_theta_4_8 | representation=standardized_signal
[2026-09-18 01:08:53] [Representation task] Done | pid=94307 | split=cross_subject_d4e53dfb94e4 | group=bci2a_cross_subject_theta_4_8 | representation=standardized_signal | elapsed=2s
[2026-09-18 01:08:53] [Representation] Progress 108/108 | remaining=0 | elapsed=10.2m | eta≈0s
[2026-09-18 01:08:53] [Representation] Done | elapsed=10.2m
[2026-09-18 01:08:53] [Training] Starting...
[2026-09-18 01:08:53] [Training] Tasks=108 | workers=1
[2026-09-18 01:08:53] [Training task] Starting | pid=94307 | item=1 | split=cross_subject_2f0c6c9e6270 | representation=statistical__all_standard | model=logistic_regression
[2026-09-18 01:09:04] [Training task] Done | pid=94307 | item=1 | split=cross_subject_2f0c6c9e6270 | representation=statistical__all_standard | model=logistic_regression | elapsed=11s
[2026-09-18 01:09:04] [Training] Progress 1/108 | remaining=107 | elapsed=11s | eta≈19.0m
[2026-09-18 01:09:04] [Training task] Starting | pid=94307 | item=2 | split=cross_subject_2f0c6c9e6270 | representation=temporal__all_standard | model=logistic_regression
[2026-09-18 01:09:10] [Training task] Done | pid=94307 | item=2 | split=cross_subject_2f0c6c9e6270 | representation=temporal__all_standard | model=logistic_regression | elapsed=6s
[2026-09-18 01:09:10] [Training] Progress 2/108 | remaining=106 | elapsed=17s | eta≈15.0m
[2026-09-18 01:09:10] [Training task] Starting | pid=94307 | item=3 | split=cross_subject_2f0c6c9e6270 | representation=csp_6__all_standard | model=logistic_regression
[2026-09-18 01:09:13] [Training task] Done | pid=94307 | item=3 | split=cross_subject_2f0c6c9e6270 | representation=csp_6__all_standard | model=logistic_regression | elapsed=3s
[2026-09-18 01:09:13] [Training] Progress 3/108 | remaining=105 | elapsed=20s | eta≈11.9m
[2026-09-18 01:09:13] [Training task] Starting | pid=94307 | item=4 | split=cross_subject_2f0c6c9e6270 | representation=standardized_signal | model=eegnet
[2026-09-18 01:09:32] [Training task] Done | pid=94307 | item=4 | split=cross_subject_2f0c6c9e6270 | representation=standardized_signal | model=eegnet | elapsed=19s
[2026-09-18 01:09:32] [Training] Progress 4/108 | remaining=104 | elapsed=39s | eta≈17.0m
[2026-09-18 01:09:32] [Training task] Starting | pid=94307 | item=5 | split=cross_subject_d591024e24da | representation=statistical__all_standard | model=logistic_regression
[2026-09-18 01:09:42] [Training task] Done | pid=94307 | item=5 | split=cross_subject_d591024e24da | representation=statistical__all_standard | model=logistic_regression | elapsed=10s
[2026-09-18 01:09:42] [Training] Progress 5/108 | remaining=103 | elapsed=49s | eta≈17.0m
[2026-09-18 01:09:42] [Training task] Starting | pid=94307 | item=6 | split=cross_subject_d591024e24da | representation=temporal__all_standard | model=logistic_regression
[2026-09-18 01:09:49] [Training task] Done | pid=94307 | item=6 | split=cross_subject_d591024e24da | representation=temporal__all_standard | model=logistic_regression | elapsed=6s
[2026-09-18 01:09:49] [Training] Progress 6/108 | remaining=102 | elapsed=56s | eta≈15.7m
[2026-09-18 01:09:49] [Training task] Starting | pid=94307 | item=7 | split=cross_subject_d591024e24da | representation=csp_6__all_standard | model=logistic_regression
[2026-09-18 01:09:53] [Training task] Done | pid=94307 | item=7 | split=cross_subject_d591024e24da | representation=csp_6__all_standard | model=logistic_regression | elapsed=5s
[2026-09-18 01:09:53] [Training] Progress 7/108 | remaining=101 | elapsed=1.0m | eta≈14.5m
[2026-09-18 01:09:53] [Training task] Starting | pid=94307 | item=8 | split=cross_subject_d591024e24da | representation=standardized_signal | model=eegnet
[2026-09-18 01:10:10] [Training task] Done | pid=94307 | item=8 | split=cross_subject_d591024e24da | representation=standardized_signal | model=eegnet | elapsed=17s
[2026-09-18 01:10:10] [Training] Progress 8/108 | remaining=100 | elapsed=1.3m | eta≈16.0m
[2026-09-18 01:10:10] [Training task] Starting | pid=94307 | item=9 | split=cross_subject_86ae1443d8ba | representation=statistical__all_standard | model=logistic_regression
[2026-09-18 01:10:20] [Training task] Done | pid=94307 | item=9 | split=cross_subject_86ae1443d8ba | representation=statistical__all_standard | model=logistic_regression | elapsed=11s
[2026-09-18 01:10:20] [Training] Progress 9/108 | remaining=99 | elapsed=1.5m | eta≈16.0m
[2026-09-18 01:10:20] [Training task] Starting | pid=94307 | item=10 | split=cross_subject_86ae1443d8ba | representation=temporal__all_standard | model=logistic_regression
[2026-09-18 01:10:27] [Training task] Done | pid=94307 | item=10 | split=cross_subject_86ae1443d8ba | representation=temporal__all_standard | model=logistic_regression | elapsed=6s
[2026-09-18 01:10:27] [Training] Progress 10/108 | remaining=98 | elapsed=1.6m | eta≈15.3m
[2026-09-18 01:10:27] [Training task] Starting | pid=94307 | item=11 | split=cross_subject_86ae1443d8ba | representation=csp_6__all_standard | model=logistic_regression
[2026-09-18 01:10:31] [Training task] Done | pid=94307 | item=11 | split=cross_subject_86ae1443d8ba | representation=csp_6__all_standard | model=logistic_regression | elapsed=4s
[2026-09-18 01:10:31] [Training] Progress 11/108 | remaining=97 | elapsed=1.6m | eta≈14.4m
[2026-09-18 01:10:31] [Training task] Starting | pid=94307 | item=12 | split=cross_subject_86ae1443d8ba | representation=standardized_signal | model=eegnet
[2026-09-18 01:10:47] [Training task] Done | pid=94307 | item=12 | split=cross_subject_86ae1443d8ba | representation=standardized_signal | model=eegnet | elapsed=16s
[2026-09-18 01:10:47] [Training] Progress 12/108 | remaining=96 | elapsed=1.9m | eta≈15.2m
[2026-09-18 01:10:47] [Training task] Starting | pid=94307 | item=13 | split=cross_subject_4651bb4c7a87 | representation=statistical__all_standard | model=logistic_regression
[2026-09-18 01:10:58] [Training task] Done | pid=94307 | item=13 | split=cross_subject_4651bb4c7a87 | representation=statistical__all_standard | model=logistic_regression | elapsed=10s
[2026-09-18 01:10:58] [Training] Progress 13/108 | remaining=95 | elapsed=2.1m | eta≈15.2m
[2026-09-18 01:10:58] [Training task] Starting | pid=94307 | item=14 | split=cross_subject_4651bb4c7a87 | representation=temporal__all_standard | model=logistic_regression
[2026-09-18 01:11:08] [Training task] Done | pid=94307 | item=14 | split=cross_subject_4651bb4c7a87 | representation=temporal__all_standard | model=logistic_regression | elapsed=10s
[2026-09-18 01:11:08] [Training] Progress 14/108 | remaining=94 | elapsed=2.2m | eta≈15.1m
[2026-09-18 01:11:08] [Training task] Starting | pid=94307 | item=15 | split=cross_subject_4651bb4c7a87 | representation=csp_6__all_standard | model=logistic_regression
[2026-09-18 01:11:12] [Training task] Done | pid=94307 | item=15 | split=cross_subject_4651bb4c7a87 | representation=csp_6__all_standard | model=logistic_regression | elapsed=4s
[2026-09-18 01:11:12] [Training] Progress 15/108 | remaining=93 | elapsed=2.3m | eta≈14.3m
[2026-09-18 01:11:12] [Training task] Starting | pid=94307 | item=16 | split=cross_subject_4651bb4c7a87 | representation=standardized_signal | model=eegnet
[2026-09-18 01:11:29] [Training task] Done | pid=94307 | item=16 | split=cross_subject_4651bb4c7a87 | representation=standardized_signal | model=eegnet | elapsed=17s
[2026-09-18 01:11:29] [Training] Progress 16/108 | remaining=92 | elapsed=2.6m | eta≈14.9m
[2026-09-18 01:11:29] [Training task] Starting | pid=94307 | item=17 | split=cross_subject_a8c7b5ef7996 | representation=statistical__all_standard | model=logistic_regression
[2026-09-18 01:11:40] [Training task] Done | pid=94307 | item=17 | split=cross_subject_a8c7b5ef7996 | representation=statistical__all_standard | model=logistic_regression | elapsed=11s
[2026-09-18 01:11:40] [Training] Progress 17/108 | remaining=91 | elapsed=2.8m | eta≈14.9m
[2026-09-18 01:11:40] [Training task] Starting | pid=94307 | item=18 | split=cross_subject_a8c7b5ef7996 | representation=temporal__all_standard | model=logistic_regression
[2026-09-18 01:11:47] [Training task] Done | pid=94307 | item=18 | split=cross_subject_a8c7b5ef7996 | representation=temporal__all_standard | model=logistic_regression | elapsed=7s
[2026-09-18 01:11:47] [Training] Progress 18/108 | remaining=90 | elapsed=2.9m | eta≈14.5m
[2026-09-18 01:11:47] [Training task] Starting | pid=94307 | item=19 | split=cross_subject_a8c7b5ef7996 | representation=csp_6__all_standard | model=logistic_regression
[2026-09-18 01:11:52] [Training task] Done | pid=94307 | item=19 | split=cross_subject_a8c7b5ef7996 | representation=csp_6__all_standard | model=logistic_regression | elapsed=5s
[2026-09-18 01:11:52] [Training] Progress 19/108 | remaining=89 | elapsed=3.0m | eta≈14.0m
[2026-09-18 01:11:52] [Training task] Starting | pid=94307 | item=20 | split=cross_subject_a8c7b5ef7996 | representation=standardized_signal | model=eegnet
[2026-09-18 01:12:09] [Training task] Done | pid=94307 | item=20 | split=cross_subject_a8c7b5ef7996 | representation=standardized_signal | model=eegnet | elapsed=17s
[2026-09-18 01:12:09] [Training] Progress 20/108 | remaining=88 | elapsed=3.3m | eta≈14.4m
[2026-09-18 01:12:09] [Training task] Starting | pid=94307 | item=21 | split=cross_subject_41ec72bf7413 | representation=statistical__all_standard | model=logistic_regression
[2026-09-18 01:12:19] [Training task] Done | pid=94307 | item=21 | split=cross_subject_41ec72bf7413 | representation=statistical__all_standard | model=logistic_regression | elapsed=10s
[2026-09-18 01:12:19] [Training] Progress 21/108 | remaining=87 | elapsed=3.4m | eta≈14.2m
[2026-09-18 01:12:19] [Training task] Starting | pid=94307 | item=22 | split=cross_subject_41ec72bf7413 | representation=temporal__all_standard | model=logistic_regression
[2026-09-18 01:12:26] [Training task] Done | pid=94307 | item=22 | split=cross_subject_41ec72bf7413 | representation=temporal__all_standard | model=logistic_regression | elapsed=8s
[2026-09-18 01:12:26] [Training] Progress 22/108 | remaining=86 | elapsed=3.6m | eta≈13.9m
[2026-09-18 01:12:26] [Training task] Starting | pid=94307 | item=23 | split=cross_subject_41ec72bf7413 | representation=csp_6__all_standard | model=logistic_regression
[2026-09-18 01:12:31] [Training task] Done | pid=94307 | item=23 | split=cross_subject_41ec72bf7413 | representation=csp_6__all_standard | model=logistic_regression | elapsed=5s
[2026-09-18 01:12:31] [Training] Progress 23/108 | remaining=85 | elapsed=3.6m | eta≈13.4m
[2026-09-18 01:12:31] [Training task] Starting | pid=94307 | item=24 | split=cross_subject_41ec72bf7413 | representation=standardized_signal | model=eegnet
[2026-09-18 01:12:48] [Training task] Done | pid=94307 | item=24 | split=cross_subject_41ec72bf7413 | representation=standardized_signal | model=eegnet | elapsed=17s
[2026-09-18 01:12:48] [Training] Progress 24/108 | remaining=84 | elapsed=3.9m | eta≈13.7m
[2026-09-18 01:12:48] [Training task] Starting | pid=94307 | item=25 | split=cross_subject_d7a080b3ea81 | representation=statistical__all_standard | model=logistic_regression
[2026-09-18 01:12:58] [Training task] Done | pid=94307 | item=25 | split=cross_subject_d7a080b3ea81 | representation=statistical__all_standard | model=logistic_regression | elapsed=10s
[2026-09-18 01:12:58] [Training] Progress 25/108 | remaining=83 | elapsed=4.1m | eta≈13.6m
[2026-09-18 01:12:58] [Training task] Starting | pid=94307 | item=26 | split=cross_subject_d7a080b3ea81 | representation=temporal__all_standard | model=logistic_regression
[2026-09-18 01:13:05] [Training task] Done | pid=94307 | item=26 | split=cross_subject_d7a080b3ea81 | representation=temporal__all_standard | model=logistic_regression | elapsed=7s
[2026-09-18 01:13:05] [Training] Progress 26/108 | remaining=82 | elapsed=4.2m | eta≈13.3m
[2026-09-18 01:13:05] [Training task] Starting | pid=94307 | item=27 | split=cross_subject_d7a080b3ea81 | representation=csp_6__all_standard | model=logistic_regression
[2026-09-18 01:13:10] [Training task] Done | pid=94307 | item=27 | split=cross_subject_d7a080b3ea81 | representation=csp_6__all_standard | model=logistic_regression | elapsed=4s
[2026-09-18 01:13:10] [Training] Progress 27/108 | remaining=81 | elapsed=4.3m | eta≈12.8m
[2026-09-18 01:13:10] [Training task] Starting | pid=94307 | item=28 | split=cross_subject_d7a080b3ea81 | representation=standardized_signal | model=eegnet
[2026-09-18 01:13:26] [Training task] Done | pid=94307 | item=28 | split=cross_subject_d7a080b3ea81 | representation=standardized_signal | model=eegnet | elapsed=17s
[2026-09-18 01:13:26] [Training] Progress 28/108 | remaining=80 | elapsed=4.6m | eta≈13.0m
[2026-09-18 01:13:26] [Training task] Starting | pid=94307 | item=29 | split=cross_subject_88683bbd824f | representation=statistical__all_standard | model=logistic_regression
[2026-09-18 01:13:37] [Training task] Done | pid=94307 | item=29 | split=cross_subject_88683bbd824f | representation=statistical__all_standard | model=logistic_regression | elapsed=10s
[2026-09-18 01:13:37] [Training] Progress 29/108 | remaining=79 | elapsed=4.7m | eta≈12.9m
[2026-09-18 01:13:37] [Training task] Starting | pid=94307 | item=30 | split=cross_subject_88683bbd824f | representation=temporal__all_standard | model=logistic_regression
[2026-09-18 01:13:46] [Training task] Done | pid=94307 | item=30 | split=cross_subject_88683bbd824f | representation=temporal__all_standard | model=logistic_regression | elapsed=10s
[2026-09-18 01:13:46] [Training] Progress 30/108 | remaining=78 | elapsed=4.9m | eta≈12.7m
[2026-09-18 01:13:46] [Training task] Starting | pid=94307 | item=31 | split=cross_subject_88683bbd824f | representation=csp_6__all_standard | model=logistic_regression
[2026-09-18 01:13:53] [Training task] Done | pid=94307 | item=31 | split=cross_subject_88683bbd824f | representation=csp_6__all_standard | model=logistic_regression | elapsed=6s
[2026-09-18 01:13:53] [Training] Progress 31/108 | remaining=77 | elapsed=5.0m | eta≈12.4m
[2026-09-18 01:13:53] [Training task] Starting | pid=94307 | item=32 | split=cross_subject_88683bbd824f | representation=standardized_signal | model=eegnet
[2026-09-18 01:14:12] [Training task] Done | pid=94307 | item=32 | split=cross_subject_88683bbd824f | representation=standardized_signal | model=eegnet | elapsed=20s
[2026-09-18 01:14:12] [Training] Progress 32/108 | remaining=76 | elapsed=5.3m | eta≈12.6m
[2026-09-18 01:14:12] [Training task] Starting | pid=94307 | item=33 | split=cross_subject_d4e53dfb94e4 | representation=statistical__all_standard | model=logistic_regression
[2026-09-18 01:14:21] [Training task] Done | pid=94307 | item=33 | split=cross_subject_d4e53dfb94e4 | representation=statistical__all_standard | model=logistic_regression | elapsed=9s
[2026-09-18 01:14:21] [Training] Progress 33/108 | remaining=75 | elapsed=5.5m | eta≈12.4m
[2026-09-18 01:14:21] [Training task] Starting | pid=94307 | item=34 | split=cross_subject_d4e53dfb94e4 | representation=temporal__all_standard | model=logistic_regression
[2026-09-18 01:14:28] [Training task] Done | pid=94307 | item=34 | split=cross_subject_d4e53dfb94e4 | representation=temporal__all_standard | model=logistic_regression | elapsed=7s
[2026-09-18 01:14:28] [Training] Progress 34/108 | remaining=74 | elapsed=5.6m | eta≈12.1m
[2026-09-18 01:14:28] [Training task] Starting | pid=94307 | item=35 | split=cross_subject_d4e53dfb94e4 | representation=csp_6__all_standard | model=logistic_regression
[2026-09-18 01:14:32] [Training task] Done | pid=94307 | item=35 | split=cross_subject_d4e53dfb94e4 | representation=csp_6__all_standard | model=logistic_regression | elapsed=4s
[2026-09-18 01:14:32] [Training] Progress 35/108 | remaining=73 | elapsed=5.7m | eta≈11.8m
[2026-09-18 01:14:32] [Training task] Starting | pid=94307 | item=36 | split=cross_subject_d4e53dfb94e4 | representation=standardized_signal | model=eegnet
[2026-09-18 01:14:49] [Training task] Done | pid=94307 | item=36 | split=cross_subject_d4e53dfb94e4 | representation=standardized_signal | model=eegnet | elapsed=17s
[2026-09-18 01:14:49] [Training] Progress 36/108 | remaining=72 | elapsed=5.9m | eta≈11.9m
[2026-09-18 01:14:49] [Training task] Starting | pid=94307 | item=37 | split=cross_subject_2f0c6c9e6270 | representation=statistical__all_standard | model=logistic_regression
[2026-09-18 01:14:57] [Training task] Done | pid=94307 | item=37 | split=cross_subject_2f0c6c9e6270 | representation=statistical__all_standard | model=logistic_regression | elapsed=8s
[2026-09-18 01:14:57] [Training] Progress 37/108 | remaining=71 | elapsed=6.1m | eta≈11.7m
[2026-09-18 01:14:57] [Training task] Starting | pid=94307 | item=38 | split=cross_subject_2f0c6c9e6270 | representation=temporal__all_standard | model=logistic_regression
[2026-09-18 01:15:03] [Training task] Done | pid=94307 | item=38 | split=cross_subject_2f0c6c9e6270 | representation=temporal__all_standard | model=logistic_regression | elapsed=6s
[2026-09-18 01:15:03] [Training] Progress 38/108 | remaining=70 | elapsed=6.2m | eta≈11.4m
[2026-09-18 01:15:03] [Training task] Starting | pid=94307 | item=39 | split=cross_subject_2f0c6c9e6270 | representation=csp_6__all_standard | model=logistic_regression
[2026-09-18 01:15:08] [Training task] Done | pid=94307 | item=39 | split=cross_subject_2f0c6c9e6270 | representation=csp_6__all_standard | model=logistic_regression | elapsed=5s
[2026-09-18 01:15:08] [Training] Progress 39/108 | remaining=69 | elapsed=6.2m | eta≈11.1m
[2026-09-18 01:15:08] [Training task] Starting | pid=94307 | item=40 | split=cross_subject_2f0c6c9e6270 | representation=standardized_signal | model=eegnet
[2026-09-18 01:15:25] [Training task] Done | pid=94307 | item=40 | split=cross_subject_2f0c6c9e6270 | representation=standardized_signal | model=eegnet | elapsed=17s
[2026-09-18 01:15:25] [Training] Progress 40/108 | remaining=68 | elapsed=6.5m | eta≈11.1m
[2026-09-18 01:15:25] [Training task] Starting | pid=94307 | item=41 | split=cross_subject_d591024e24da | representation=statistical__all_standard | model=logistic_regression
[2026-09-18 01:15:33] [Training task] Done | pid=94307 | item=41 | split=cross_subject_d591024e24da | representation=statistical__all_standard | model=logistic_regression | elapsed=8s
[2026-09-18 01:15:33] [Training] Progress 41/108 | remaining=67 | elapsed=6.7m | eta≈10.9m
[2026-09-18 01:15:33] [Training task] Starting | pid=94307 | item=42 | split=cross_subject_d591024e24da | representation=temporal__all_standard | model=logistic_regression
[2026-09-18 01:15:37] [Training task] Done | pid=94307 | item=42 | split=cross_subject_d591024e24da | representation=temporal__all_standard | model=logistic_regression | elapsed=4s
[2026-09-18 01:15:37] [Training] Progress 42/108 | remaining=66 | elapsed=6.7m | eta≈10.6m
[2026-09-18 01:15:37] [Training task] Starting | pid=94307 | item=43 | split=cross_subject_d591024e24da | representation=csp_6__all_standard | model=logistic_regression
[2026-09-18 01:15:41] [Training task] Done | pid=94307 | item=43 | split=cross_subject_d591024e24da | representation=csp_6__all_standard | model=logistic_regression | elapsed=4s
[2026-09-18 01:15:41] [Training] Progress 43/108 | remaining=65 | elapsed=6.8m | eta≈10.3m
[2026-09-18 01:15:41] [Training task] Starting | pid=94307 | item=44 | split=cross_subject_d591024e24da | representation=standardized_signal | model=eegnet
[2026-09-18 01:15:57] [Training task] Done | pid=94307 | item=44 | split=cross_subject_d591024e24da | representation=standardized_signal | model=eegnet | elapsed=16s
[2026-09-18 01:15:57] [Training] Progress 44/108 | remaining=64 | elapsed=7.1m | eta≈10.3m
[2026-09-18 01:15:57] [Training task] Starting | pid=94307 | item=45 | split=cross_subject_86ae1443d8ba | representation=statistical__all_standard | model=logistic_regression
[2026-09-18 01:16:07] [Training task] Done | pid=94307 | item=45 | split=cross_subject_86ae1443d8ba | representation=statistical__all_standard | model=logistic_regression | elapsed=9s
[2026-09-18 01:16:07] [Training] Progress 45/108 | remaining=63 | elapsed=7.2m | eta≈10.1m
[2026-09-18 01:16:07] [Training task] Starting | pid=94307 | item=46 | split=cross_subject_86ae1443d8ba | representation=temporal__all_standard | model=logistic_regression
[2026-09-18 01:16:13] [Training task] Done | pid=94307 | item=46 | split=cross_subject_86ae1443d8ba | representation=temporal__all_standard | model=logistic_regression | elapsed=6s
[2026-09-18 01:16:13] [Training] Progress 46/108 | remaining=62 | elapsed=7.3m | eta≈9.9m
[2026-09-18 01:16:13] [Training task] Starting | pid=94307 | item=47 | split=cross_subject_86ae1443d8ba | representation=csp_6__all_standard | model=logistic_regression
[2026-09-18 01:16:17] [Training task] Done | pid=94307 | item=47 | split=cross_subject_86ae1443d8ba | representation=csp_6__all_standard | model=logistic_regression | elapsed=4s
[2026-09-18 01:16:17] [Training] Progress 47/108 | remaining=61 | elapsed=7.4m | eta≈9.6m
[2026-09-18 01:16:17] [Training task] Starting | pid=94307 | item=48 | split=cross_subject_86ae1443d8ba | representation=standardized_signal | model=eegnet
[2026-09-18 01:16:34] [Training task] Done | pid=94307 | item=48 | split=cross_subject_86ae1443d8ba | representation=standardized_signal | model=eegnet | elapsed=17s
[2026-09-18 01:16:34] [Training] Progress 48/108 | remaining=60 | elapsed=7.7m | eta≈9.6m
[2026-09-18 01:16:34] [Training task] Starting | pid=94307 | item=49 | split=cross_subject_4651bb4c7a87 | representation=statistical__all_standard | model=logistic_regression
[2026-09-18 01:16:43] [Training task] Done | pid=94307 | item=49 | split=cross_subject_4651bb4c7a87 | representation=statistical__all_standard | model=logistic_regression | elapsed=8s
[2026-09-18 01:16:43] [Training] Progress 49/108 | remaining=59 | elapsed=7.8m | eta≈9.4m
[2026-09-18 01:16:43] [Training task] Starting | pid=94307 | item=50 | split=cross_subject_4651bb4c7a87 | representation=temporal__all_standard | model=logistic_regression
[2026-09-18 01:16:48] [Training task] Done | pid=94307 | item=50 | split=cross_subject_4651bb4c7a87 | representation=temporal__all_standard | model=logistic_regression | elapsed=6s
[2026-09-18 01:16:48] [Training] Progress 50/108 | remaining=58 | elapsed=7.9m | eta≈9.2m
[2026-09-18 01:16:48] [Training task] Starting | pid=94307 | item=51 | split=cross_subject_4651bb4c7a87 | representation=csp_6__all_standard | model=logistic_regression
[2026-09-18 01:16:53] [Training task] Done | pid=94307 | item=51 | split=cross_subject_4651bb4c7a87 | representation=csp_6__all_standard | model=logistic_regression | elapsed=5s
[2026-09-18 01:16:53] [Training] Progress 51/108 | remaining=57 | elapsed=8.0m | eta≈8.9m
[2026-09-18 01:16:53] [Training task] Starting | pid=94307 | item=52 | split=cross_subject_4651bb4c7a87 | representation=standardized_signal | model=eegnet
[2026-09-18 01:17:10] [Training task] Done | pid=94307 | item=52 | split=cross_subject_4651bb4c7a87 | representation=standardized_signal | model=eegnet | elapsed=17s
[2026-09-18 01:17:10] [Training] Progress 52/108 | remaining=56 | elapsed=8.3m | eta≈8.9m
[2026-09-18 01:17:10] [Training task] Starting | pid=94307 | item=53 | split=cross_subject_a8c7b5ef7996 | representation=statistical__all_standard | model=logistic_regression
[2026-09-18 01:17:19] [Training task] Done | pid=94307 | item=53 | split=cross_subject_a8c7b5ef7996 | representation=statistical__all_standard | model=logistic_regression | elapsed=9s
[2026-09-18 01:17:19] [Training] Progress 53/108 | remaining=55 | elapsed=8.4m | eta≈8.7m
[2026-09-18 01:17:19] [Training task] Starting | pid=94307 | item=54 | split=cross_subject_a8c7b5ef7996 | representation=temporal__all_standard | model=logistic_regression
[2026-09-18 01:17:24] [Training task] Done | pid=94307 | item=54 | split=cross_subject_a8c7b5ef7996 | representation=temporal__all_standard | model=logistic_regression | elapsed=5s
[2026-09-18 01:17:24] [Training] Progress 54/108 | remaining=54 | elapsed=8.5m | eta≈8.5m
[2026-09-18 01:17:24] [Training task] Starting | pid=94307 | item=55 | split=cross_subject_a8c7b5ef7996 | representation=csp_6__all_standard | model=logistic_regression
[2026-09-18 01:17:29] [Training task] Done | pid=94307 | item=55 | split=cross_subject_a8c7b5ef7996 | representation=csp_6__all_standard | model=logistic_regression | elapsed=5s
[2026-09-18 01:17:29] [Training] Progress 55/108 | remaining=53 | elapsed=8.6m | eta≈8.3m
[2026-09-18 01:17:29] [Training task] Starting | pid=94307 | item=56 | split=cross_subject_a8c7b5ef7996 | representation=standardized_signal | model=eegnet
[2026-09-18 01:17:46] [Training task] Done | pid=94307 | item=56 | split=cross_subject_a8c7b5ef7996 | representation=standardized_signal | model=eegnet | elapsed=17s
[2026-09-18 01:17:46] [Training] Progress 56/108 | remaining=52 | elapsed=8.9m | eta≈8.2m
[2026-09-18 01:17:46] [Training task] Starting | pid=94307 | item=57 | split=cross_subject_41ec72bf7413 | representation=statistical__all_standard | model=logistic_regression
[2026-09-18 01:17:55] [Training task] Done | pid=94307 | item=57 | split=cross_subject_41ec72bf7413 | representation=statistical__all_standard | model=logistic_regression | elapsed=9s
[2026-09-18 01:17:55] [Training] Progress 57/108 | remaining=51 | elapsed=9.0m | eta≈8.1m
[2026-09-18 01:17:55] [Training task] Starting | pid=94307 | item=58 | split=cross_subject_41ec72bf7413 | representation=temporal__all_standard | model=logistic_regression
[2026-09-18 01:18:01] [Training task] Done | pid=94307 | item=58 | split=cross_subject_41ec72bf7413 | representation=temporal__all_standard | model=logistic_regression | elapsed=6s
[2026-09-18 01:18:01] [Training] Progress 58/108 | remaining=50 | elapsed=9.1m | eta≈7.9m
[2026-09-18 01:18:01] [Training task] Starting | pid=94307 | item=59 | split=cross_subject_41ec72bf7413 | representation=csp_6__all_standard | model=logistic_regression
[2026-09-18 01:18:05] [Training task] Done | pid=94307 | item=59 | split=cross_subject_41ec72bf7413 | representation=csp_6__all_standard | model=logistic_regression | elapsed=4s
[2026-09-18 01:18:05] [Training] Progress 59/108 | remaining=49 | elapsed=9.2m | eta≈7.6m
[2026-09-18 01:18:05] [Training task] Starting | pid=94307 | item=60 | split=cross_subject_41ec72bf7413 | representation=standardized_signal | model=eegnet
[2026-09-18 01:18:21] [Training task] Done | pid=94307 | item=60 | split=cross_subject_41ec72bf7413 | representation=standardized_signal | model=eegnet | elapsed=16s
[2026-09-18 01:18:21] [Training] Progress 60/108 | remaining=48 | elapsed=9.5m | eta≈7.6m
[2026-09-18 01:18:21] [Training task] Starting | pid=94307 | item=61 | split=cross_subject_d7a080b3ea81 | representation=statistical__all_standard | model=logistic_regression
[2026-09-18 01:18:30] [Training task] Done | pid=94307 | item=61 | split=cross_subject_d7a080b3ea81 | representation=statistical__all_standard | model=logistic_regression | elapsed=9s
[2026-09-18 01:18:30] [Training] Progress 61/108 | remaining=47 | elapsed=9.6m | eta≈7.4m
[2026-09-18 01:18:30] [Training task] Starting | pid=94307 | item=62 | split=cross_subject_d7a080b3ea81 | representation=temporal__all_standard | model=logistic_regression
[2026-09-18 01:18:36] [Training task] Done | pid=94307 | item=62 | split=cross_subject_d7a080b3ea81 | representation=temporal__all_standard | model=logistic_regression | elapsed=5s
[2026-09-18 01:18:36] [Training] Progress 62/108 | remaining=46 | elapsed=9.7m | eta≈7.2m
[2026-09-18 01:18:36] [Training task] Starting | pid=94307 | item=63 | split=cross_subject_d7a080b3ea81 | representation=csp_6__all_standard | model=logistic_regression
[2026-09-18 01:18:41] [Training task] Done | pid=94307 | item=63 | split=cross_subject_d7a080b3ea81 | representation=csp_6__all_standard | model=logistic_regression | elapsed=5s
[2026-09-18 01:18:41] [Training] Progress 63/108 | remaining=45 | elapsed=9.8m | eta≈7.0m
[2026-09-18 01:18:41] [Training task] Starting | pid=94307 | item=64 | split=cross_subject_d7a080b3ea81 | representation=standardized_signal | model=eegnet
[2026-09-18 01:18:58] [Training task] Done | pid=94307 | item=64 | split=cross_subject_d7a080b3ea81 | representation=standardized_signal | model=eegnet | elapsed=17s
[2026-09-18 01:18:58] [Training] Progress 64/108 | remaining=44 | elapsed=10.1m | eta≈6.9m
[2026-09-18 01:18:58] [Training task] Starting | pid=94307 | item=65 | split=cross_subject_88683bbd824f | representation=statistical__all_standard | model=logistic_regression
[2026-09-18 01:19:07] [Training task] Done | pid=94307 | item=65 | split=cross_subject_88683bbd824f | representation=statistical__all_standard | model=logistic_regression | elapsed=9s
[2026-09-18 01:19:07] [Training] Progress 65/108 | remaining=43 | elapsed=10.2m | eta≈6.8m
[2026-09-18 01:19:07] [Training task] Starting | pid=94307 | item=66 | split=cross_subject_88683bbd824f | representation=temporal__all_standard | model=logistic_regression
[2026-09-18 01:19:12] [Training task] Done | pid=94307 | item=66 | split=cross_subject_88683bbd824f | representation=temporal__all_standard | model=logistic_regression | elapsed=5s
[2026-09-18 01:19:12] [Training] Progress 66/108 | remaining=42 | elapsed=10.3m | eta≈6.6m
[2026-09-18 01:19:12] [Training task] Starting | pid=94307 | item=67 | split=cross_subject_88683bbd824f | representation=csp_6__all_standard | model=logistic_regression
[2026-09-18 01:19:17] [Training task] Done | pid=94307 | item=67 | split=cross_subject_88683bbd824f | representation=csp_6__all_standard | model=logistic_regression | elapsed=4s
[2026-09-18 01:19:17] [Training] Progress 67/108 | remaining=41 | elapsed=10.4m | eta≈6.4m
[2026-09-18 01:19:17] [Training task] Starting | pid=94307 | item=68 | split=cross_subject_88683bbd824f | representation=standardized_signal | model=eegnet
[2026-09-18 01:19:34] [Training task] Done | pid=94307 | item=68 | split=cross_subject_88683bbd824f | representation=standardized_signal | model=eegnet | elapsed=18s
[2026-09-18 01:19:34] [Training] Progress 68/108 | remaining=40 | elapsed=10.7m | eta≈6.3m
[2026-09-18 01:19:34] [Training task] Starting | pid=94307 | item=69 | split=cross_subject_d4e53dfb94e4 | representation=statistical__all_standard | model=logistic_regression
[2026-09-18 01:19:43] [Training task] Done | pid=94307 | item=69 | split=cross_subject_d4e53dfb94e4 | representation=statistical__all_standard | model=logistic_regression | elapsed=9s
[2026-09-18 01:19:43] [Training] Progress 69/108 | remaining=39 | elapsed=10.8m | eta≈6.1m
[2026-09-18 01:19:43] [Training task] Starting | pid=94307 | item=70 | split=cross_subject_d4e53dfb94e4 | representation=temporal__all_standard | model=logistic_regression
[2026-09-18 01:19:49] [Training task] Done | pid=94307 | item=70 | split=cross_subject_d4e53dfb94e4 | representation=temporal__all_standard | model=logistic_regression | elapsed=5s
[2026-09-18 01:19:49] [Training] Progress 70/108 | remaining=38 | elapsed=10.9m | eta≈5.9m
[2026-09-18 01:19:49] [Training task] Starting | pid=94307 | item=71 | split=cross_subject_d4e53dfb94e4 | representation=csp_6__all_standard | model=logistic_regression
[2026-09-18 01:19:53] [Training task] Done | pid=94307 | item=71 | split=cross_subject_d4e53dfb94e4 | representation=csp_6__all_standard | model=logistic_regression | elapsed=4s
[2026-09-18 01:19:53] [Training] Progress 71/108 | remaining=37 | elapsed=11.0m | eta≈5.7m
[2026-09-18 01:19:53] [Training task] Starting | pid=94307 | item=72 | split=cross_subject_d4e53dfb94e4 | representation=standardized_signal | model=eegnet
[2026-09-18 01:20:10] [Training task] Done | pid=94307 | item=72 | split=cross_subject_d4e53dfb94e4 | representation=standardized_signal | model=eegnet | elapsed=17s
[2026-09-18 01:20:10] [Training] Progress 72/108 | remaining=36 | elapsed=11.3m | eta≈5.6m
[2026-09-18 01:20:10] [Training task] Starting | pid=94307 | item=73 | split=cross_subject_2f0c6c9e6270 | representation=statistical__all_standard | model=logistic_regression
[2026-09-18 01:20:20] [Training task] Done | pid=94307 | item=73 | split=cross_subject_2f0c6c9e6270 | representation=statistical__all_standard | model=logistic_regression | elapsed=10s
[2026-09-18 01:20:20] [Training] Progress 73/108 | remaining=35 | elapsed=11.5m | eta≈5.5m
[2026-09-18 01:20:20] [Training task] Starting | pid=94307 | item=74 | split=cross_subject_2f0c6c9e6270 | representation=temporal__all_standard | model=logistic_regression
[2026-09-18 01:20:27] [Training task] Done | pid=94307 | item=74 | split=cross_subject_2f0c6c9e6270 | representation=temporal__all_standard | model=logistic_regression | elapsed=7s
[2026-09-18 01:20:27] [Training] Progress 74/108 | remaining=34 | elapsed=11.6m | eta≈5.3m
[2026-09-18 01:20:27] [Training task] Starting | pid=94307 | item=75 | split=cross_subject_2f0c6c9e6270 | representation=csp_6__all_standard | model=logistic_regression
[2026-09-18 01:20:31] [Training task] Done | pid=94307 | item=75 | split=cross_subject_2f0c6c9e6270 | representation=csp_6__all_standard | model=logistic_regression | elapsed=4s
[2026-09-18 01:20:31] [Training] Progress 75/108 | remaining=33 | elapsed=11.6m | eta≈5.1m
[2026-09-18 01:20:31] [Training task] Starting | pid=94307 | item=76 | split=cross_subject_2f0c6c9e6270 | representation=standardized_signal | model=eegnet
[2026-09-18 01:20:49] [Training task] Done | pid=94307 | item=76 | split=cross_subject_2f0c6c9e6270 | representation=standardized_signal | model=eegnet | elapsed=17s
[2026-09-18 01:20:49] [Training] Progress 76/108 | remaining=32 | elapsed=11.9m | eta≈5.0m
[2026-09-18 01:20:49] [Training task] Starting | pid=94307 | item=77 | split=cross_subject_d591024e24da | representation=statistical__all_standard | model=logistic_regression
[2026-09-18 01:20:58] [Training task] Done | pid=94307 | item=77 | split=cross_subject_d591024e24da | representation=statistical__all_standard | model=logistic_regression | elapsed=9s
[2026-09-18 01:20:58] [Training] Progress 77/108 | remaining=31 | elapsed=12.1m | eta≈4.9m
[2026-09-18 01:20:58] [Training task] Starting | pid=94307 | item=78 | split=cross_subject_d591024e24da | representation=temporal__all_standard | model=logistic_regression
[2026-09-18 01:21:03] [Training task] Done | pid=94307 | item=78 | split=cross_subject_d591024e24da | representation=temporal__all_standard | model=logistic_regression | elapsed=6s
[2026-09-18 01:21:03] [Training] Progress 78/108 | remaining=30 | elapsed=12.2m | eta≈4.7m
[2026-09-18 01:21:03] [Training task] Starting | pid=94307 | item=79 | split=cross_subject_d591024e24da | representation=csp_6__all_standard | model=logistic_regression
[2026-09-18 01:21:07] [Training task] Done | pid=94307 | item=79 | split=cross_subject_d591024e24da | representation=csp_6__all_standard | model=logistic_regression | elapsed=4s
[2026-09-18 01:21:07] [Training] Progress 79/108 | remaining=29 | elapsed=12.2m | eta≈4.5m
[2026-09-18 01:21:07] [Training task] Starting | pid=94307 | item=80 | split=cross_subject_d591024e24da | representation=standardized_signal | model=eegnet
[2026-09-18 01:21:24] [Training task] Done | pid=94307 | item=80 | split=cross_subject_d591024e24da | representation=standardized_signal | model=eegnet | elapsed=17s
[2026-09-18 01:21:24] [Training] Progress 80/108 | remaining=28 | elapsed=12.5m | eta≈4.4m
[2026-09-18 01:21:24] [Training task] Starting | pid=94307 | item=81 | split=cross_subject_86ae1443d8ba | representation=statistical__all_standard | model=logistic_regression
[2026-09-18 01:21:33] [Training task] Done | pid=94307 | item=81 | split=cross_subject_86ae1443d8ba | representation=statistical__all_standard | model=logistic_regression | elapsed=9s
[2026-09-18 01:21:33] [Training] Progress 81/108 | remaining=27 | elapsed=12.7m | eta≈4.2m
[2026-09-18 01:21:33] [Training task] Starting | pid=94307 | item=82 | split=cross_subject_86ae1443d8ba | representation=temporal__all_standard | model=logistic_regression
[2026-09-18 01:21:40] [Training task] Done | pid=94307 | item=82 | split=cross_subject_86ae1443d8ba | representation=temporal__all_standard | model=logistic_regression | elapsed=7s
[2026-09-18 01:21:40] [Training] Progress 82/108 | remaining=26 | elapsed=12.8m | eta≈4.1m
[2026-09-18 01:21:40] [Training task] Starting | pid=94307 | item=83 | split=cross_subject_86ae1443d8ba | representation=csp_6__all_standard | model=logistic_regression
[2026-09-18 01:21:44] [Training task] Done | pid=94307 | item=83 | split=cross_subject_86ae1443d8ba | representation=csp_6__all_standard | model=logistic_regression | elapsed=4s
[2026-09-18 01:21:44] [Training] Progress 83/108 | remaining=25 | elapsed=12.9m | eta≈3.9m
[2026-09-18 01:21:44] [Training task] Starting | pid=94307 | item=84 | split=cross_subject_86ae1443d8ba | representation=standardized_signal | model=eegnet
[2026-09-18 01:22:02] [Training task] Done | pid=94307 | item=84 | split=cross_subject_86ae1443d8ba | representation=standardized_signal | model=eegnet | elapsed=18s
[2026-09-18 01:22:02] [Training] Progress 84/108 | remaining=24 | elapsed=13.1m | eta≈3.8m
[2026-09-18 01:22:02] [Training task] Starting | pid=94307 | item=85 | split=cross_subject_4651bb4c7a87 | representation=statistical__all_standard | model=logistic_regression
[2026-09-18 01:22:11] [Training task] Done | pid=94307 | item=85 | split=cross_subject_4651bb4c7a87 | representation=statistical__all_standard | model=logistic_regression | elapsed=9s
[2026-09-18 01:22:11] [Training] Progress 85/108 | remaining=23 | elapsed=13.3m | eta≈3.6m
[2026-09-18 01:22:11] [Training task] Starting | pid=94307 | item=86 | split=cross_subject_4651bb4c7a87 | representation=temporal__all_standard | model=logistic_regression
[2026-09-18 01:22:18] [Training task] Done | pid=94307 | item=86 | split=cross_subject_4651bb4c7a87 | representation=temporal__all_standard | model=logistic_regression | elapsed=7s
[2026-09-18 01:22:18] [Training] Progress 86/108 | remaining=22 | elapsed=13.4m | eta≈3.4m
[2026-09-18 01:22:18] [Training task] Starting | pid=94307 | item=87 | split=cross_subject_4651bb4c7a87 | representation=csp_6__all_standard | model=logistic_regression
[2026-09-18 01:22:22] [Training task] Done | pid=94307 | item=87 | split=cross_subject_4651bb4c7a87 | representation=csp_6__all_standard | model=logistic_regression | elapsed=4s
[2026-09-18 01:22:22] [Training] Progress 87/108 | remaining=21 | elapsed=13.5m | eta≈3.3m
[2026-09-18 01:22:22] [Training task] Starting | pid=94307 | item=88 | split=cross_subject_4651bb4c7a87 | representation=standardized_signal | model=eegnet
[2026-09-18 01:22:39] [Training task] Done | pid=94307 | item=88 | split=cross_subject_4651bb4c7a87 | representation=standardized_signal | model=eegnet | elapsed=16s
[2026-09-18 01:22:39] [Training] Progress 88/108 | remaining=20 | elapsed=13.8m | eta≈3.1m
[2026-09-18 01:22:39] [Training task] Starting | pid=94307 | item=89 | split=cross_subject_a8c7b5ef7996 | representation=statistical__all_standard | model=logistic_regression
[2026-09-18 01:22:48] [Training task] Done | pid=94307 | item=89 | split=cross_subject_a8c7b5ef7996 | representation=statistical__all_standard | model=logistic_regression | elapsed=10s
[2026-09-18 01:22:48] [Training] Progress 89/108 | remaining=19 | elapsed=13.9m | eta≈3.0m
[2026-09-18 01:22:48] [Training task] Starting | pid=94307 | item=90 | split=cross_subject_a8c7b5ef7996 | representation=temporal__all_standard | model=logistic_regression
[2026-09-18 01:22:54] [Training task] Done | pid=94307 | item=90 | split=cross_subject_a8c7b5ef7996 | representation=temporal__all_standard | model=logistic_regression | elapsed=6s
[2026-09-18 01:22:54] [Training] Progress 90/108 | remaining=18 | elapsed=14.0m | eta≈2.8m
[2026-09-18 01:22:54] [Training task] Starting | pid=94307 | item=91 | split=cross_subject_a8c7b5ef7996 | representation=csp_6__all_standard | model=logistic_regression
[2026-09-18 01:22:59] [Training task] Done | pid=94307 | item=91 | split=cross_subject_a8c7b5ef7996 | representation=csp_6__all_standard | model=logistic_regression | elapsed=5s
[2026-09-18 01:22:59] [Training] Progress 91/108 | remaining=17 | elapsed=14.1m | eta≈2.6m
[2026-09-18 01:22:59] [Training task] Starting | pid=94307 | item=92 | split=cross_subject_a8c7b5ef7996 | representation=standardized_signal | model=eegnet
[2026-09-18 01:23:16] [Training task] Done | pid=94307 | item=92 | split=cross_subject_a8c7b5ef7996 | representation=standardized_signal | model=eegnet | elapsed=17s
[2026-09-18 01:23:16] [Training] Progress 92/108 | remaining=16 | elapsed=14.4m | eta≈2.5m
[2026-09-18 01:23:16] [Training task] Starting | pid=94307 | item=93 | split=cross_subject_41ec72bf7413 | representation=statistical__all_standard | model=logistic_regression
[2026-09-18 01:23:27] [Training task] Done | pid=94307 | item=93 | split=cross_subject_41ec72bf7413 | representation=statistical__all_standard | model=logistic_regression | elapsed=11s
[2026-09-18 01:23:27] [Training] Progress 93/108 | remaining=15 | elapsed=14.6m | eta≈2.3m
[2026-09-18 01:23:27] [Training task] Starting | pid=94307 | item=94 | split=cross_subject_41ec72bf7413 | representation=temporal__all_standard | model=logistic_regression
[2026-09-18 01:23:32] [Training task] Done | pid=94307 | item=94 | split=cross_subject_41ec72bf7413 | representation=temporal__all_standard | model=logistic_regression | elapsed=5s
[2026-09-18 01:23:32] [Training] Progress 94/108 | remaining=14 | elapsed=14.7m | eta≈2.2m
[2026-09-18 01:23:32] [Training task] Starting | pid=94307 | item=95 | split=cross_subject_41ec72bf7413 | representation=csp_6__all_standard | model=logistic_regression
[2026-09-18 01:23:37] [Training task] Done | pid=94307 | item=95 | split=cross_subject_41ec72bf7413 | representation=csp_6__all_standard | model=logistic_regression | elapsed=4s
[2026-09-18 01:23:37] [Training] Progress 95/108 | remaining=13 | elapsed=14.7m | eta≈2.0m
[2026-09-18 01:23:37] [Training task] Starting | pid=94307 | item=96 | split=cross_subject_41ec72bf7413 | representation=standardized_signal | model=eegnet
[2026-09-18 01:23:56] [Training task] Done | pid=94307 | item=96 | split=cross_subject_41ec72bf7413 | representation=standardized_signal | model=eegnet | elapsed=19s
[2026-09-18 01:23:56] [Training] Progress 96/108 | remaining=12 | elapsed=15.0m | eta≈1.9m
[2026-09-18 01:23:56] [Training task] Starting | pid=94307 | item=97 | split=cross_subject_d7a080b3ea81 | representation=statistical__all_standard | model=logistic_regression
[2026-09-18 01:24:07] [Training task] Done | pid=94307 | item=97 | split=cross_subject_d7a080b3ea81 | representation=statistical__all_standard | model=logistic_regression | elapsed=11s
[2026-09-18 01:24:07] [Training] Progress 97/108 | remaining=11 | elapsed=15.2m | eta≈1.7m
[2026-09-18 01:24:07] [Training task] Starting | pid=94307 | item=98 | split=cross_subject_d7a080b3ea81 | representation=temporal__all_standard | model=logistic_regression
[2026-09-18 01:24:13] [Training task] Done | pid=94307 | item=98 | split=cross_subject_d7a080b3ea81 | representation=temporal__all_standard | model=logistic_regression | elapsed=6s
[2026-09-18 01:24:13] [Training] Progress 98/108 | remaining=10 | elapsed=15.3m | eta≈1.6m
[2026-09-18 01:24:13] [Training task] Starting | pid=94307 | item=99 | split=cross_subject_d7a080b3ea81 | representation=csp_6__all_standard | model=logistic_regression
[2026-09-18 01:24:17] [Training task] Done | pid=94307 | item=99 | split=cross_subject_d7a080b3ea81 | representation=csp_6__all_standard | model=logistic_regression | elapsed=4s
[2026-09-18 01:24:17] [Training] Progress 99/108 | remaining=9 | elapsed=15.4m | eta≈1.4m
[2026-09-18 01:24:17] [Training task] Starting | pid=94307 | item=100 | split=cross_subject_d7a080b3ea81 | representation=standardized_signal | model=eegnet
[2026-09-18 01:24:33] [Training task] Done | pid=94307 | item=100 | split=cross_subject_d7a080b3ea81 | representation=standardized_signal | model=eegnet | elapsed=16s
[2026-09-18 01:24:33] [Training] Progress 100/108 | remaining=8 | elapsed=15.7m | eta≈1.3m
[2026-09-18 01:24:33] [Training task] Starting | pid=94307 | item=101 | split=cross_subject_88683bbd824f | representation=statistical__all_standard | model=logistic_regression
[2026-09-18 01:24:41] [Training task] Done | pid=94307 | item=101 | split=cross_subject_88683bbd824f | representation=statistical__all_standard | model=logistic_regression | elapsed=8s
[2026-09-18 01:24:41] [Training] Progress 101/108 | remaining=7 | elapsed=15.8m | eta≈1.1m
[2026-09-18 01:24:41] [Training task] Starting | pid=94307 | item=102 | split=cross_subject_88683bbd824f | representation=temporal__all_standard | model=logistic_regression
[2026-09-18 01:24:48] [Training task] Done | pid=94307 | item=102 | split=cross_subject_88683bbd824f | representation=temporal__all_standard | model=logistic_regression | elapsed=6s
[2026-09-18 01:24:48] [Training] Progress 102/108 | remaining=6 | elapsed=15.9m | eta≈56s
[2026-09-18 01:24:48] [Training task] Starting | pid=94307 | item=103 | split=cross_subject_88683bbd824f | representation=csp_6__all_standard | model=logistic_regression
[2026-09-18 01:24:53] [Training task] Done | pid=94307 | item=103 | split=cross_subject_88683bbd824f | representation=csp_6__all_standard | model=logistic_regression | elapsed=5s
[2026-09-18 01:24:53] [Training] Progress 103/108 | remaining=5 | elapsed=16.0m | eta≈47s
[2026-09-18 01:24:53] [Training task] Starting | pid=94307 | item=104 | split=cross_subject_88683bbd824f | representation=standardized_signal | model=eegnet
[2026-09-18 01:25:10] [Training task] Done | pid=94307 | item=104 | split=cross_subject_88683bbd824f | representation=standardized_signal | model=eegnet | elapsed=18s
[2026-09-18 01:25:10] [Training] Progress 104/108 | remaining=4 | elapsed=16.3m | eta≈38s
[2026-09-18 01:25:10] [Training task] Starting | pid=94307 | item=105 | split=cross_subject_d4e53dfb94e4 | representation=statistical__all_standard | model=logistic_regression
[2026-09-18 01:25:20] [Training task] Done | pid=94307 | item=105 | split=cross_subject_d4e53dfb94e4 | representation=statistical__all_standard | model=logistic_regression | elapsed=10s
[2026-09-18 01:25:20] [Training] Progress 105/108 | remaining=3 | elapsed=16.5m | eta≈28s
[2026-09-18 01:25:20] [Training task] Starting | pid=94307 | item=106 | split=cross_subject_d4e53dfb94e4 | representation=temporal__all_standard | model=logistic_regression
[2026-09-18 01:25:27] [Training task] Done | pid=94307 | item=106 | split=cross_subject_d4e53dfb94e4 | representation=temporal__all_standard | model=logistic_regression | elapsed=7s
[2026-09-18 01:25:27] [Training] Progress 106/108 | remaining=2 | elapsed=16.6m | eta≈19s
[2026-09-18 01:25:27] [Training task] Starting | pid=94307 | item=107 | split=cross_subject_d4e53dfb94e4 | representation=csp_6__all_standard | model=logistic_regression
[2026-09-18 01:25:31] [Training task] Done | pid=94307 | item=107 | split=cross_subject_d4e53dfb94e4 | representation=csp_6__all_standard | model=logistic_regression | elapsed=4s
[2026-09-18 01:25:31] [Training] Progress 107/108 | remaining=1 | elapsed=16.6m | eta≈9s
[2026-09-18 01:25:31] [Training task] Starting | pid=94307 | item=108 | split=cross_subject_d4e53dfb94e4 | representation=standardized_signal | model=eegnet
[2026-09-18 01:25:49] [Training task] Done | pid=94307 | item=108 | split=cross_subject_d4e53dfb94e4 | representation=standardized_signal | model=eegnet | elapsed=18s
[2026-09-18 01:25:49] [Training] Progress 108/108 | remaining=0 | elapsed=16.9m | eta≈0s
[2026-09-18 01:25:49] [Training] Done | elapsed=16.9m
[2026-09-18 01:25:49] [Evaluation] Starting...
[Evaluation] 1/108 models[Evaluation] 2/108 models[Evaluation] 3/108 models[Evaluation] 4/108 models[Evaluation] 5/108 models[Evaluation] 6/108 models[Evaluation] 7/108 models[Evaluation] 8/108 models[Evaluation] 9/108 models[Evaluation] 10/108 models[Evaluation] 11/108 models[Evaluation] 12/108 models[Evaluation] 13/108 models[Evaluation] 14/108 models[Evaluation] 15/108 models[Evaluation] 16/108 models[Evaluation] 17/108 models[Evaluation] 18/108 models[Evaluation] 19/108 models[Evaluation] 20/108 models[Evaluation] 21/108 models[Evaluation] 22/108 models[Evaluation] 23/108 models
Traceback (most recent call last):
  File "/Users/edsonodake/Library/Mobile Documents/com~apple~CloudDocs/Documents/Doutorado/Code/2026/Code Paper 2 Git/EEG-Experiments/main/feature_grid/main.py", line 352, in <module>
    main(parser.parse_args().params)
  File "/Users/edsonodake/Library/Mobile Documents/com~apple~CloudDocs/Documents/Doutorado/Code/2026/Code Paper 2 Git/EEG-Experiments/main/feature_grid/main.py", line 316, in main
    model_results = _run_stage(
                    ^^^^^^^^^^^
  File "/Users/edsonodake/Library/Mobile Documents/com~apple~CloudDocs/Documents/Doutorado/Code/2026/Code Paper 2 Git/EEG-Experiments/main/feature_grid/main.py", line 56, in _run_stage
    result = function(*args)
             ^^^^^^^^^^^^^^^
  File "/Users/edsonodake/Library/Mobile Documents/com~apple~CloudDocs/Documents/Doutorado/Code/2026/Code Paper 2 Git/EEG-Experiments/main/feature_grid/main.py", line 258, in evaluation_stage
    return run_model_evaluation({scenario: models}, params)
           ^^^^^^^^^^^^^^^^^^^^^^^^^^^^^^^^^^^^^^^^^^^^^^^^
  File "/Users/edsonodake/Library/Mobile Documents/com~apple~CloudDocs/Documents/Doutorado/Code/2026/Code Paper 2 Git/EEG-Experiments/pipeline/evaluation/model_results.py", line 284, in run_model_evaluation
    learner = load_pickle(
              ^^^^^^^^^^^^
  File "/Users/edsonodake/Library/Mobile Documents/com~apple~CloudDocs/Documents/Doutorado/Code/2026/Code Paper 2 Git/EEG-Experiments/utils/storage.py", line 199, in load_pickle
    return _DeviceUnpickler(file, map_location).load()
           ^^^^^^^^^^^^^^^^^^^^^^^^^^^^^^^^^^^^^^^^^^^
EOFError: Ran out of input
